Component: ARM Compiler 5.06 update 7 (build 960) Tool: armlink [4d3601]

==============================================================================

Section Cross References

    startup_stm32u083xx.o(RESET) refers to startup_stm32u083xx.o(STACK) for __initial_sp
    startup_stm32u083xx.o(RESET) refers to startup_stm32u083xx.o(.text) for Reset_Handler
    startup_stm32u083xx.o(RESET) refers to stm32u0xx_it.o(i.NMI_Handler) for NMI_Handler
    startup_stm32u083xx.o(RESET) refers to stm32u0xx_it.o(i.HardFault_Handler) for HardFault_Handler
    startup_stm32u083xx.o(RESET) refers to port.o(i.SVC_Handler) for SVC_Handler
    startup_stm32u083xx.o(RESET) refers to port.o(.emb_text) for PendSV_Handler
    startup_stm32u083xx.o(RESET) refers to stm32u0xx_it.o(i.SysTick_Handler) for SysTick_Handler
    startup_stm32u083xx.o(RESET) refers to stm32u0xx_it.o(i.USART1_IRQHandler) for USART1_IRQHandler
    startup_stm32u083xx.o(.text) refers to system_stm32u0xx.o(i.SystemInit) for SystemInit
    startup_stm32u083xx.o(.text) refers to entry.o(.ARM.Collect$$$$00000000) for __main
    main.o(i.SystemClock_Config) refers to memseta.o(.text) for __aeabi_memclr4
    main.o(i.SystemClock_Config) refers to stm32u0xx_hal_pwr_ex.o(i.HAL_PWREx_ControlVoltageScaling) for HAL_PWREx_ControlVoltageScaling
    main.o(i.SystemClock_Config) refers to stm32u0xx_hal_rcc.o(i.HAL_RCC_OscConfig) for HAL_RCC_OscConfig
    main.o(i.SystemClock_Config) refers to main.o(i.Error_Handler) for Error_Handler
    main.o(i.SystemClock_Config) refers to stm32u0xx_hal_rcc.o(i.HAL_RCC_ClockConfig) for HAL_RCC_ClockConfig
    main.o(i.app_init) refers to tasks.o(i.xTaskCreate) for xTaskCreate
    main.o(i.app_init) refers to main.o(.data) for m_app_thread
    main.o(i.app_init) refers to main.o(i.app_thread) for app_thread
    main.o(i.app_thread) refers to tasks.o(i.vTaskDelay) for vTaskDelay
    main.o(i.delay_ms) refers to main.o(i.delay_us) for delay_us
    main.o(i.fgetc) refers to stm32u0xx_hal_uart.o(i.HAL_UART_Receive) for HAL_UART_Receive
    main.o(i.fgetc) refers to usart.o(.bss) for usart1
    main.o(i.fputc) refers to stm32u0xx_hal_uart.o(i.HAL_UART_Transmit) for HAL_UART_Transmit
    main.o(i.fputc) refers to usart.o(.bss) for usart1
    main.o(i.main) refers to stm32u0xx_hal.o(i.HAL_Init) for HAL_Init
    main.o(i.main) refers to main.o(i.SystemClock_Config) for SystemClock_Config
    main.o(i.main) refers to gpio.o(i.MX_GPIO_Init) for MX_GPIO_Init
    main.o(i.main) refers to usart.o(i.MX_LPUART1_UART_Init) for MX_LPUART1_UART_Init
    main.o(i.main) refers to led.o(i.led_init) for led_init
    main.o(i.main) refers to shell_port.o(i.userShellInit) for userShellInit
    main.o(i.main) refers to main.o(i.app_init) for app_init
    main.o(i.main) refers to tasks.o(i.vTaskStartScheduler) for vTaskStartScheduler
    gpio.o(i.MX_GPIO_Init) refers to memseta.o(.text) for __aeabi_memclr4
    gpio.o(i.MX_GPIO_Init) refers to stm32u0xx_hal_gpio.o(i.HAL_GPIO_WritePin) for HAL_GPIO_WritePin
    gpio.o(i.MX_GPIO_Init) refers to stm32u0xx_hal_gpio.o(i.HAL_GPIO_Init) for HAL_GPIO_Init
    usart.o(i.HAL_UART_MspDeInit) refers to stm32u0xx_hal_gpio.o(i.HAL_GPIO_DeInit) for HAL_GPIO_DeInit
    usart.o(i.HAL_UART_MspDeInit) refers to stm32u0xx_hal_cortex.o(i.HAL_NVIC_DisableIRQ) for HAL_NVIC_DisableIRQ
    usart.o(i.HAL_UART_MspInit) refers to memseta.o(.text) for __aeabi_memclr4
    usart.o(i.HAL_UART_MspInit) refers to stm32u0xx_hal_rcc_ex.o(i.HAL_RCCEx_PeriphCLKConfig) for HAL_RCCEx_PeriphCLKConfig
    usart.o(i.HAL_UART_MspInit) refers to main.o(i.Error_Handler) for Error_Handler
    usart.o(i.HAL_UART_MspInit) refers to stm32u0xx_hal_gpio.o(i.HAL_GPIO_Init) for HAL_GPIO_Init
    usart.o(i.HAL_UART_MspInit) refers to stm32u0xx_hal_cortex.o(i.HAL_NVIC_SetPriority) for HAL_NVIC_SetPriority
    usart.o(i.HAL_UART_MspInit) refers to stm32u0xx_hal_cortex.o(i.HAL_NVIC_EnableIRQ) for HAL_NVIC_EnableIRQ
    usart.o(i.MX_LPUART1_UART_Init) refers to stm32u0xx_hal_uart.o(i.HAL_UART_Init) for HAL_UART_Init
    usart.o(i.MX_LPUART1_UART_Init) refers to main.o(i.Error_Handler) for Error_Handler
    usart.o(i.MX_LPUART1_UART_Init) refers to stm32u0xx_hal_uart_ex.o(i.HAL_UARTEx_SetTxFifoThreshold) for HAL_UARTEx_SetTxFifoThreshold
    usart.o(i.MX_LPUART1_UART_Init) refers to stm32u0xx_hal_uart_ex.o(i.HAL_UARTEx_SetRxFifoThreshold) for HAL_UARTEx_SetRxFifoThreshold
    usart.o(i.MX_LPUART1_UART_Init) refers to stm32u0xx_hal_uart_ex.o(i.HAL_UARTEx_DisableFifoMode) for HAL_UARTEx_DisableFifoMode
    usart.o(i.MX_LPUART1_UART_Init) refers to usart.o(.bss) for usart1
    stm32u0xx_it.o(i.HAL_UART_RxCpltCallback) refers to stm32u0xx_hal_uart.o(i.HAL_UART_Transmit) for HAL_UART_Transmit
    stm32u0xx_it.o(i.HAL_UART_RxCpltCallback) refers to stm32u0xx_hal_uart.o(i.HAL_UART_Receive_IT) for HAL_UART_Receive_IT
    stm32u0xx_it.o(i.HAL_UART_RxCpltCallback) refers to stm32u0xx_it.o(.bss) for Buffer
[...]
    i.HAL_UARTEx_WakeupCallback              0x08002140   Section        0  stm32u0xx_hal_uart_ex.o(i.HAL_UARTEx_WakeupCallback)
    i.HAL_UART_ErrorCallback                 0x08002142   Section        0  stm32u0xx_hal_uart.o(i.HAL_UART_ErrorCallback)
    i.HAL_UART_IRQHandler                    0x08002144   Section        0  stm32u0xx_hal_uart.o(i.HAL_UART_IRQHandler)
    i.HAL_UART_Init                          0x0800258a   Section        0  stm32u0xx_hal_uart.o(i.HAL_UART_Init)
    i.HAL_UART_MspInit                       0x0800260c   Section        0  usart.o(i.HAL_UART_MspInit)
    i.HAL_UART_Receive                       0x080026b8   Section        0  stm32u0xx_hal_uart.o(i.HAL_UART_Receive)
    i.HAL_UART_Transmit                      0x08002808   Section        0  stm32u0xx_hal_uart.o(i.HAL_UART_Transmit)
    i.HAL_UART_TxCpltCallback                0x080028fa   Section        0  stm32u0xx_hal_uart.o(i.HAL_UART_TxCpltCallback)
    i.HardFault_Handler                      0x080028fc   Section        0  stm32u0xx_it.o(i.HardFault_Handler)
    i.MX_GPIO_Init                           0x08002900   Section        0  gpio.o(i.MX_GPIO_Init)
    i.MX_LPUART1_UART_Init                   0x08002988   Section        0  usart.o(i.MX_LPUART1_UART_Init)
    i.NMI_Handler                            0x08002a08   Section        0  stm32u0xx_it.o(i.NMI_Handler)
    i.RCC_SetFlashLatencyFromMSIRange        0x08002a0c   Section        0  stm32u0xx_hal_rcc.o(i.RCC_SetFlashLatencyFromMSIRange)
    RCC_SetFlashLatencyFromMSIRange          0x08002a0d   Thumb Code   162  stm32u0xx_hal_rcc.o(i.RCC_SetFlashLatencyFromMSIRange)
    i.SVC_Handler                            0x08002ab8   Section        0  port.o(i.SVC_Handler)
    i.SysTick_Handler                        0x08002aba   Section        0  stm32u0xx_it.o(i.SysTick_Handler)
    i.SystemClock_Config                     0x08002ac2   Section        0  main.o(i.SystemClock_Config)
    i.SystemInit                             0x08002b24   Section        0  system_stm32u0xx.o(i.SystemInit)
    i.UARTEx_SetNbDataToProcess              0x08002b6c   Section        0  stm32u0xx_hal_uart_ex.o(i.UARTEx_SetNbDataToProcess)
    UARTEx_SetNbDataToProcess                0x08002b6d   Thumb Code    94  stm32u0xx_hal_uart_ex.o(i.UARTEx_SetNbDataToProcess)
    i.UART_AdvFeatureConfig                  0x08002bd4   Section        0  stm32u0xx_hal_uart.o(i.UART_AdvFeatureConfig)
    i.UART_CheckIdleState                    0x08002cc4   Section        0  stm32u0xx_hal_uart.o(i.UART_CheckIdleState)
    i.UART_DMAAbortOnError                   0x08002dc8   Section        0  stm32u0xx_hal_uart.o(i.UART_DMAAbortOnError)
    UART_DMAAbortOnError                     0x08002dc9   Thumb Code    24  stm32u0xx_hal_uart.o(i.UART_DMAAbortOnError)
    i.UART_EndRxTransfer                     0x08002de0   Section        0  stm32u0xx_hal_uart.o(i.UART_EndRxTransfer)
    UART_EndRxTransfer                       0x08002de1   Thumb Code   128  stm32u0xx_hal_uart.o(i.UART_EndRxTransfer)
    i.UART_EndTransmit_IT                    0x08002e64   Section        0  stm32u0xx_hal_uart.o(i.UART_EndTransmit_IT)
    UART_EndTransmit_IT                      0x08002e65   Thumb Code    56  stm32u0xx_hal_uart.o(i.UART_EndTransmit_IT)
    i.UART_SetConfig                         0x08002e9c   Section        0  stm32u0xx_hal_uart.o(i.UART_SetConfig)
    i.UART_WaitOnFlagUntilTimeout            0x08003130   Section        0  stm32u0xx_hal_uart.o(i.UART_WaitOnFlagUntilTimeout)
    i.USART1_IRQHandler                      0x080031e4   Section        0  stm32u0xx_it.o(i.USART1_IRQHandler)
    i.__ARM_common_switch8                   0x080031f4   Section        0  stm32u0xx_hal_dma.o(i.__ARM_common_switch8)
    i.__NVIC_SetPriority                     0x08003210   Section        0  stm32u0xx_hal_cortex.o(i.__NVIC_SetPriority)
    __NVIC_SetPriority                       0x08003211   Thumb Code   110  stm32u0xx_hal_cortex.o(i.__NVIC_SetPriority)
    i.__get_PRIMASK                          0x08003288   Section        0  stm32u0xx_hal_uart.o(i.__get_PRIMASK)
    __get_PRIMASK                            0x08003289   Thumb Code     6  stm32u0xx_hal_uart.o(i.__get_PRIMASK)
    i.__scatterload_copy                     0x0800328e   Section       14  handlers.o(i.__scatterload_copy)
    i.__scatterload_null                     0x0800329c   Section        2  handlers.o(i.__scatterload_null)
    i.__scatterload_zeroinit                 0x0800329e   Section       14  handlers.o(i.__scatterload_zeroinit)
    i.__set_PRIMASK                          0x080032ac   Section        0  stm32u0xx_hal_uart.o(i.__set_PRIMASK)
    __set_PRIMASK                            0x080032ad   Thumb Code     6  stm32u0xx_hal_uart.o(i.__set_PRIMASK)
    i.app_init                               0x080032b4   Section        0  main.o(i.app_init)
    app_init                                 0x080032b5   Thumb Code    24  main.o(i.app_init)
    i.app_thread                             0x080032e0   Section        0  main.o(i.app_thread)
    app_thread                               0x080032e1   Thumb Code    10  main.o(i.app_thread)
    i.led1_thread                            0x080032ec   Section        0  led.o(i.led1_thread)
    i.led2_thread                            0x08003324   Section        0  led.o(i.led2_thread)
    i.led_init                               0x0800335c   Section        0  led.o(i.led_init)
    i.main                                   0x080033c0   Section        0  main.o(i.main)
    i.prvAddCurrentTaskToDelayedList         0x080033e4   Section        0  tasks.o(i.prvAddCurrentTaskToDelayedList)
    prvAddCurrentTaskToDelayedList           0x080033e5   Thumb Code   150  tasks.o(i.prvAddCurrentTaskToDelayedList)
    i.prvAddNewTaskToReadyList               0x08003494   Section        0  tasks.o(i.prvAddNewTaskToReadyList)
    prvAddNewTaskToReadyList                 0x08003495   Thumb Code   200  tasks.o(i.prvAddNewTaskToReadyList)
    i.prvCheckTasksWaitingTermination        0x08003574   Section        0  tasks.o(i.prvCheckTasksWaitingTermination)
    prvCheckTasksWaitingTermination          0x08003575   Thumb Code    60  tasks.o(i.prvCheckTasksWaitingTermination)
    i.prvCopyDataToQueue                     0x080035bc   Section        0  queue.o(i.prvCopyDataToQueue)
    prvCopyDataToQueue                       0x080035bd   Thumb Code   128  queue.o(i.prvCopyDataToQueue)
    i.prvCreateIdleTasks                     0x0800363c   Section        0  tasks.o(i.prvCreateIdleTasks)
    prvCreateIdleTasks                       0x0800363d   Thumb Code    90  tasks.o(i.prvCreateIdleTasks)
    i.prvCreateTask                          0x080036a8   Section        0  tasks.o(i.prvCreateTask)
    prvCreateTask                            0x080036a9   Thumb Code    88  tasks.o(i.prvCreateTask)
    i.prvDeleteTCB                           0x08003700   Section        0  tasks.o(i.prvDeleteTCB)
    prvDeleteTCB                             0x08003701   Thumb Code    18  tasks.o(i.prvDeleteTCB)
    i.prvGetDisinheritPriorityAfterTimeout   0x08003712   Section        0  queue.o(i.prvGetDisinheritPriorityAfterTimeout)
    prvGetDisinheritPriorityAfterTimeout     0x08003713   Thumb Code    22  queue.o(i.prvGetDisinheritPriorityAfterTimeout)
    i.prvHeapInit                            0x08003728   Section        0  heap_4.o(i.prvHeapInit)
    prvHeapInit                              0x08003729   Thumb Code    90  heap_4.o(i.prvHeapInit)
    i.prvIdleTask                            0x08003798   Section        0  tasks.o(i.prvIdleTask)
    prvIdleTask                              0x08003799   Thumb Code    20  tasks.o(i.prvIdleTask)
    i.prvInitialiseMutex                     0x080037b0   Section        0  queue.o(i.prvInitialiseMutex)
    prvInitialiseMutex                       0x080037b1   Thumb Code    32  queue.o(i.prvInitialiseMutex)
    i.prvInitialiseNewQueue                  0x080037d0   Section        0  queue.o(i.prvInitialiseNewQueue)
    prvInitialiseNewQueue                    0x080037d1   Thumb Code    34  queue.o(i.prvInitialiseNewQueue)
    i.prvInitialiseNewTask                   0x080037f2   Section        0  tasks.o(i.prvInitialiseNewTask)
    prvInitialiseNewTask                     0x080037f3   Thumb Code   128  tasks.o(i.prvInitialiseNewTask)
    i.prvInitialiseTaskLists                 0x08003874   Section        0  tasks.o(i.prvInitialiseTaskLists)
    prvInitialiseTaskLists                   0x08003875   Thumb Code    68  tasks.o(i.prvInitialiseTaskLists)
    i.prvInsertBlockIntoFreeList             0x080038d8   Section        0  heap_4.o(i.prvInsertBlockIntoFreeList)
    prvInsertBlockIntoFreeList               0x080038d9   Thumb Code    96  heap_4.o(i.prvInsertBlockIntoFreeList)
    i.prvIsQueueEmpty                        0x08003940   Section        0  queue.o(i.prvIsQueueEmpty)
    prvIsQueueEmpty                          0x08003941   Thumb Code    28  queue.o(i.prvIsQueueEmpty)
    i.prvIsQueueFull                         0x0800395c   Section        0  queue.o(i.prvIsQueueFull)
    prvIsQueueFull                           0x0800395d   Thumb Code    30  queue.o(i.prvIsQueueFull)
    i.prvResetNextTaskUnblockTime            0x0800397c   Section        0  tasks.o(i.prvResetNextTaskUnblockTime)
    prvResetNextTaskUnblockTime              0x0800397d   Thumb Code    44  tasks.o(i.prvResetNextTaskUnblockTime)
    i.prvTaskExitError                       0x080039b0   Section        0  port.o(i.prvTaskExitError)
    prvTaskExitError                         0x080039b1   Thumb Code     6  port.o(i.prvTaskExitError)
    i.prvUnlockQueue                         0x080039b6   Section        0  queue.o(i.prvUnlockQueue)
    prvUnlockQueue                           0x080039b7   Thumb Code   142  queue.o(i.prvUnlockQueue)
    i.pvPortMalloc                           0x08003a44   Section        0  heap_4.o(i.pvPortMalloc)
    i.pvTaskIncrementMutexHeldCount          0x08003b54   Section        0  tasks.o(i.pvTaskIncrementMutexHeldCount)
    i.pxPortInitialiseStack                  0x08003b68   Section        0  port.o(i.pxPortInitialiseStack)
    i.shellAdd                               0x08003b88   Section        0  shell.o(i.shellAdd)
    shellAdd                                 0x08003b89   Thumb Code    34  shell.o(i.shellAdd)
    i.shellBackspace                         0x08003bb0   Section        0  shell.o(i.shellBackspace)
    i.shellCheckPassword                     0x08003bc0   Section        0  shell.o(i.shellCheckPassword)
    shellCheckPassword                       0x08003bc1   Thumb Code    64  shell.o(i.shellCheckPassword)
    i.shellCheckPermission                   0x08003c04   Section        0  shell.o(i.shellCheckPermission)
    i.shellClear                             0x08003c48   Section        0  shell.o(i.shellClear)
    i.shellClearCommandLine                  0x08003c64   Section        0  shell.o(i.shellClearCommandLine)
    i.shellCmds                              0x08003c8c   Section        0  shell.o(i.shellCmds)
    i.shellDelete                            0x08003ca0   Section        0  shell.o(i.shellDelete)
    i.shellDeleteByte                        0x08003cb0   Section        0  shell.o(i.shellDeleteByte)
    i.shellDeleteCommandLine                 0x08003d90   Section        0  shell.o(i.shellDeleteCommandLine)
    i.shellDown                              0x08003db0   Section        0  shell.o(i.shellDown)
    i.shellEnter                             0x08003dc0   Section        0  shell.o(i.shellEnter)
    i.shellExec                              0x08003dd4   Section        0  shell.o(i.shellExec)
    i.shellExtNumType                        0x08003e50   Section        0  shell_ext.o(i.shellExtNumType)
    shellExtNumType                          0x08003e51   Thumb Code    90  shell_ext.o(i.shellExtNumType)
    i.shellExtParseChar                      0x08003eaa   Section        0  shell_ext.o(i.shellExtParseChar)
    shellExtParseChar                        0x08003eab   Thumb Code    82  shell_ext.o(i.shellExtParseChar)
    i.shellExtParseNumber                    0x08003efc   Section        0  shell_ext.o(i.shellExtParseNumber)
    shellExtParseNumber                      0x08003efd   Thumb Code   230  shell_ext.o(i.shellExtParseNumber)
    i.shellExtParsePara                      0x08003fe2   Section        0  shell_ext.o(i.shellExtParsePara)
    i.shellExtParseString                    0x08004062   Section        0  shell_ext.o(i.shellExtParseString)
    shellExtParseString                      0x08004063   Thumb Code    74  shell_ext.o(i.shellExtParseString)
    i.shellExtParseVar                       0x080040ac   Section        0  shell_ext.o(i.shellExtParseVar)
    shellExtParseVar                         0x080040ad   Thumb Code    46  shell_ext.o(i.shellExtParseVar)
    i.shellExtRun                            0x080040da   Section        0  shell_ext.o(i.shellExtRun)
    i.shellExtToNum                          0x080041da   Section        0  shell_ext.o(i.shellExtToNum)
    shellExtToNum                            0x080041db   Thumb Code    54  shell_ext.o(i.shellExtToNum)
    i.shellGetCommandDesc                    0x08004210   Section        0  shell.o(i.shellGetCommandDesc)
    shellGetCommandDesc                      0x08004211   Thumb Code    48  shell.o(i.shellGetCommandDesc)
    i.shellGetCommandName                    0x08004240   Section        0  shell.o(i.shellGetCommandName)
    shellGetCommandName                      0x08004241   Thumb Code    76  shell.o(i.shellGetCommandName)
    i.shellGetCurrent                        0x08004290   Section        0  shell.o(i.shellGetCurrent)
    i.shellGetVarValue                       0x080042c4   Section        0  shell.o(i.shellGetVarValue)
    i.shellHandler                           0x0800431c   Section        0  shell.o(i.shellHandler)
    i.shellHelp                              0x08004428   Section        0  shell.o(i.shellHelp)
    i.shellHistory                           0x08004456   Section        0  shell.o(i.shellHistory)
    shellHistory                             0x08004457   Thumb Code   192  shell.o(i.shellHistory)
    i.shellHistoryAdd                        0x08004516   Section        0  shell.o(i.shellHistoryAdd)
    shellHistoryAdd                          0x08004517   Thumb Code   128  shell.o(i.shellHistoryAdd)
    i.shellInit                              0x08004598   Section        0  shell.o(i.shellInit)
    i.shellInsertByte                        0x08004638   Section        0  shell.o(i.shellInsertByte)
    i.shellKeys                              0x08004734   Section        0  shell.o(i.shellKeys)
    i.shellLeft                              0x08004748   Section        0  shell.o(i.shellLeft)
    i.shellListAll                           0x08004762   Section        0  shell.o(i.shellListAll)
    i.shellListCommand                       0x08004770   Section        0  shell.o(i.shellListCommand)
    i.shellListItem                          0x080047bc   Section        0  shell.o(i.shellListItem)
    i.shellListKey                           0x080048b4   Section        0  shell.o(i.shellListKey)
    i.shellListUser                          0x08004910   Section        0  shell.o(i.shellListUser)
    i.shellListVar                           0x0800496c   Section        0  shell.o(i.shellListVar)
    i.shellNormalInput                       0x080049c8   Section        0  shell.o(i.shellNormalInput)
    i.shellParserParam                       0x080049e4   Section        0  shell.o(i.shellParserParam)
    shellParserParam                         0x080049e5   Thumb Code    26  shell.o(i.shellParserParam)
    i.shellRemoveParamQuotes                 0x080049fe   Section        0  shell.o(i.shellRemoveParamQuotes)
    shellRemoveParamQuotes                   0x080049ff   Thumb Code   104  shell.o(i.shellRemoveParamQuotes)
    i.shellRight                             0x08004a66   Section        0  shell.o(i.shellRight)
    i.shellRunCommand                        0x08004a84   Section        0  shell.o(i.shellRunCommand)
    i.shellSeekCommand                       0x08004b38   Section        0  shell.o(i.shellSeekCommand)
    i.shellSetUser                           0x08004bbc   Section        0  shell.o(i.shellSetUser)
    i.shellSetVar                            0x08004c24   Section        0  shell.o(i.shellSetVar)
    i.shellSetVarValue                       0x08004c90   Section        0  shell.o(i.shellSetVarValue)
    i.shellShowVar                           0x08004d2c   Section        0  shell.o(i.shellShowVar)
    shellShowVar                             0x08004d2d   Thumb Code   164  shell.o(i.shellShowVar)
    i.shellSplit                             0x08004df0   Section        0  shell.o(i.shellSplit)
    i.shellStringCompare                     0x08004ef0   Section        0  shell.o(i.shellStringCompare)
    shellStringCompare                       0x08004ef1   Thumb Code    46  shell.o(i.shellStringCompare)
    i.shellStringCopy                        0x08004f1e   Section        0  shell.o(i.shellStringCopy)
    shellStringCopy                          0x08004f1f   Thumb Code    24  shell.o(i.shellStringCopy)
    i.shellTab                               0x08004f38   Section        0  shell.o(i.shellTab)
    i.shellTask                              0x0800505c   Section        0  shell.o(i.shellTask)
    i.shellToDec                             0x08005082   Section        0  shell.o(i.shellToDec)
    i.shellToHex                             0x080050dc   Section        0  shell.o(i.shellToHex)
    i.shellUp                                0x08005114   Section        0  shell.o(i.shellUp)
    i.shellUsers                             0x08005122   Section        0  shell.o(i.shellUsers)
    i.shellVars                              0x08005136   Section        0  shell.o(i.shellVars)
    i.shellWriteByte                         0x0800514a   Section        0  shell.o(i.shellWriteByte)
    shellWriteByte                           0x0800514b   Thumb Code    14  shell.o(i.shellWriteByte)
    i.shellWriteCommandDesc                  0x08005158   Section        0  shell.o(i.shellWriteCommandDesc)
    shellWriteCommandDesc                    0x08005159   Thumb Code    86  shell.o(i.shellWriteCommandDesc)
    i.shellWriteCommandHelp                  0x080051b4   Section        0  shell.o(i.shellWriteCommandHelp)
    shellWriteCommandHelp                    0x080051b5   Thumb Code    96  shell.o(i.shellWriteCommandHelp)
    i.shellWritePrompt                       0x0800521c   Section        0  shell.o(i.shellWritePrompt)
    shellWritePrompt                         0x0800521d   Thumb Code    90  shell.o(i.shellWritePrompt)
    i.shellWriteReturnValue                  0x0800528c   Section        0  shell.o(i.shellWriteReturnValue)
    shellWriteReturnValue                    0x0800528d   Thumb Code    98  shell.o(i.shellWriteReturnValue)
    i.shellWriteString                       0x08005314   Section        0  shell.o(i.shellWriteString)
    i.userShellInit                          0x08005340   Section        0  shell_port.o(i.userShellInit)
    i.userShellLock                          0x080053ac   Section        0  shell_port.o(i.userShellLock)
    i.userShellRead                          0x080053c4   Section        0  shell_port.o(i.userShellRead)
    i.userShellUnlock                        0x080053dc   Section        0  shell_port.o(i.userShellUnlock)
    i.userShellWrite                         0x080053f8   Section        0  shell_port.o(i.userShellWrite)
    i.uxListRemove                           0x08005418   Section        0  list.o(i.uxListRemove)
    i.vListInitialise                        0x08005440   Section        0  list.o(i.vListInitialise)
    i.vListInitialiseItem                    0x0800545a   Section        0  list.o(i.vListInitialiseItem)
    i.vListInsert                            0x08005460   Section        0  list.o(i.vListInsert)
    i.vPortEnterCritical                     0x08005498   Section        0  port.o(i.vPortEnterCritical)
    i.vPortExitCritical                      0x080054b4   Section        0  port.o(i.vPortExitCritical)
    i.vPortFree                              0x080054d0   Section        0  heap_4.o(i.vPortFree)
    i.vPortSetupTimerInterrupt               0x08005524   Section        0  port.o(i.vPortSetupTimerInterrupt)
    i.vPortYield                             0x08005550   Section        0  port.o(i.vPortYield)
    i.vTaskDelay                             0x08005568   Section        0  tasks.o(i.vTaskDelay)
    i.vTaskInternalSetTimeOutState           0x08005590   Section        0  tasks.o(i.vTaskInternalSetTimeOutState)
    i.vTaskMissedYield                       0x080055a8   Section        0  tasks.o(i.vTaskMissedYield)
    i.vTaskPlaceOnEventList                  0x080055b4   Section        0  tasks.o(i.vTaskPlaceOnEventList)
    i.vTaskPriorityDisinheritAfterTimeout    0x080055d4   Section        0  tasks.o(i.vTaskPriorityDisinheritAfterTimeout)
    i.vTaskStartScheduler                    0x08005694   Section        0  tasks.o(i.vTaskStartScheduler)
    i.vTaskSuspendAll                        0x080056d0   Section        0  tasks.o(i.vTaskSuspendAll)
    i.vTaskSwitchContext                     0x080056e0   Section        0  tasks.o(i.vTaskSwitchContext)
    i.xPortStartScheduler                    0x08005760   Section        0  port.o(i.xPortStartScheduler)
    i.xPortSysTickHandler                    0x08005798   Section        0  port.o(i.xPortSysTickHandler)
    i.xQueueCreateMutex                      0x080057bc   Section        0  queue.o(i.xQueueCreateMutex)
    i.xQueueGenericCreate                    0x080057da   Section        0  queue.o(i.xQueueGenericCreate)
    i.xQueueGenericReset                     0x08005830   Section        0  queue.o(i.xQueueGenericReset)
    i.xQueueGenericSend                      0x080058c4   Section        0  queue.o(i.xQueueGenericSend)
    i.xQueueSemaphoreTake                    0x080059c0   Section        0  queue.o(i.xQueueSemaphoreTake)
    i.xTaskCheckForTimeOut                   0x08005aec   Section        0  tasks.o(i.xTaskCheckForTimeOut)
    i.xTaskCreate                            0x08005b50   Section        0  tasks.o(i.xTaskCreate)
    i.xTaskIncrementTick                     0x08005b84   Section        0  tasks.o(i.xTaskIncrementTick)
    i.xTaskPriorityDisinherit                0x08005d28   Section        0  tasks.o(i.xTaskPriorityDisinherit)
    i.xTaskPriorityInherit                   0x08005dc0   Section        0  tasks.o(i.xTaskPriorityInherit)
    i.xTaskRemoveFromEventList               0x08005e98   Section        0  tasks.o(i.xTaskRemoveFromEventList)
    i.xTaskResumeAll                         0x08005fac   Section        0  tasks.o(i.xTaskResumeAll)
    .constdata                               0x0800611c   Section       32  stm32u0xx_hal_uart.o(.constdata)
    CHANNEL_OFFSET_TAB                       0x0800611c   Data           7  stm32u0xx_hal_uart.o(.constdata)
    .constdata                               0x0800613c   Section       23  stm32u0xx_hal_uart_ex.o(.constdata)
    CHANNEL_OFFSET_TAB                       0x0800613c   Data           7  stm32u0xx_hal_uart_ex.o(.constdata)
    numerator                                0x08006143   Data           8  stm32u0xx_hal_uart_ex.o(.constdata)
    denominator                              0x0800614b   Data           8  stm32u0xx_hal_uart_ex.o(.constdata)
    .constdata                               0x08006154   Section       80  system_stm32u0xx.o(.constdata)
    CHANNEL_OFFSET_TAB                       0x08006154   Data           7  system_stm32u0xx.o(.constdata)
    .constdata                               0x080061a4   Section      227  shell.o(.constdata)
    .conststring                             0x08006288   Section      673  shell.o(.conststring)
    shellCommand                             0x0800654c   Section      288  shell.o(shellCommand)
    __tagsym$$used                           0x0800654c   Number         0  shell.o(shellCommand)
    __tagsym$$used                           0x0800655c   Number         0  shell.o(shellCommand)
    __tagsym$$used                           0x0800656c   Number         0  shell.o(shellCommand)
    __tagsym$$used                           0x0800657c   Number         0  shell.o(shellCommand)
    __tagsym$$used                           0x0800658c   Number         0  shell.o(shellCommand)
    __tagsym$$used                           0x0800659c   Number         0  shell.o(shellCommand)
    __tagsym$$used                           0x080065ac   Number         0  shell.o(shellCommand)
    __tagsym$$used                           0x080065bc   Number         0  shell.o(shellCommand)
    __tagsym$$used                           0x080065cc   Number         0  shell.o(shellCommand)
    __tagsym$$used                           0x080065dc   Number         0  shell.o(shellCommand)
    __tagsym$$used                           0x080065ec   Number         0  shell.o(shellCommand)
    __tagsym$$used                           0x080065fc   Number         0  shell.o(shellCommand)
    __tagsym$$used                           0x0800660c   Number         0  shell.o(shellCommand)
    __tagsym$$used                           0x0800661c   Number         0  shell.o(shellCommand)
    __tagsym$$used                           0x0800662c   Number         0  shell.o(shellCommand)
    __tagsym$$used                           0x0800663c   Number         0  shell.o(shellCommand)
    __tagsym$$used                           0x0800664c   Number         0  shell.o(shellCommand)
    __tagsym$$used                           0x0800665c   Number         0  shell.o(shellCommand)
    .data                                    0x20000000   Section        4  main.o(.data)
    m_app_thread                             0x20000000   Data           4  main.o(.data)
    .data                                    0x20000004   Section       12  stm32u0xx_hal.o(.data)
    .data                                    0x20000010   Section        4  system_stm32u0xx.o(.data)
    .data                                    0x20000014   Section       64  tasks.o(.data)
    pxDelayedTaskList                        0x20000018   Data           4  tasks.o(.data)
    pxOverflowDelayedTaskList                0x2000001c   Data           4  tasks.o(.data)
    uxDeletedTasksWaitingCleanUp             0x20000020   Data           4  tasks.o(.data)
    uxCurrentNumberOfTasks                   0x20000024   Data           4  tasks.o(.data)
    xTickCount                               0x20000028   Data           4  tasks.o(.data)
    uxTopReadyPriority                       0x2000002c   Data           4  tasks.o(.data)
    xSchedulerRunning                        0x20000030   Data           4  tasks.o(.data)
    xPendedTicks                             0x20000034   Data           4  tasks.o(.data)
    xYieldPendings                           0x20000038   Data           4  tasks.o(.data)
    xNumOfOverflows                          0x2000003c   Data           4  tasks.o(.data)
    uxTaskNumber                             0x20000040   Data           4  tasks.o(.data)
    xNextTaskUnblockTime                     0x20000044   Data           4  tasks.o(.data)
    xIdleTaskHandles                         0x20000048   Data           4  tasks.o(.data)
    uxTopUsedPriority                        0x2000004c   Data           4  tasks.o(.data)
    uxSchedulerSuspended                     0x20000050   Data           4  tasks.o(.data)
    .data                                    0x20000054   Section       28  heap_4.o(.data)
    xStart                                   0x20000054   Data           8  heap_4.o(.data)
    pxEnd                                    0x2000005c   Data           4  heap_4.o(.data)
    xFreeBytesRemaining                      0x20000060   Data           4  heap_4.o(.data)
    xMinimumEverFreeBytesRemaining           0x20000064   Data           4  heap_4.o(.data)
    xNumberOfSuccessfulAllocations           0x20000068   Data           4  heap_4.o(.data)
    xNumberOfSuccessfulFrees                 0x2000006c   Data           4  heap_4.o(.data)
    .data                                    0x20000070   Section        4  port.o(.data)
    uxCriticalNesting                        0x20000070   Data           4  port.o(.data)
    .data                                    0x20000074   Section       12  led.o(.data)
    m_led1_thread                            0x20000074   Data           4  led.o(.data)
    m_led2_thread                            0x20000078   Data           4  led.o(.data)
    g_test_mutex                             0x2000007c   Data           4  led.o(.data)
    .data                                    0x20000080   Section       86  shell.o(.data)
    shellText                                0x20000080   Data          84  shell.o(.data)
    .data                                    0x200000d8   Section        4  shell_port.o(.data)
    shellMutex                               0x200000d8   Data           4  shell_port.o(.data)
    .bss                                     0x200000dc   Section      148  usart.o(.bss)
    .bss                                     0x20000170   Section      300  tasks.o(.bss)
    pxReadyTasksLists                        0x20000170   Data         200  tasks.o(.bss)
    xDelayedTaskList1                        0x20000238   Data          20  tasks.o(.bss)
    xDelayedTaskList2                        0x2000024c   Data          20  tasks.o(.bss)
    xPendingReadyList                        0x20000260   Data          20  tasks.o(.bss)
    xTasksWaitingTermination                 0x20000274   Data          20  tasks.o(.bss)
    xSuspendedTaskList                       0x20000288   Data          20  tasks.o(.bss)
    .bss                                     0x2000029c   Section    10240  heap_4.o(.bss)
    ucHeap                                   0x2000029c   Data       10240  heap_4.o(.bss)
    .bss                                     0x20002a9c   Section       29  shell.o(.bss)
    shellList                                0x20002a9c   Data          20  shell.o(.bss)
    buffer                                   0x20002ab0   Data           9  shell.o(.bss)
    .bss                                     0x20002abc   Section      628  shell_port.o(.bss)
    STACK                                    0x20002d30   Section     1024  startup_stm32u083xx.o(STACK)

    Global Symbols

    Symbol Name                              Value     Ov Type        Size  Object(Section)

    BuildAttributes$$THM_ISAv3M$S$PE$A:L22$X:L11$S22$IEEE1$IW$USESV6$~STKCKD$USESV7$~SHL$OTIME$ROPI$EBA8$MICROLIB$REQ8$PRES8$EABIv2 0x00000000   Number         0  anon$$obj.o ABSOLUTE
    __ARM_use_no_argv                        0x00000000   Number         0  main.o ABSOLUTE
    __arm_fini_                               - Undefined Weak Reference
    __cpp_initialize__aeabi_                  - Undefined Weak Reference
    __cxa_finalize                            - Undefined Weak Reference
    __decompress                              - Undefined Weak Reference
    _clock_init                               - Undefined Weak Reference
    _microlib_exit                            - Undefined Weak Reference
    __Vectors_Size                           0x000000c0   Number         0  startup_stm32u083xx.o ABSOLUTE
    __Vectors                                0x08000000   Data           4  startup_stm32u083xx.o(RESET)
    __Vectors_End                            0x080000c0   Data           0  startup_stm32u083xx.o(RESET)
    __main                                   0x080000c1   Thumb Code     0  entry.o(.ARM.Collect$$$$00000000)
    _main_stk                                0x080000c1   Thumb Code     0  entry2.o(.ARM.Collect$$$$00000001)
    _main_scatterload                        0x080000c5   Thumb Code     0  entry5.o(.ARM.Collect$$$$00000004)
    __main_after_scatterload                 0x080000c9   Thumb Code     0  entry5.o(.ARM.Collect$$$$00000004)
    _main_clock                              0x080000c9   Thumb Code     0  entry7b.o(.ARM.Collect$$$$00000008)
    _main_cpp_init                           0x080000c9   Thumb Code     0  entry8b.o(.ARM.Collect$$$$0000000A)
    _main_init                               0x080000c9   Thumb Code     0  entry9a.o(.ARM.Collect$$$$0000000B)
    __rt_lib_shutdown_fini                   0x080000d1   Thumb Code     0  entry12b.o(.ARM.Collect$$$$0000000E)
    __rt_final_cpp                           0x080000d5   Thumb Code     0  entry10a.o(.ARM.Collect$$$$0000000F)
    __rt_final_exit                          0x080000d5   Thumb Code     0  entry11a.o(.ARM.Collect$$$$00000011)
    __asm___6_port_c_39a90d8d__prvPortStartFirstTask 0x080000d9   Thumb Code    36  port.o(.emb_text)
    ulSetInterruptMaskFromISR                0x08000101   Thumb Code     8  port.o(.emb_text)
    vClearInterruptMaskFromISR               0x08000109   Thumb Code     6  port.o(.emb_text)
    PendSV_Handler                           0x0800010f   Thumb Code    62  port.o(.emb_text)
    Reset_Handler                            0x08000151   Thumb Code     8  startup_stm32u083xx.o(.text)
    ADC_COMP1_2_IRQHandler                   0x08000163   Thumb Code     0  startup_stm32u083xx.o(.text)
    DMA1_Ch4_7_DMA2_Ch1_5_DMAMUX_OVR_IRQHandler 0x08000163   Thumb Code     0  startup_stm32u083xx.o(.text)
    DMA1_Channel1_IRQHandler                 0x08000163   Thumb Code     0  startup_stm32u083xx.o(.text)
    DMA1_Channel2_3_IRQHandler               0x08000163   Thumb Code     0  startup_stm32u083xx.o(.text)
    EXTI0_1_IRQHandler                       0x08000163   Thumb Code     0  startup_stm32u083xx.o(.text)
    EXTI2_3_IRQHandler                       0x08000163   Thumb Code     0  startup_stm32u083xx.o(.text)
    EXTI4_15_IRQHandler                      0x08000163   Thumb Code     0  startup_stm32u083xx.o(.text)
    FLASH_ECC_IRQHandler                     0x08000163   Thumb Code     0  startup_stm32u083xx.o(.text)
    I2C1_IRQHandler                          0x08000163   Thumb Code     0  startup_stm32u083xx.o(.text)
    I2C2_3_4_IRQHandler                      0x08000163   Thumb Code     0  startup_stm32u083xx.o(.text)
    LCD_IRQHandler                           0x08000163   Thumb Code     0  startup_stm32u083xx.o(.text)
    PVD_PVM_IRQHandler                       0x08000163   Thumb Code     0  startup_stm32u083xx.o(.text)
    RCC_CRS_IRQHandler                       0x08000163   Thumb Code     0  startup_stm32u083xx.o(.text)
    RNG_CRYP_IRQHandler                      0x08000163   Thumb Code     0  startup_stm32u083xx.o(.text)
    RTC_TAMP_IRQHandler                      0x08000163   Thumb Code     0  startup_stm32u083xx.o(.text)
    SPI1_IRQHandler                          0x08000163   Thumb Code     0  startup_stm32u083xx.o(.text)
    SPI2_3_IRQHandler                        0x08000163   Thumb Code     0  startup_stm32u083xx.o(.text)
    TIM15_LPTIM3_IRQHandler                  0x08000163   Thumb Code     0  startup_stm32u083xx.o(.text)
    TIM16_IRQHandler                         0x08000163   Thumb Code     0  startup_stm32u083xx.o(.text)
    TIM1_BRK_UP_TRG_COM_IRQHandler           0x08000163   Thumb Code     0  startup_stm32u083xx.o(.text)
    TIM1_CC_IRQHandler                       0x08000163   Thumb Code     0  startup_stm32u083xx.o(.text)
    TIM2_IRQHandler                          0x08000163   Thumb Code     0  startup_stm32u083xx.o(.text)
    TIM3_IRQHandler                          0x08000163   Thumb Code     0  startup_stm32u083xx.o(.text)
    TIM6_DAC_LPTIM1_IRQHandler               0x08000163   Thumb Code     0  startup_stm32u083xx.o(.text)
    TIM7_LPTIM2_IRQHandler                   0x08000163   Thumb Code     0  startup_stm32u083xx.o(.text)
    TSC_IRQHandler                           0x08000163   Thumb Code     0  startup_stm32u083xx.o(.text)
    USART2_LPUART2_IRQHandler                0x08000163   Thumb Code     0  startup_stm32u083xx.o(.text)
    USART3_LPUART1_IRQHandler                0x08000163   Thumb Code     0  startup_stm32u083xx.o(.text)
    USART4_LPUART3_IRQHandler                0x08000163   Thumb Code     0  startup_stm32u083xx.o(.text)
    USB_DRD_FS_IRQHandler                    0x08000163   Thumb Code     0  startup_stm32u083xx.o(.text)
    WWDG_IWDG_IRQHandler                     0x08000163   Thumb Code     0  startup_stm32u083xx.o(.text)
    __aeabi_uidiv                            0x0800016d   Thumb Code     0  uidiv.o(.text)
    __aeabi_uidivmod                         0x0800016d   Thumb Code    44  uidiv.o(.text)
    __aeabi_idiv                             0x08000199   Thumb Code     0  idiv.o(.text)
    __aeabi_idivmod                          0x08000199   Thumb Code    40  idiv.o(.text)
    __aeabi_uldivmod                         0x080001c1   Thumb Code    96  uldiv.o(.text)
    __aeabi_lmul                             0x08000221   Thumb Code   122  llmul.o(.text)
    _ll_mul                                  0x08000221   Thumb Code     0  llmul.o(.text)
    __aeabi_memcpy                           0x0800029b   Thumb Code    36  memcpya.o(.text)
    __aeabi_memcpy4                          0x0800029b   Thumb Code     0  memcpya.o(.text)
    __aeabi_memcpy8                          0x0800029b   Thumb Code     0  memcpya.o(.text)
    __aeabi_memset                           0x080002bf   Thumb Code    14  memseta.o(.text)
    __aeabi_memset4                          0x080002bf   Thumb Code     0  memseta.o(.text)
    __aeabi_memset8                          0x080002bf   Thumb Code     0  memseta.o(.text)
    __aeabi_memclr                           0x080002cd   Thumb Code     4  memseta.o(.text)
    __aeabi_memclr4                          0x080002cd   Thumb Code     0  memseta.o(.text)
    __aeabi_memclr8                          0x080002cd   Thumb Code     0  memseta.o(.text)
    _memset$wrapper                          0x080002d1   Thumb Code    18  memseta.o(.text)
    strlen                                   0x080002e3   Thumb Code    14  strlen.o(.text)
    strcmp                                   0x080002f1   Thumb Code    28  strcmp.o(.text)
    strncmp                                  0x0800030d   Thumb Code    30  strncmp.o(.text)
    __aeabi_fmul                             0x0800032b   Thumb Code   122  fmul.o(.text)
    __aeabi_fdiv                             0x080003a5   Thumb Code   124  fdiv.o(.text)
    __aeabi_i2f                              0x08000421   Thumb Code    22  fflti.o(.text)
    __aeabi_ui2f                             0x08000437   Thumb Code    14  ffltui.o(.text)
    __aeabi_llsl                             0x08000445   Thumb Code    32  llshl.o(.text)
    _ll_shift_l                              0x08000445   Thumb Code     0  llshl.o(.text)
    __aeabi_llsr                             0x08000465   Thumb Code    34  llushr.o(.text)
    _ll_ushift_r                             0x08000465   Thumb Code     0  llushr.o(.text)
    __I$use$fp                               0x08000487   Thumb Code     0  iusefp.o(.text)
    _float_round                             0x08000487   Thumb Code    16  fepilogue.o(.text)
    _float_epilogue                          0x08000497   Thumb Code   114  fepilogue.o(.text)
    __scatterload                            0x08000509   Thumb Code    28  init.o(.text)
    __scatterload_rt2                        0x08000509   Thumb Code     0  init.o(.text)
    Error_Handler                            0x0800052d   Thumb Code     6  main.o(i.Error_Handler)
    HAL_DMA_Abort                            0x08000533   Thumb Code   140  stm32u0xx_hal_dma.o(i.HAL_DMA_Abort)
    HAL_DMA_Abort_IT                         0x080005bf   Thumb Code   138  stm32u0xx_hal_dma.o(i.HAL_DMA_Abort_IT)
    HAL_GPIO_Init                            0x08000649   Thumb Code   474  stm32u0xx_hal_gpio.o(i.HAL_GPIO_Init)
    HAL_GPIO_TogglePin                       0x0800083d   Thumb Code    20  stm32u0xx_hal_gpio.o(i.HAL_GPIO_TogglePin)
    HAL_GPIO_WritePin                        0x08000851   Thumb Code    12  stm32u0xx_hal_gpio.o(i.HAL_GPIO_WritePin)
    HAL_GetTick                              0x0800085d   Thumb Code     6  stm32u0xx_hal.o(i.HAL_GetTick)
    HAL_Init                                 0x08000869   Thumb Code    26  stm32u0xx_hal.o(i.HAL_Init)
    HAL_InitTick                             0x08000885   Thumb Code    82  stm32u0xx_hal.o(i.HAL_InitTick)
    HAL_MspInit                              0x080008e5   Thumb Code    62  stm32u0xx_hal_msp.o(i.HAL_MspInit)
    HAL_NVIC_EnableIRQ                       0x08000929   Thumb Code    30  stm32u0xx_hal_cortex.o(i.HAL_NVIC_EnableIRQ)
    HAL_NVIC_SetPriority                     0x0800094d   Thumb Code    18  stm32u0xx_hal_cortex.o(i.HAL_NVIC_SetPriority)
    HAL_PWREx_ControlVoltageScaling          0x08000961   Thumb Code   144  stm32u0xx_hal_pwr_ex.o(i.HAL_PWREx_ControlVoltageScaling)
    HAL_PWREx_GetVoltageRange                0x080009fd   Thumb Code    12  stm32u0xx_hal_pwr_ex.o(i.HAL_PWREx_GetVoltageRange)
    HAL_RCCEx_GetPLLClockFreq                0x08000a0d   Thumb Code   288  stm32u0xx_hal_rcc_ex.o(i.HAL_RCCEx_GetPLLClockFreq)
    HAL_RCCEx_GetPeriphCLKFreq               0x08000b3d   Thumb Code  1748  stm32u0xx_hal_rcc_ex.o(i.HAL_RCCEx_GetPeriphCLKFreq)
    HAL_RCCEx_PeriphCLKConfig                0x08001221   Thumb Code   910  stm32u0xx_hal_rcc_ex.o(i.HAL_RCCEx_PeriphCLKConfig)
    HAL_RCC_ClockConfig                      0x080015bd   Thumb Code   390  stm32u0xx_hal_rcc.o(i.HAL_RCC_ClockConfig)
    HAL_RCC_GetHCLKFreq                      0x08001759   Thumb Code     6  stm32u0xx_hal_rcc.o(i.HAL_RCC_GetHCLKFreq)
    HAL_RCC_GetPCLK1Freq                     0x08001765   Thumb Code    30  stm32u0xx_hal_rcc.o(i.HAL_RCC_GetPCLK1Freq)
    HAL_RCC_GetSysClockFreq                  0x0800178d   Thumb Code   250  stm32u0xx_hal_rcc.o(i.HAL_RCC_GetSysClockFreq)
    HAL_RCC_OscConfig                        0x08001899   Thumb Code  1862  stm32u0xx_hal_rcc.o(i.HAL_RCC_OscConfig)
    HAL_SYSTICK_Config                       0x08001ff1   Thumb Code    46  stm32u0xx_hal_cortex.o(i.HAL_SYSTICK_Config)
    HAL_UARTEx_DisableFifoMode               0x08002029   Thumb Code    84  stm32u0xx_hal_uart_ex.o(i.HAL_UARTEx_DisableFifoMode)
    HAL_UARTEx_RxEventCallback               0x0800207d   Thumb Code     2  stm32u0xx_hal_uart.o(i.HAL_UARTEx_RxEventCallback)
    HAL_UARTEx_RxFifoFullCallback            0x0800207f   Thumb Code     2  stm32u0xx_hal_uart_ex.o(i.HAL_UARTEx_RxFifoFullCallback)
    HAL_UARTEx_SetRxFifoThreshold            0x08002081   Thumb Code    96  stm32u0xx_hal_uart_ex.o(i.HAL_UARTEx_SetRxFifoThreshold)
    HAL_UARTEx_SetTxFifoThreshold            0x080020e1   Thumb Code    94  stm32u0xx_hal_uart_ex.o(i.HAL_UARTEx_SetTxFifoThreshold)
    HAL_UARTEx_TxFifoEmptyCallback           0x0800213f   Thumb Code     2  stm32u0xx_hal_uart_ex.o(i.HAL_UARTEx_TxFifoEmptyCallback)
    HAL_UARTEx_WakeupCallback                0x08002141   Thumb Code     2  stm32u0xx_hal_uart_ex.o(i.HAL_UARTEx_WakeupCallback)
    HAL_UART_ErrorCallback                   0x08002143   Thumb Code     2  stm32u0xx_hal_uart.o(i.HAL_UART_ErrorCallback)
    HAL_UART_IRQHandler                      0x08002145   Thumb Code  1094  stm32u0xx_hal_uart.o(i.HAL_UART_IRQHandler)
    HAL_UART_Init                            0x0800258b   Thumb Code   130  stm32u0xx_hal_uart.o(i.HAL_UART_Init)
    HAL_UART_MspInit                         0x0800260d   Thumb Code   164  usart.o(i.HAL_UART_MspInit)
    HAL_UART_Receive                         0x080026b9   Thumb Code   332  stm32u0xx_hal_uart.o(i.HAL_UART_Receive)
    HAL_UART_Transmit                        0x08002809   Thumb Code   242  stm32u0xx_hal_uart.o(i.HAL_UART_Transmit)
    HAL_UART_TxCpltCallback                  0x080028fb   Thumb Code     2  stm32u0xx_hal_uart.o(i.HAL_UART_TxCpltCallback)
    HardFault_Handler                        0x080028fd   Thumb Code     4  stm32u0xx_it.o(i.HardFault_Handler)
    MX_GPIO_Init                             0x08002901   Thumb Code   128  gpio.o(i.MX_GPIO_Init)
    MX_LPUART1_UART_Init                     0x08002989   Thumb Code   120  usart.o(i.MX_LPUART1_UART_Init)
    NMI_Handler                              0x08002a09   Thumb Code     4  stm32u0xx_it.o(i.NMI_Handler)
    SVC_Handler                              0x08002ab9   Thumb Code     2  port.o(i.SVC_Handler)
    SysTick_Handler                          0x08002abb   Thumb Code     8  stm32u0xx_it.o(i.SysTick_Handler)
    SystemClock_Config                       0x08002ac3   Thumb Code    96  main.o(i.SystemClock_Config)
    SystemInit                               0x08002b25   Thumb Code    64  system_stm32u0xx.o(i.SystemInit)
    UART_AdvFeatureConfig                    0x08002bd5   Thumb Code   240  stm32u0xx_hal_uart.o(i.UART_AdvFeatureConfig)
    UART_CheckIdleState                      0x08002cc5   Thumb Code   254  stm32u0xx_hal_uart.o(i.UART_CheckIdleState)
    UART_SetConfig                           0x08002e9d   Thumb Code   610  stm32u0xx_hal_uart.o(i.UART_SetConfig)
    UART_WaitOnFlagUntilTimeout              0x08003131   Thumb Code   180  stm32u0xx_hal_uart.o(i.UART_WaitOnFlagUntilTimeout)
    USART1_IRQHandler                        0x080031e5   Thumb Code    10  stm32u0xx_it.o(i.USART1_IRQHandler)
    __ARM_common_switch8                     0x080031f5   Thumb Code    28  stm32u0xx_hal_dma.o(i.__ARM_common_switch8)
    __scatterload_copy                       0x0800328f   Thumb Code    14  handlers.o(i.__scatterload_copy)
    __scatterload_null                       0x0800329d   Thumb Code     2  handlers.o(i.__scatterload_null)
    __scatterload_zeroinit                   0x0800329f   Thumb Code    14  handlers.o(i.__scatterload_zeroinit)
    led1_thread                              0x080032ed   Thumb Code    50  led.o(i.led1_thread)
    led2_thread                              0x08003325   Thumb Code    50  led.o(i.led2_thread)
    led_init                                 0x0800335d   Thumb Code    54  led.o(i.led_init)
    main                                     0x080033c1   Thumb Code    36  main.o(i.main)
    pvPortMalloc                             0x08003a45   Thumb Code   250  heap_4.o(i.pvPortMalloc)
    pvTaskIncrementMutexHeldCount            0x08003b55   Thumb Code    16  tasks.o(i.pvTaskIncrementMutexHeldCount)
    pxPortInitialiseStack                    0x08003b69   Thumb Code    26  port.o(i.pxPortInitialiseStack)
    shellBackspace                           0x08003bb1   Thumb Code    14  shell.o(i.shellBackspace)
    shellCheckPermission                     0x08003c05   Thumb Code    68  shell.o(i.shellCheckPermission)
    shellClear                               0x08003c49   Thumb Code    24  shell.o(i.shellClear)
    shellClearCommandLine                    0x08003c65   Thumb Code    40  shell.o(i.shellClearCommandLine)
    shellCmds                                0x08003c8d   Thumb Code    20  shell.o(i.shellCmds)
    shellDelete                              0x08003ca1   Thumb Code    16  shell.o(i.shellDelete)
    shellDeleteByte                          0x08003cb1   Thumb Code   222  shell.o(i.shellDeleteByte)
    shellDeleteCommandLine                   0x08003d91   Thumb Code    28  shell.o(i.shellDeleteCommandLine)
    shellDown                                0x08003db1   Thumb Code    16  shell.o(i.shellDown)
    shellEnter                               0x08003dc1   Thumb Code    20  shell.o(i.shellEnter)
    shellExec                                0x08003dd5   Thumb Code   116  shell.o(i.shellExec)
    shellExtParsePara                        0x08003fe3   Thumb Code   128  shell_ext.o(i.shellExtParsePara)
    shellExtRun                              0x080040db   Thumb Code   256  shell_ext.o(i.shellExtRun)
    shellGetCurrent                          0x08004291   Thumb Code    48  shell.o(i.shellGetCurrent)
    shellGetVarValue                         0x080042c5   Thumb Code    86  shell.o(i.shellGetVarValue)
    shellHandler                             0x0800431d   Thumb Code   262  shell.o(i.shellHandler)
    shellHelp                                0x08004429   Thumb Code    46  shell.o(i.shellHelp)
    shellInit                                0x08004599   Thumb Code   142  shell.o(i.shellInit)
    shellInsertByte                          0x08004639   Thumb Code   248  shell.o(i.shellInsertByte)
    shellKeys                                0x08004735   Thumb Code    20  shell.o(i.shellKeys)
    shellLeft                                0x08004749   Thumb Code    26  shell.o(i.shellLeft)
    shellListAll                             0x08004763   Thumb Code    12  shell.o(i.shellListAll)
    shellListCommand                         0x08004771   Thumb Code    72  shell.o(i.shellListCommand)
    shellListItem                            0x080047bd   Thumb Code   236  shell.o(i.shellListItem)
    shellListKey                             0x080048b5   Thumb Code    86  shell.o(i.shellListKey)
    shellListUser                            0x08004911   Thumb Code    86  shell.o(i.shellListUser)
    shellListVar                             0x0800496d   Thumb Code    86  shell.o(i.shellListVar)
    shellNormalInput                         0x080049c9   Thumb Code    28  shell.o(i.shellNormalInput)
    shellRight                               0x08004a67   Thumb Code    30  shell.o(i.shellRight)
    shellRunCommand                          0x08004a85   Thumb Code   180  shell.o(i.shellRunCommand)
    shellSeekCommand                         0x08004b39   Thumb Code   130  shell.o(i.shellSeekCommand)
    shellSetUser                             0x08004bbd   Thumb Code   100  shell.o(i.shellSetUser)
    shellSetVar                              0x08004c25   Thumb Code   104  shell.o(i.shellSetVar)
    shellSetVarValue                         0x08004c91   Thumb Code   150  shell.o(i.shellSetVarValue)
    shellSplit                               0x08004df1   Thumb Code   250  shell.o(i.shellSplit)
    shellTab                                 0x08004f39   Thumb Code   288  shell.o(i.shellTab)
    shellTask                                0x0800505d   Thumb Code    38  shell.o(i.shellTask)
    shellToDec                               0x08005083   Thumb Code    90  shell.o(i.shellToDec)
    shellToHex                               0x080050dd   Thumb Code    56  shell.o(i.shellToHex)
    shellUp                                  0x08005115   Thumb Code    14  shell.o(i.shellUp)
    shellUsers                               0x08005123   Thumb Code    20  shell.o(i.shellUsers)
    shellVars                                0x08005137   Thumb Code    20  shell.o(i.shellVars)
    shellWriteString                         0x08005315   Thumb Code    44  shell.o(i.shellWriteString)
    userShellInit                            0x08005341   Thumb Code    66  shell_port.o(i.userShellInit)
    userShellLock                            0x080053ad   Thumb Code    20  shell_port.o(i.userShellLock)
    userShellRead                            0x080053c5   Thumb Code    20  shell_port.o(i.userShellRead)
    userShellUnlock                          0x080053dd   Thumb Code    22  shell_port.o(i.userShellUnlock)
    userShellWrite                           0x080053f9   Thumb Code    22  shell_port.o(i.userShellWrite)
    uxListRemove                             0x08005419   Thumb Code    40  list.o(i.uxListRemove)
    vListInitialise                          0x08005441   Thumb Code    26  list.o(i.vListInitialise)
    vListInitialiseItem                      0x0800545b   Thumb Code     6  list.o(i.vListInitialiseItem)
    vListInsert                              0x08005461   Thumb Code    54  list.o(i.vListInsert)
    vPortEnterCritical                       0x08005499   Thumb Code    22  port.o(i.vPortEnterCritical)
    vPortExitCritical                        0x080054b5   Thumb Code    22  port.o(i.vPortExitCritical)
    vPortFree                                0x080054d1   Thumb Code    74  heap_4.o(i.vPortFree)
    vPortSetupTimerInterrupt                 0x08005525   Thumb Code    34  port.o(i.vPortSetupTimerInterrupt)
    vPortYield                               0x08005551   Thumb Code    18  port.o(i.vPortYield)
    vTaskDelay                               0x08005569   Thumb Code    38  tasks.o(i.vTaskDelay)
    vTaskInternalSetTimeOutState             0x08005591   Thumb Code    14  tasks.o(i.vTaskInternalSetTimeOutState)
    vTaskMissedYield                         0x080055a9   Thumb Code     8  tasks.o(i.vTaskMissedYield)
    vTaskPlaceOnEventList                    0x080055b5   Thumb Code    28  tasks.o(i.vTaskPlaceOnEventList)
    vTaskPriorityDisinheritAfterTimeout      0x080055d5   Thumb Code   184  tasks.o(i.vTaskPriorityDisinheritAfterTimeout)
    vTaskStartScheduler                      0x08005695   Thumb Code    44  tasks.o(i.vTaskStartScheduler)
    vTaskSuspendAll                          0x080056d1   Thumb Code    12  tasks.o(i.vTaskSuspendAll)
    vTaskSwitchContext                       0x080056e1   Thumb Code   106  tasks.o(i.vTaskSwitchContext)
    xPortStartScheduler                      0x08005761   Thumb Code    48  port.o(i.xPortStartScheduler)
    xPortSysTickHandler                      0x08005799   Thumb Code    32  port.o(i.xPortSysTickHandler)
    xQueueCreateMutex                        0x080057bd   Thumb Code    30  queue.o(i.xQueueCreateMutex)
    xQueueGenericCreate                      0x080057db   Thumb Code    86  queue.o(i.xQueueGenericCreate)
    xQueueGenericReset                       0x08005831   Thumb Code   148  queue.o(i.xQueueGenericReset)
    xQueueGenericSend                        0x080058c5   Thumb Code   252  queue.o(i.xQueueGenericSend)
    xQueueSemaphoreTake                      0x080059c1   Thumb Code   298  queue.o(i.xQueueSemaphoreTake)
    xTaskCheckForTimeOut                     0x08005aed   Thumb Code    90  tasks.o(i.xTaskCheckForTimeOut)
    xTaskCreate                              0x08005b51   Thumb Code    50  tasks.o(i.xTaskCreate)
    xTaskIncrementTick                       0x08005b85   Thumb Code   374  tasks.o(i.xTaskIncrementTick)
    xTaskPriorityDisinherit                  0x08005d29   Thumb Code   144  tasks.o(i.xTaskPriorityDisinherit)
    xTaskPriorityInherit                     0x08005dc1   Thumb Code   204  tasks.o(i.xTaskPriorityInherit)
    xTaskRemoveFromEventList                 0x08005e99   Thumb Code   250  tasks.o(i.xTaskRemoveFromEventList)
    xTaskResumeAll                           0x08005fad   Thumb Code   336  tasks.o(i.xTaskResumeAll)
    UARTPrescTable                           0x08006124   Data          24  stm32u0xx_hal_uart.o(.constdata)
    AHBPrescTable                            0x0800615b   Data          16  system_stm32u0xx.o(.constdata)
    APBPrescTable                            0x0800616b   Data           8  system_stm32u0xx.o(.constdata)
    MSIRangeTable                            0x08006174   Data          48  system_stm32u0xx.o(.constdata)
    shellCmdDefaultUser                      0x080061a4   Data           7  shell.o(.constdata)
    shellPasswordDefaultUser                 0x080061ab   Data           1  shell.o(.constdata)
    shellDesDefaultUser                      0x080061ac   Data          13  shell.o(.constdata)
    shellCmdsetVar                           0x080061b9   Data           7  shell.o(.constdata)
    shellDescsetVar                          0x080061c0   Data           8  shell.o(.constdata)
    shellDesc0x1B5B4100                      0x080061c8   Data           3  shell.o(.constdata)
    shellDesc0x1B5B4200                      0x080061cb   Data           5  shell.o(.constdata)
    shellDesc0x1B5B4300                      0x080061d0   Data           6  shell.o(.constdata)
    shellDesc0x1B5B4400                      0x080061d6   Data           5  shell.o(.constdata)
    shellDesc0x09000000                      0x080061db   Data           4  shell.o(.constdata)
    shellDesc0x08000000                      0x080061df   Data          10  shell.o(.constdata)
    shellDesc0x7F000000                      0x080061e9   Data          10  shell.o(.constdata)
    shellDesc0x1B5B337E                      0x080061f3   Data           7  shell.o(.constdata)
    shellDesc0x0A000000                      0x080061fa   Data           6  shell.o(.constdata)
    shellDesc0x0D000000                      0x08006200   Data           6  shell.o(.constdata)
    shellCmdhelp                             0x08006206   Data           5  shell.o(.constdata)
    shellDeschelp                            0x0800620b   Data          30  shell.o(.constdata)
    shellCmdusers                            0x08006229   Data           6  shell.o(.constdata)
    shellDescusers                           0x0800622f   Data          14  shell.o(.constdata)
    shellCmdcmds                             0x0800623d   Data           5  shell.o(.constdata)
    shellDesccmds                            0x08006242   Data          13  shell.o(.constdata)
    shellCmdvars                             0x0800624f   Data           5  shell.o(.constdata)
    shellDescvars                            0x08006254   Data          13  shell.o(.constdata)
    shellCmdkeys                             0x08006261   Data           5  shell.o(.constdata)
    shellDesckeys                            0x08006266   Data          13  shell.o(.constdata)
    shellCmdclear                            0x08006273   Data           6  shell.o(.constdata)
    shellDescclear                           0x08006279   Data          14  shell.o(.constdata)
    Region$$Table$$Base                      0x0800652c   Number         0  anon$$obj.o(Region$$Table)
    Region$$Table$$Limit                     0x0800654c   Number         0  anon$$obj.o(Region$$Table)
    shellCommand$$Base                       0x0800654c   Number         0  shell.o(shellCommand)
    shellUserDefault                         0x0800654c   Data          16  shell.o(shellCommand)
    shellCommandsetVar                       0x0800655c   Data          16  shell.o(shellCommand)
    shellKey0x1B5B4100                       0x0800656c   Data          16  shell.o(shellCommand)
    shellKey0x1B5B4200                       0x0800657c   Data          16  shell.o(shellCommand)
    shellKey0x1B5B4300                       0x0800658c   Data          16  shell.o(shellCommand)
    shellKey0x1B5B4400                       0x0800659c   Data          16  shell.o(shellCommand)
    shellKey0x09000000                       0x080065ac   Data          16  shell.o(shellCommand)
    shellKey0x08000000                       0x080065bc   Data          16  shell.o(shellCommand)
    shellKey0x7F000000                       0x080065cc   Data          16  shell.o(shellCommand)
    shellKey0x1B5B337E                       0x080065dc   Data          16  shell.o(shellCommand)
    shellKey0x0A000000                       0x080065ec   Data          16  shell.o(shellCommand)
    shellKey0x0D000000                       0x080065fc   Data          16  shell.o(shellCommand)
    shellCommandhelp                         0x0800660c   Data          16  shell.o(shellCommand)
    shellCommandusers                        0x0800661c   Data          16  shell.o(shellCommand)
    shellCommandcmds                         0x0800662c   Data          16  shell.o(shellCommand)
    shellCommandvars                         0x0800663c   Data          16  shell.o(shellCommand)
    shellCommandkeys                         0x0800664c   Data          16  shell.o(shellCommand)
    shellCommandclear                        0x0800665c   Data          16  shell.o(shellCommand)
    shellCommand$$Limit                      0x0800666c   Number         0  shell.o(shellCommand)
    uwTick                                   0x20000004   Data           4  stm32u0xx_hal.o(.data)
    uwTickPrio                               0x20000008   Data           4  stm32u0xx_hal.o(.data)
    uwTickFreq                               0x2000000c   Data           4  stm32u0xx_hal.o(.data)
    SystemCoreClock                          0x20000010   Data           4  system_stm32u0xx.o(.data)
    pxCurrentTCB                             0x20000014   Data           4  tasks.o(.data)
    pairedChars                              0x200000d4   Data           2  shell.o(.data)
    usart1                                   0x200000dc   Data         148  usart.o(.bss)
    shell                                    0x20002abc   Data         116  shell_port.o(.bss)
    shellBuffer                              0x20002b30   Data         512  shell_port.o(.bss)
    __initial_sp                             0x20003130   Data           0  startup_stm32u083xx.o(STACK)



==============================================================================

Memory Map of the image

  Image Entry point : 0x080000c1

  Load Region LR_IROM1 (Base: 0x08000000, Size: 0x00006748, Max: 0x00040000, ABSOLUTE)

    Execution Region ER_IROM1 (Exec base: 0x08000000, Load base: 0x08000000, Size: 0x0000666c, Max: 0x00040000, ABSOLUTE)

    Exec Addr    Load Addr    Size         Type   Attr      Idx    E Section Name        Object

    0x08000000   0x08000000   0x000000c0   Data   RO            3    RESET               startup_stm32u083xx.o
    0x080000c0   0x080000c0   0x00000000   Code   RO         4100  * .ARM.Collect$$$$00000000  mc_p.l(entry.o)
    0x080000c0   0x080000c0   0x00000004   Code   RO         4159    .ARM.Collect$$$$00000001  mc_p.l(entry2.o)
    0x080000c4   0x080000c4   0x00000004   Code   RO         4162    .ARM.Collect$$$$00000004  mc_p.l(entry5.o)
    0x080000c8   0x080000c8   0x00000000   Code   RO         4164    .ARM.Collect$$$$00000008  mc_p.l(entry7b.o)
    0x080000c8   0x080000c8   0x00000000   Code   RO         4166    .ARM.Collect$$$$0000000A  mc_p.l(entry8b.o)
    0x080000c8   0x080000c8   0x00000008   Code   RO         4167    .ARM.Collect$$$$0000000B  mc_p.l(entry9a.o)
    0x080000d0   0x080000d0   0x00000004   Code   RO         4174    .ARM.Collect$$$$0000000E  mc_p.l(entry12b.o)
    0x080000d4   0x080000d4   0x00000000   Code   RO         4169    .ARM.Collect$$$$0000000F  mc_p.l(entry10a.o)
    0x080000d4   0x080000d4   0x00000000   Code   RO         4171    .ARM.Collect$$$$00000011  mc_p.l(entry11a.o)
    0x080000d4   0x080000d4   0x00000004   Code   RO         4160    .ARM.Collect$$$$00002712  mc_p.l(entry2.o)
    0x080000d8   0x080000d8   0x00000078   Code   RO         3504    .emb_text           port.o
    0x08000150   0x08000150   0x0000001c   Code   RO            4    .text               startup_stm32u083xx.o
    0x0800016c   0x0800016c   0x0000002c   Code   RO         4103    .text               mc_p.l(uidiv.o)
    0x08000198   0x08000198   0x00000028   Code   RO         4105    .text               mc_p.l(idiv.o)
    0x080001c0   0x080001c0   0x00000060   Code   RO         4107    .text               mc_p.l(uldiv.o)
    0x08000220   0x08000220   0x0000007a   Code   RO         4109    .text               mc_p.l(llmul.o)
    0x0800029a   0x0800029a   0x00000024   Code   RO         4111    .text               mc_p.l(memcpya.o)
    0x080002be   0x080002be   0x00000024   Code   RO         4113    .text               mc_p.l(memseta.o)
    0x080002e2   0x080002e2   0x0000000e   Code   RO         4115    .text               mc_p.l(strlen.o)
    0x080002f0   0x080002f0   0x0000001c   Code   RO         4117    .text               mc_p.l(strcmp.o)
    0x0800030c   0x0800030c   0x0000001e   Code   RO         4119    .text               mc_p.l(strncmp.o)
    0x0800032a   0x0800032a   0x0000007a   Code   RO         4151    .text               mf_p.l(fmul.o)
    0x080003a4   0x080003a4   0x0000007c   Code   RO         4153    .text               mf_p.l(fdiv.o)
    0x08000420   0x08000420   0x00000016   Code   RO         4155    .text               mf_p.l(fflti.o)
    0x08000436   0x08000436   0x0000000e   Code   RO         4157    .text               mf_p.l(ffltui.o)
    0x08000444   0x08000444   0x00000020   Code   RO         4176    .text               mc_p.l(llshl.o)
    0x08000464   0x08000464   0x00000022   Code   RO         4178    .text               mc_p.l(llushr.o)
    0x08000486   0x08000486   0x00000000   Code   RO         4180    .text               mc_p.l(iusefp.o)
    0x08000486   0x08000486   0x00000082   Code   RO         4181    .text               mf_p.l(fepilogue.o)
    0x08000508   0x08000508   0x00000024   Code   RO         4193    .text               mc_p.l(init.o)
    0x0800052c   0x0800052c   0x00000006   Code   RO           12    i.Error_Handler     main.o
    0x08000532   0x08000532   0x0000008c   Code   RO         1104    i.HAL_DMA_Abort     stm32u0xx_hal_dma.o
    0x080005be   0x080005be   0x0000008a   Code   RO         1105    i.HAL_DMA_Abort_IT  stm32u0xx_hal_dma.o
    0x08000648   0x08000648   0x000001f4   Code   RO         1035    i.HAL_GPIO_Init     stm32u0xx_hal_gpio.o
    0x0800083c   0x0800083c   0x00000014   Code   RO         1038    i.HAL_GPIO_TogglePin  stm32u0xx_hal_gpio.o
    0x08000850   0x08000850   0x0000000c   Code   RO         1039    i.HAL_GPIO_WritePin  stm32u0xx_hal_gpio.o
    0x0800085c   0x0800085c   0x0000000c   Code   RO         1605    i.HAL_GetTick       stm32u0xx_hal.o
    0x08000868   0x08000868   0x0000001a   Code   RO         1612    i.HAL_Init          stm32u0xx_hal.o
    0x08000882   0x08000882   0x00000002   PAD
    0x08000884   0x08000884   0x00000060   Code   RO         1613    i.HAL_InitTick      stm32u0xx_hal.o
    0x080008e4   0x080008e4   0x00000044   Code   RO          350    i.HAL_MspInit       stm32u0xx_hal_msp.o
    0x08000928   0x08000928   0x00000024   Code   RO          379    i.HAL_NVIC_EnableIRQ  stm32u0xx_hal_cortex.o
    0x0800094c   0x0800094c   0x00000012   Code   RO          383    i.HAL_NVIC_SetPriority  stm32u0xx_hal_cortex.o
    0x0800095e   0x0800095e   0x00000002   PAD
    0x08000960   0x08000960   0x0000009c   Code   RO         1371    i.HAL_PWREx_ControlVoltageScaling  stm32u0xx_hal_pwr_ex.o
    0x080009fc   0x080009fc   0x00000010   Code   RO         1400    i.HAL_PWREx_GetVoltageRange  stm32u0xx_hal_pwr_ex.o
    0x08000a0c   0x08000a0c   0x00000130   Code   RO          615    i.HAL_RCCEx_GetPLLClockFreq  stm32u0xx_hal_rcc_ex.o
    0x08000b3c   0x08000b3c   0x000006e4   Code   RO          617    i.HAL_RCCEx_GetPeriphCLKFreq  stm32u0xx_hal_rcc_ex.o
    0x08001220   0x08001220   0x0000039c   Code   RO          620    i.HAL_RCCEx_PeriphCLKConfig  stm32u0xx_hal_rcc_ex.o
    0x080015bc   0x080015bc   0x0000019c   Code   RO          499    i.HAL_RCC_ClockConfig  stm32u0xx_hal_rcc.o
    0x08001758   0x08001758   0x0000000c   Code   RO          503    i.HAL_RCC_GetHCLKFreq  stm32u0xx_hal_rcc.o
    0x08001764   0x08001764   0x00000028   Code   RO          505    i.HAL_RCC_GetPCLK1Freq  stm32u0xx_hal_rcc.o
    0x0800178c   0x0800178c   0x0000010c   Code   RO          507    i.HAL_RCC_GetSysClockFreq  stm32u0xx_hal_rcc.o
    0x08001898   0x08001898   0x00000758   Code   RO          510    i.HAL_RCC_OscConfig  stm32u0xx_hal_rcc.o
    0x08001ff0   0x08001ff0   0x00000038   Code   RO          387    i.HAL_SYSTICK_Config  stm32u0xx_hal_cortex.o
    0x08002028   0x08002028   0x00000054   Code   RO         2358    i.HAL_UARTEx_DisableFifoMode  stm32u0xx_hal_uart_ex.o
    0x0800207c   0x0800207c   0x00000002   Code   RO         1936    i.HAL_UARTEx_RxEventCallback  stm32u0xx_hal_uart.o
    0x0800207e   0x0800207e   0x00000002   Code   RO         2366    i.HAL_UARTEx_RxFifoFullCallback  stm32u0xx_hal_uart_ex.o
    0x08002080   0x08002080   0x00000060   Code   RO         2367    i.HAL_UARTEx_SetRxFifoThreshold  stm32u0xx_hal_uart_ex.o
    0x080020e0   0x080020e0   0x0000005e   Code   RO         2368    i.HAL_UARTEx_SetTxFifoThreshold  stm32u0xx_hal_uart_ex.o
    0x0800213e   0x0800213e   0x00000002   Code   RO         2370    i.HAL_UARTEx_TxFifoEmptyCallback  stm32u0xx_hal_uart_ex.o
    0x08002140   0x08002140   0x00000002   Code   RO         2371    i.HAL_UARTEx_WakeupCallback  stm32u0xx_hal_uart_ex.o
    0x08002142   0x08002142   0x00000002   Code   RO         1952    i.HAL_UART_ErrorCallback  stm32u0xx_hal_uart.o
    0x08002144   0x08002144   0x00000446   Code   RO         1955    i.HAL_UART_IRQHandler  stm32u0xx_hal_uart.o
    0x0800258a   0x0800258a   0x00000082   Code   RO         1956    i.HAL_UART_Init     stm32u0xx_hal_uart.o
    0x0800260c   0x0800260c   0x000000ac   Code   RO          262    i.HAL_UART_MspInit  usart.o
    0x080026b8   0x080026b8   0x00000150   Code   RO         1959    i.HAL_UART_Receive  stm32u0xx_hal_uart.o
    0x08002808   0x08002808   0x000000f2   Code   RO         1965    i.HAL_UART_Transmit  stm32u0xx_hal_uart.o
    0x080028fa   0x080028fa   0x00000002   Code   RO         1968    i.HAL_UART_TxCpltCallback  stm32u0xx_hal_uart.o
    0x080028fc   0x080028fc   0x00000004   Code   RO          302    i.HardFault_Handler  stm32u0xx_it.o
    0x08002900   0x08002900   0x00000088   Code   RO          239    i.MX_GPIO_Init      gpio.o
    0x08002988   0x08002988   0x00000080   Code   RO          263    i.MX_LPUART1_UART_Init  usart.o
    0x08002a08   0x08002a08   0x00000004   Code   RO          303    i.NMI_Handler       stm32u0xx_it.o
    0x08002a0c   0x08002a0c   0x000000ac   Code   RO          511    i.RCC_SetFlashLatencyFromMSIRange  stm32u0xx_hal_rcc.o
    0x08002ab8   0x08002ab8   0x00000002   Code   RO         3505    i.SVC_Handler       port.o
    0x08002aba   0x08002aba   0x00000008   Code   RO          304    i.SysTick_Handler   stm32u0xx_it.o
    0x08002ac2   0x08002ac2   0x00000060   Code   RO           13    i.SystemClock_Config  main.o
    0x08002b22   0x08002b22   0x00000002   PAD
    0x08002b24   0x08002b24   0x00000048   Code   RO         2521    i.SystemInit        system_stm32u0xx.o
    0x08002b6c   0x08002b6c   0x00000068   Code   RO         2372    i.UARTEx_SetNbDataToProcess  stm32u0xx_hal_uart_ex.o
    0x08002bd4   0x08002bd4   0x000000f0   Code   RO         1970    i.UART_AdvFeatureConfig  stm32u0xx_hal_uart.o
    0x08002cc4   0x08002cc4   0x00000104   Code   RO         1971    i.UART_CheckIdleState  stm32u0xx_hal_uart.o
    0x08002dc8   0x08002dc8   0x00000018   Code   RO         1972    i.UART_DMAAbortOnError  stm32u0xx_hal_uart.o
    0x08002de0   0x08002de0   0x00000084   Code   RO         1982    i.UART_EndRxTransfer  stm32u0xx_hal_uart.o
    0x08002e64   0x08002e64   0x00000038   Code   RO         1983    i.UART_EndTransmit_IT  stm32u0xx_hal_uart.o
    0x08002e9c   0x08002e9c   0x00000294   Code   RO         1989    i.UART_SetConfig    stm32u0xx_hal_uart.o
    0x08003130   0x08003130   0x000000b4   Code   RO         1996    i.UART_WaitOnFlagUntilTimeout  stm32u0xx_hal_uart.o
    0x080031e4   0x080031e4   0x00000010   Code   RO          305    i.USART1_IRQHandler  stm32u0xx_it.o
    0x080031f4   0x080031f4   0x0000001c   Code   RO         1199    i.__ARM_common_switch8  stm32u0xx_hal_dma.o
    0x08003210   0x08003210   0x00000078   Code   RO          389    i.__NVIC_SetPriority  stm32u0xx_hal_cortex.o
    0x08003288   0x08003288   0x00000006   Code   RO         1997    i.__get_PRIMASK     stm32u0xx_hal_uart.o
    0x0800328e   0x0800328e   0x0000000e   Code   RO         4203    i.__scatterload_copy  mc_p.l(handlers.o)
    0x0800329c   0x0800329c   0x00000002   Code   RO         4204    i.__scatterload_null  mc_p.l(handlers.o)
    0x0800329e   0x0800329e   0x0000000e   Code   RO         4205    i.__scatterload_zeroinit  mc_p.l(handlers.o)
    0x080032ac   0x080032ac   0x00000006   Code   RO         1998    i.__set_PRIMASK     stm32u0xx_hal_uart.o
    0x080032b2   0x080032b2   0x00000002   PAD
    0x080032b4   0x080032b4   0x0000002c   Code   RO           14    i.app_init          main.o
    0x080032e0   0x080032e0   0x0000000a   Code   RO           15    i.app_thread        main.o
    0x080032ea   0x080032ea   0x00000002   PAD
    0x080032ec   0x080032ec   0x00000038   Code   RO         3584    i.led1_thread       led.o
    0x08003324   0x08003324   0x00000038   Code   RO         3585    i.led2_thread       led.o
    0x0800335c   0x0800335c   0x00000064   Code   RO         3586    i.led_init          led.o
    0x080033c0   0x080033c0   0x00000024   Code   RO           20    i.main              main.o
    0x080033e4   0x080033e4   0x000000b0   Code   RO         3057    i.prvAddCurrentTaskToDelayedList  tasks.o
    0x08003494   0x08003494   0x000000e0   Code   RO         3058    i.prvAddNewTaskToReadyList  tasks.o
    0x08003574   0x08003574   0x00000048   Code   RO         3059    i.prvCheckTasksWaitingTermination  tasks.o
    0x080035bc   0x080035bc   0x00000080   Code   RO         2712    i.prvCopyDataToQueue  queue.o
    0x0800363c   0x0800363c   0x0000006c   Code   RO         3060    i.prvCreateIdleTasks  tasks.o
    0x080036a8   0x080036a8   0x00000058   Code   RO         3061    i.prvCreateTask     tasks.o
    0x08003700   0x08003700   0x00000012   Code   RO         3062    i.prvDeleteTCB      tasks.o
    0x08003712   0x08003712   0x00000016   Code   RO         2713    i.prvGetDisinheritPriorityAfterTimeout  queue.o
    0x08003728   0x08003728   0x00000070   Code   RO         3428    i.prvHeapInit       heap_4.o
    0x08003798   0x08003798   0x00000018   Code   RO         3063    i.prvIdleTask       tasks.o
    0x080037b0   0x080037b0   0x00000020   Code   RO         2714    i.prvInitialiseMutex  queue.o
    0x080037d0   0x080037d0   0x00000022   Code   RO         2715    i.prvInitialiseNewQueue  queue.o
    0x080037f2   0x080037f2   0x00000080   Code   RO         3064    i.prvInitialiseNewTask  tasks.o
    0x08003872   0x08003872   0x00000002   PAD
    0x08003874   0x08003874   0x00000064   Code   RO         3065    i.prvInitialiseTaskLists  tasks.o
    0x080038d8   0x080038d8   0x00000068   Code   RO         3429    i.prvInsertBlockIntoFreeList  heap_4.o
    0x08003940   0x08003940   0x0000001c   Code   RO         2716    i.prvIsQueueEmpty   queue.o
    0x0800395c   0x0800395c   0x0000001e   Code   RO         2717    i.prvIsQueueFull    queue.o
    0x0800397a   0x0800397a   0x00000002   PAD
    0x0800397c   0x0800397c   0x00000034   Code   RO         3066    i.prvResetNextTaskUnblockTime  tasks.o
    0x080039b0   0x080039b0   0x00000006   Code   RO         3506    i.prvTaskExitError  port.o
    0x080039b6   0x080039b6   0x0000008e   Code   RO         2718    i.prvUnlockQueue    queue.o
    0x08003a44   0x08003a44   0x00000110   Code   RO         3431    i.pvPortMalloc      heap_4.o
    0x08003b54   0x08003b54   0x00000014   Code   RO         3068    i.pvTaskIncrementMutexHeldCount  tasks.o
    0x08003b68   0x08003b68   0x00000020   Code   RO         3507    i.pxPortInitialiseStack  port.o
    0x08003b88   0x08003b88   0x00000028   Code   RO         3617    i.shellAdd          shell.o
    0x08003bb0   0x08003bb0   0x0000000e   Code   RO         3618    i.shellBackspace    shell.o
    0x08003bbe   0x08003bbe   0x00000002   PAD
    0x08003bc0   0x08003bc0   0x00000044   Code   RO         3619    i.shellCheckPassword  shell.o
    0x08003c04   0x08003c04   0x00000044   Code   RO         3620    i.shellCheckPermission  shell.o
    0x08003c48   0x08003c48   0x0000001c   Code   RO         3621    i.shellClear        shell.o
    0x08003c64   0x08003c64   0x00000028   Code   RO         3622    i.shellClearCommandLine  shell.o
    0x08003c8c   0x08003c8c   0x00000014   Code   RO         3623    i.shellCmds         shell.o
    0x08003ca0   0x08003ca0   0x00000010   Code   RO         3624    i.shellDelete       shell.o
    0x08003cb0   0x08003cb0   0x000000de   Code   RO         3625    i.shellDeleteByte   shell.o
    0x08003d8e   0x08003d8e   0x00000002   PAD
    0x08003d90   0x08003d90   0x00000020   Code   RO         3626    i.shellDeleteCommandLine  shell.o
    0x08003db0   0x08003db0   0x00000010   Code   RO         3627    i.shellDown         shell.o
    0x08003dc0   0x08003dc0   0x00000014   Code   RO         3628    i.shellEnter        shell.o
    0x08003dd4   0x08003dd4   0x0000007c   Code   RO         3629    i.shellExec         shell.o
    0x08003e50   0x08003e50   0x0000005a   Code   RO         3997    i.shellExtNumType   shell_ext.o
    0x08003eaa   0x08003eaa   0x00000052   Code   RO         3998    i.shellExtParseChar  shell_ext.o
    0x08003efc   0x08003efc   0x000000e6   Code   RO         3999    i.shellExtParseNumber  shell_ext.o
    0x08003fe2   0x08003fe2   0x00000080   Code   RO         4000    i.shellExtParsePara  shell_ext.o
    0x08004062   0x08004062   0x0000004a   Code   RO         4001    i.shellExtParseString  shell_ext.o
    0x080040ac   0x080040ac   0x0000002e   Code   RO         4002    i.shellExtParseVar  shell_ext.o
    0x080040da   0x080040da   0x00000100   Code   RO         4003    i.shellExtRun       shell_ext.o
    0x080041da   0x080041da   0x00000036   Code   RO         4004    i.shellExtToNum     shell_ext.o
    0x08004210   0x08004210   0x00000030   Code   RO         3630    i.shellGetCommandDesc  shell.o
    0x08004240   0x08004240   0x00000050   Code   RO         3631    i.shellGetCommandName  shell.o
    0x08004290   0x08004290   0x00000034   Code   RO         3632    i.shellGetCurrent   shell.o
    0x080042c4   0x080042c4   0x00000056   Code   RO         3633    i.shellGetVarValue  shell.o
    0x0800431a   0x0800431a   0x00000002   PAD
    0x0800431c   0x0800431c   0x0000010c   Code   RO         3634    i.shellHandler      shell.o
    0x08004428   0x08004428   0x0000002e   Code   RO         3635    i.shellHelp         shell.o
    0x08004456   0x08004456   0x000000c0   Code   RO         3636    i.shellHistory      shell.o
    0x08004516   0x08004516   0x00000080   Code   RO         3637    i.shellHistoryAdd   shell.o
    0x08004596   0x08004596   0x00000002   PAD
    0x08004598   0x08004598   0x000000a0   Code   RO         3638    i.shellInit         shell.o
    0x08004638   0x08004638   0x000000fc   Code   RO         3639    i.shellInsertByte   shell.o
    0x08004734   0x08004734   0x00000014   Code   RO         3640    i.shellKeys         shell.o
    0x08004748   0x08004748   0x0000001a   Code   RO         3641    i.shellLeft         shell.o
    0x08004762   0x08004762   0x0000000c   Code   RO         3642    i.shellListAll      shell.o
    0x0800476e   0x0800476e   0x00000002   PAD
    0x08004770   0x08004770   0x0000004c   Code   RO         3643    i.shellListCommand  shell.o
    0x080047bc   0x080047bc   0x000000f8   Code   RO         3644    i.shellListItem     shell.o
    0x080048b4   0x080048b4   0x0000005c   Code   RO         3645    i.shellListKey      shell.o
    0x08004910   0x08004910   0x0000005c   Code   RO         3646    i.shellListUser     shell.o
    0x0800496c   0x0800496c   0x0000005c   Code   RO         3647    i.shellListVar      shell.o
    0x080049c8   0x080049c8   0x0000001c   Code   RO         3648    i.shellNormalInput  shell.o
    0x080049e4   0x080049e4   0x0000001a   Code   RO         3649    i.shellParserParam  shell.o
    0x080049fe   0x080049fe   0x00000068   Code   RO         3652    i.shellRemoveParamQuotes  shell.o
    0x08004a66   0x08004a66   0x0000001e   Code   RO         3653    i.shellRight        shell.o
    0x08004a84   0x08004a84   0x000000b4   Code   RO         3655    i.shellRunCommand   shell.o
    0x08004b38   0x08004b38   0x00000082   Code   RO         3656    i.shellSeekCommand  shell.o
    0x08004bba   0x08004bba   0x00000002   PAD
    0x08004bbc   0x08004bbc   0x00000068   Code   RO         3657    i.shellSetUser      shell.o
    0x08004c24   0x08004c24   0x0000006c   Code   RO         3658    i.shellSetVar       shell.o
    0x08004c90   0x08004c90   0x0000009c   Code   RO         3659    i.shellSetVarValue  shell.o
    0x08004d2c   0x08004d2c   0x000000c4   Code   RO         3660    i.shellShowVar      shell.o
    0x08004df0   0x08004df0   0x00000100   Code   RO         3661    i.shellSplit        shell.o
    0x08004ef0   0x08004ef0   0x0000002e   Code   RO         3662    i.shellStringCompare  shell.o
    0x08004f1e   0x08004f1e   0x00000018   Code   RO         3663    i.shellStringCopy   shell.o
    0x08004f36   0x08004f36   0x00000002   PAD
    0x08004f38   0x08004f38   0x00000124   Code   RO         3664    i.shellTab          shell.o
    0x0800505c   0x0800505c   0x00000026   Code   RO         3665    i.shellTask         shell.o
    0x08005082   0x08005082   0x0000005a   Code   RO         3666    i.shellToDec        shell.o
    0x080050dc   0x080050dc   0x00000038   Code   RO         3667    i.shellToHex        shell.o
    0x08005114   0x08005114   0x0000000e   Code   RO         3668    i.shellUp           shell.o
    0x08005122   0x08005122   0x00000014   Code   RO         3669    i.shellUsers        shell.o
    0x08005136   0x08005136   0x00000014   Code   RO         3670    i.shellVars         shell.o
    0x0800514a   0x0800514a   0x0000000e   Code   RO         3671    i.shellWriteByte    shell.o
    0x08005158   0x08005158   0x0000005c   Code   RO         3672    i.shellWriteCommandDesc  shell.o
    0x080051b4   0x080051b4   0x00000068   Code   RO         3673    i.shellWriteCommandHelp  shell.o
    0x0800521c   0x0800521c   0x00000070   Code   RO         3674    i.shellWritePrompt  shell.o
    0x0800528c   0x0800528c   0x00000088   Code   RO         3675    i.shellWriteReturnValue  shell.o
    0x08005314   0x08005314   0x0000002c   Code   RO         3676    i.shellWriteString  shell.o
    0x08005340   0x08005340   0x0000006c   Code   RO         4047    i.userShellInit     shell_port.o
    0x080053ac   0x080053ac   0x00000018   Code   RO         4048    i.userShellLock     shell_port.o
    0x080053c4   0x080053c4   0x00000018   Code   RO         4049    i.userShellRead     shell_port.o
    0x080053dc   0x080053dc   0x0000001c   Code   RO         4050    i.userShellUnlock   shell_port.o
    0x080053f8   0x080053f8   0x00000020   Code   RO         4051    i.userShellWrite    shell_port.o
    0x08005418   0x08005418   0x00000028   Code   RO         2665    i.uxListRemove      list.o
    0x08005440   0x08005440   0x0000001a   Code   RO         2666    i.vListInitialise   list.o
    0x0800545a   0x0800545a   0x00000006   Code   RO         2667    i.vListInitialiseItem  list.o
    0x08005460   0x08005460   0x00000036   Code   RO         2668    i.vListInsert       list.o
    0x08005496   0x08005496   0x00000002   PAD
    0x08005498   0x08005498   0x0000001c   Code   RO         3509    i.vPortEnterCritical  port.o
    0x080054b4   0x080054b4   0x0000001c   Code   RO         3510    i.vPortExitCritical  port.o
    0x080054d0   0x080054d0   0x00000054   Code   RO         3432    i.vPortFree         heap_4.o
    0x08005524   0x08005524   0x0000002c   Code   RO         3511    i.vPortSetupTimerInterrupt  port.o
    0x08005550   0x08005550   0x00000018   Code   RO         3512    i.vPortYield        port.o
    0x08005568   0x08005568   0x00000026   Code   RO         3077    i.vTaskDelay        tasks.o
    0x0800558e   0x0800558e   0x00000002   PAD
    0x08005590   0x08005590   0x00000018   Code   RO         3081    i.vTaskInternalSetTimeOutState  tasks.o
    0x080055a8   0x080055a8   0x0000000c   Code   RO         3082    i.vTaskMissedYield  tasks.o
    0x080055b4   0x080055b4   0x00000020   Code   RO         3083    i.vTaskPlaceOnEventList  tasks.o
    0x080055d4   0x080055d4   0x000000c0   Code   RO         3085    i.vTaskPriorityDisinheritAfterTimeout  tasks.o
    0x08005694   0x08005694   0x0000003c   Code   RO         3091    i.vTaskStartScheduler  tasks.o
    0x080056d0   0x080056d0   0x00000010   Code   RO         3093    i.vTaskSuspendAll   tasks.o
    0x080056e0   0x080056e0   0x00000080   Code   RO         3094    i.vTaskSwitchContext  tasks.o
    0x08005760   0x08005760   0x00000038   Code   RO         3513    i.xPortStartScheduler  port.o
    0x08005798   0x08005798   0x00000024   Code   RO         3514    i.xPortSysTickHandler  port.o
    0x080057bc   0x080057bc   0x0000001e   Code   RO         2725    i.xQueueCreateMutex  queue.o
    0x080057da   0x080057da   0x00000056   Code   RO         2726    i.xQueueGenericCreate  queue.o
    0x08005830   0x08005830   0x00000094   Code   RO         2727    i.xQueueGenericReset  queue.o
    0x080058c4   0x080058c4   0x000000fc   Code   RO         2728    i.xQueueGenericSend  queue.o
    0x080059c0   0x080059c0   0x0000012a   Code   RO         2737    i.xQueueSemaphoreTake  queue.o
    0x08005aea   0x08005aea   0x00000002   PAD
    0x08005aec   0x08005aec   0x00000064   Code   RO         3096    i.xTaskCheckForTimeOut  tasks.o
    0x08005b50   0x08005b50   0x00000032   Code   RO         3097    i.xTaskCreate       tasks.o
    0x08005b82   0x08005b82   0x00000002   PAD
    0x08005b84   0x08005b84   0x000001a4   Code   RO         3107    i.xTaskIncrementTick  tasks.o
    0x08005d28   0x08005d28   0x00000098   Code   RO         3108    i.xTaskPriorityDisinherit  tasks.o
    0x08005dc0   0x08005dc0   0x000000d8   Code   RO         3109    i.xTaskPriorityInherit  tasks.o
    0x08005e98   0x08005e98   0x00000114   Code   RO         3110    i.xTaskRemoveFromEventList  tasks.o
    0x08005fac   0x08005fac   0x00000170   Code   RO         3111    i.xTaskResumeAll    tasks.o
    0x0800611c   0x0800611c   0x00000020   Data   RO         1999    .constdata          stm32u0xx_hal_uart.o
    0x0800613c   0x0800613c   0x00000017   Data   RO         2376    .constdata          stm32u0xx_hal_uart_ex.o
    0x08006153   0x08006153   0x00000001   PAD
    0x08006154   0x08006154   0x00000050   Data   RO         2522    .constdata          system_stm32u0xx.o
    0x080061a4   0x080061a4   0x000000e3   Data   RO         3678    .constdata          shell.o
    0x08006287   0x08006287   0x00000001   PAD
    0x08006288   0x08006288   0x000002a1   Data   RO         3679    .conststring        shell.o
    0x08006529   0x08006529   0x00000003   PAD
    0x0800652c   0x0800652c   0x00000020   Data   RO         4201    Region$$Table       anon$$obj.o
    0x0800654c   0x0800654c   0x00000120   Data   RO         3681    shellCommand        shell.o


    Execution Region RW_IRAM1 (Exec base: 0x20000000, Load base: 0x0800666c, Size: 0x00003130, Max: 0x00008000, ABSOLUTE)

    Exec Addr    Load Addr    Size         Type   Attr      Idx    E Section Name        Object

    0x20000000   0x0800666c   0x00000004   Data   RW           22    .data               main.o
    0x20000004   0x08006670   0x0000000c   Data   RW         1637    .data               stm32u0xx_hal.o
    0x20000010   0x0800667c   0x00000004   Data   RW         2523    .data               system_stm32u0xx.o
    0x20000014   0x08006680   0x00000040   Data   RW         3115    .data               tasks.o
    0x20000054   0x080066c0   0x0000001c   Data   RW         3440    .data               heap_4.o
    0x20000070   0x080066dc   0x00000004   Data   RW         3516    .data               port.o
    0x20000074   0x080066e0   0x0000000c   Data   RW         3588    .data               led.o
    0x20000080   0x080066ec   0x00000056   Data   RW         3680    .data               shell.o
    0x200000d6   0x08006742   0x00000002   PAD
    0x200000d8   0x08006744   0x00000004   Data   RW         4054    .data               shell_port.o
    0x200000dc        -       0x00000094   Zero   RW          264    .bss                usart.o
    0x20000170        -       0x0000012c   Zero   RW         3113    .bss                tasks.o
    0x2000029c        -       0x00002800   Zero   RW         3438    .bss                heap_4.o
    0x20002a9c        -       0x0000001d   Zero   RW         3677    .bss                shell.o
    0x20002ab9   0x08006748   0x00000003   PAD
    0x20002abc        -       0x00000274   Zero   RW         4052    .bss                shell_port.o
    0x20002d30        -       0x00000400   Zero   RW            1    STACK               startup_stm32u083xx.o


==============================================================================

Image component sizes


      Code (inc. data)   RO Data    RW Data    ZI Data      Debug   Object Name

         0          0          0          0          0       2556   event_groups.o
       136          8          0          0          0        839   gpio.o
       572         62          0         28      10240       4915   heap_4.o
       212         58          0         12          0       1479   led.o
       126          0          0          0          0       2617   list.o
       192         20          0          4          0     568953   main.o
       376         56          0          4          0       6859   port.o
      1230          0          0          0          0      13197   queue.o
      5098        242       1188         86         29      40977   shell.o
       960         10          0          0          0       6922   shell_ext.o
       216         66          0          4        628       3735   shell_port.o
        28          8        192          0       1024        612   startup_stm32u083xx.o
       134         20          0         12          0       2695   stm32u0xx_hal.o
       230         26          0          0          0      12045   stm32u0xx_hal_cortex.o
       306          0          0          0          0       1751   stm32u0xx_hal_dma.o
         0          0          0          0          0       2516   stm32u0xx_hal_flash.o
       532         26          0          0          0       2537   stm32u0xx_hal_gpio.o
        68          6          0          0          0        794   stm32u0xx_hal_msp.o
       172         16          0          0          0       1266   stm32u0xx_hal_pwr_ex.o
      2784        102          0          0          0       6881   stm32u0xx_hal_rcc.o
      2992         60          0          0          0       4309   stm32u0xx_hal_rcc_ex.o
      3372         82         32          0          0      32523   stm32u0xx_hal_uart.o
       384         10         23          0          0       5298   stm32u0xx_hal_uart_ex.o
        32          6          0          0          0       1696   stm32u0xx_it.o
         0          0          0          0          0        392   stream_buffer.o
        72          8         80          4          0       1221   system_stm32u0xx.o
      3094        330          0         64        300      29144   tasks.o
       300         16          0          0        148       1719   usart.o

    ----------------------------------------------------------------------
     23654       1238       1552        220      12372     760448   Object Totals
         0          0         32          0          0          0   (incl. Generated)
        36          0          5          2          3          0   (incl. Padding)

    ----------------------------------------------------------------------

      Code (inc. data)   RO Data    RW Data    ZI Data      Debug   Library Member Name

         0          0          0          0          0          0   entry.o
         0          0          0          0          0          0   entry10a.o
         0          0          0          0          0          0   entry11a.o
         4          0          0          0          0          0   entry12b.o
         8          4          0          0          0          0   entry2.o
         4          0          0          0          0          0   entry5.o
         0          0          0          0          0          0   entry7b.o
         0          0          0          0          0          0   entry8b.o
         8          4          0          0          0          0   entry9a.o
        30          0          0          0          0          0   handlers.o
        40          0          0          0          0         72   idiv.o
        36          8          0          0          0         68   init.o
         0          0          0          0          0          0   iusefp.o
       122          0          0          0          0         84   llmul.o
        32          0          0          0          0         68   llshl.o
        34          0          0          0          0         68   llushr.o
        36          0          0          0          0         60   memcpya.o
        36          0          0          0          0        100   memseta.o
        28          0          0          0          0         68   strcmp.o
        14          0          0          0          0         60   strlen.o
        30          0          0          0          0         72   strncmp.o
        44          0          0          0          0         72   uidiv.o
        96          0          0          0          0         84   uldiv.o
       124          0          0          0          0         72   fdiv.o
       130          0          0          0          0        144   fepilogue.o
        22          0          0          0          0         68   fflti.o
        14          0          0          0          0         68   ffltui.o
       122          0          0          0          0         72   fmul.o

    ----------------------------------------------------------------------
      1014         16          0          0          0       1300   Library Totals
         0          0          0          0          0          0   (incl. Padding)

    ----------------------------------------------------------------------

      Code (inc. data)   RO Data    RW Data    ZI Data      Debug   Library Name

       602         16          0          0          0        876   mc_p.l
       412          0          0          0          0        424   mf_p.l

    ----------------------------------------------------------------------
      1014         16          0          0          0       1300   Library Totals

    ----------------------------------------------------------------------

==============================================================================


      Code (inc. data)   RO Data    RW Data    ZI Data      Debug   

     24668       1254       1552        220      12372     753180   Grand Totals
     24668       1254       1552        220      12372     753180   ELF Image Totals
     24668       1254       1552        220          0          0   ROM Totals

==============================================================================

    Total RO  Size (Code + RO Data)                26220 (  25.61kB)
    Total RW  Size (RW Data + ZI Data)             12592 (  12.30kB)
    Total ROM Size (Code + RO Data + RW Data)      26440 (  25.82kB)

==============================================================================

