<html>
<body>
<pre>
<h1>µVision Build Log</h1>
<h2>Tool Versions:</h2>
IDE-Version: ¦ÌVision V5.36.0.0
Copyright (C) 2021 ARM Ltd and ARM Germany GmbH. All rights reserved.
License Information: EE admin, EE, LIC=VGXG8-35S60-SBGEJ-UQ320-LY2SK-11VBD
 
Tool Versions:
Toolchain:       MDK-ARM Plus  Version: 5.36.0.0
Toolchain Path:  E:\Keil_v5\ARM\ARMCC\Bin
C Compiler:      Armcc.exe V5.06 update 7 (build 960)
Assembler:       Armasm.exe V5.06 update 7 (build 960)
Linker/Locator:  ArmLink.exe V5.06 update 7 (build 960)
Library Manager: ArmAr.exe V5.06 update 7 (build 960)
Hex Converter:   FromElf.exe V5.06 update 7 (build 960)
CPU DLL:         SARMCM3.DLL V5.36.0.0
Dialog DLL:      DARMCM1.DLL V1.19.4.0
Target DLL:      STLink\ST-LINKIII-KEIL_SWO.dll V3.0.9.0
Dialog DLL:      TARMCM1.DLL V1.14.4.0
 
<h2>Project:</h2>
G:\working_file\FreeRTOS-Demo\LPUART\MDK-ARM\LPUART.uvprojx
Project File Date:  04/30/2025

<h2>Output:</h2>
*** Using Compiler 'V5.06 update 7 (build 960)', folder: 'E:\Keil_v5\ARM\ARMCC\Bin'
Build target 'LPUART'
assembling startup_stm32u083xx.s...
compiling stm32u0xx_hal_pwr.c...
compiling stm32u0xx_hal_msp.c...
compiling stm32u0xx_hal_flash.c...
compiling stm32u0xx_hal_dma.c...
compiling stm32u0xx_hal_gpio.c...
compiling gpio.c...
compiling usart.c...
compiling stm32u0xx_hal_cortex.c...
compiling stm32u0xx_hal_pwr_ex.c...
compiling stm32u0xx_hal_dma_ex.c...
compiling stm32u0xx_it.c...
../Core/Src/stm32u0xx_it.c(124): warning:  #223-D: function "xPortSysTickHandler" declared implicitly
              xPortSysTickHandler();
../Core/Src/stm32u0xx_it.c: 1 warning, 0 errors
compiling stm32u0xx_hal_rcc.c...
compiling stm32u0xx_hal_flash_ex.c...
compiling stm32u0xx_hal_rcc_ex.c...
compiling main.c...
compiling stm32u0xx_hal_tim.c...
compiling stm32u0xx_hal.c...
compiling stm32u0xx_hal_uart_ex.c...
compiling stm32u0xx_hal_tim_ex.c...
compiling system_stm32u0xx.c...
compiling stm32u0xx_hal_exti.c...
compiling stm32u0xx_hal_uart.c...
compiling event_groups.c...
compiling list.c...
compiling timers.c...
compiling croutine.c...
compiling heap_4.c...
compiling tasks.c...
compiling queue.c...
compiling stream_buffer.c...
compiling port.c...
compiling led.c...
linking...
Program Size: Code=20092 RO-data=360 RW-data=128 ZI-data=11728  
FromELF: creating hex file...
"LPUART\LPUART.axf" - 0 Error(s), 1 Warning(s).

<h2>Software Packages used:</h2>

Package Vendor: ARM
                http://www.keil.com/pack/ARM.CMSIS.5.8.0.pack
                ARM.CMSIS.5.8.0
                CMSIS (Common Microcontroller Software Interface Standard)
   * Component: CORE Version: 5.5.0

Package Vendor: Keil
                https://www.keil.com/pack/Keil.STM32U0xx_DFP.2.0.0.pack
                Keil.STM32U0xx_DFP.2.0.0
                STMicroelectronics STM32U0 Series Device Support

<h2>Collection of Component include folders:</h2>
  .\RTE\_LPUART
  E:\Keil_v5\RAM\PACK\ARM\CMSIS\5.8.0\CMSIS\Core\Include

<h2>Collection of Component Files used:</h2>

   * Component: ARM::CMSIS:CORE:5.5.0
      Include file:  CMSIS\Core\Include\tz_context.h
Build Time Elapsed:  00:00:09
</pre>
</body>
</html>
