Component: ARM Compiler 5.06 update 7 (build 960) Tool: armlink [4d3601]

==============================================================================

Section Cross References

    startup_stm32u083xx.o(RESET) refers to startup_stm32u083xx.o(STACK) for __initial_sp
    startup_stm32u083xx.o(RESET) refers to startup_stm32u083xx.o(.text) for Reset_Handler
    startup_stm32u083xx.o(RESET) refers to stm32u0xx_it.o(i.NMI_Handler) for NMI_Handler
    startup_stm32u083xx.o(RESET) refers to stm32u0xx_it.o(i.HardFault_Handler) for HardFault_Handler
    startup_stm32u083xx.o(RESET) refers to port.o(i.SVC_Handler) for SVC_Handler
    startup_stm32u083xx.o(RESET) refers to port.o(.emb_text) for PendSV_Handler
    startup_stm32u083xx.o(RESET) refers to stm32u0xx_it.o(i.SysTick_Handler) for SysTick_Handler
    startup_stm32u083xx.o(RESET) refers to stm32u0xx_it.o(i.USART3_LPUART1_IRQHandler) for USART3_LPUART1_IRQHandler
    startup_stm32u083xx.o(.text) refers to system_stm32u0xx.o(i.SystemInit) for SystemInit
    startup_stm32u083xx.o(.text) refers to entry.o(.ARM.Collect$$$$00000000) for __main
    main.o(i.SystemClock_Config) refers to memseta.o(.text) for __aeabi_memclr4
    main.o(i.SystemClock_Config) refers to stm32u0xx_hal_pwr_ex.o(i.HAL_PWREx_ControlVoltageScaling) for HAL_PWREx_ControlVoltageScaling
    main.o(i.SystemClock_Config) refers to stm32u0xx_hal_rcc.o(i.HAL_RCC_OscConfig) for HAL_RCC_OscConfig
    main.o(i.SystemClock_Config) refers to main.o(i.Error_Handler) for Error_Handler
    main.o(i.SystemClock_Config) refers to stm32u0xx_hal_rcc.o(i.HAL_RCC_ClockConfig) for HAL_RCC_ClockConfig
    main.o(i.app_init) refers to tasks.o(i.xTaskCreate) for xTaskCreate
    main.o(i.app_init) refers to main.o(.data) for m_app_thread
    main.o(i.app_init) refers to main.o(i.app_thread) for app_thread
    main.o(i.app_thread) refers to tasks.o(i.vTaskDelay) for vTaskDelay
    main.o(i.delay_ms) refers to main.o(i.delay_us) for delay_us
    main.o(i.main) refers to stm32u0xx_hal.o(i.HAL_Init) for HAL_Init
    main.o(i.main) refers to main.o(i.SystemClock_Config) for SystemClock_Config
    main.o(i.main) refers to gpio.o(i.MX_GPIO_Init) for MX_GPIO_Init
    main.o(i.main) refers to usart.o(i.MX_LPUART1_UART_Init) for MX_LPUART1_UART_Init
    main.o(i.main) refers to event_groups.o(i.xEventGroupCreate) for xEventGroupCreate
    main.o(i.main) refers to shell_port.o(i.userShellInit) for userShellInit
    main.o(i.main) refers to timers_control.o(i.timers_control_task_init) for timers_control_task_init
    main.o(i.main) refers to main.o(i.app_init) for app_init
    main.o(i.main) refers to tasks.o(i.vTaskStartScheduler) for vTaskStartScheduler
    main.o(i.main) refers to main.o(.data) for xCreatedEventGroup
    gpio.o(i.MX_GPIO_Init) refers to memseta.o(.text) for __aeabi_memclr4
    gpio.o(i.MX_GPIO_Init) refers to stm32u0xx_hal_gpio.o(i.HAL_GPIO_WritePin) for HAL_GPIO_WritePin
    gpio.o(i.MX_GPIO_Init) refers to stm32u0xx_hal_gpio.o(i.HAL_GPIO_Init) for HAL_GPIO_Init
    usart.o(i.HAL_UART_MspDeInit) refers to stm32u0xx_hal_gpio.o(i.HAL_GPIO_DeInit) for HAL_GPIO_DeInit
    usart.o(i.HAL_UART_MspDeInit) refers to stm32u0xx_hal_cortex.o(i.HAL_NVIC_DisableIRQ) for HAL_NVIC_DisableIRQ
    usart.o(i.HAL_UART_MspInit) refers to memseta.o(.text) for __aeabi_memclr4
    usart.o(i.HAL_UART_MspInit) refers to stm32u0xx_hal_rcc_ex.o(i.HAL_RCCEx_PeriphCLKConfig) for HAL_RCCEx_PeriphCLKConfig
    usart.o(i.HAL_UART_MspInit) refers to main.o(i.Error_Handler) for Error_Handler
    usart.o(i.HAL_UART_MspInit) refers to stm32u0xx_hal_gpio.o(i.HAL_GPIO_Init) for HAL_GPIO_Init
    usart.o(i.HAL_UART_MspInit) refers to stm32u0xx_hal_cortex.o(i.HAL_NVIC_SetPriority) for HAL_NVIC_SetPriority
    usart.o(i.HAL_UART_MspInit) refers to stm32u0xx_hal_cortex.o(i.HAL_NVIC_EnableIRQ) for HAL_NVIC_EnableIRQ
    usart.o(i.MX_LPUART1_UART_Init) refers to stm32u0xx_hal_uart.o(i.HAL_UART_Init) for HAL_UART_Init
    usart.o(i.MX_LPUART1_UART_Init) refers to main.o(i.Error_Handler) for Error_Handler
    usart.o(i.MX_LPUART1_UART_Init) refers to stm32u0xx_hal_uart_ex.o(i.HAL_UARTEx_SetTxFifoThreshold) for HAL_UARTEx_SetTxFifoThreshold
    usart.o(i.MX_LPUART1_UART_Init) refers to stm32u0xx_hal_uart_ex.o(i.HAL_UARTEx_SetRxFifoThreshold) for HAL_UARTEx_SetRxFifoThreshold
    usart.o(i.MX_LPUART1_UART_Init) refers to stm32u0xx_hal_uart_ex.o(i.HAL_UARTEx_DisableFifoMode) for HAL_UARTEx_DisableFifoMode
    usart.o(i.MX_LPUART1_UART_Init) refers to usart.o(.bss) for hlpuart1
    stm32u0xx_it.o(i.SysTick_Handler) refers to port.o(i.xPortSysTickHandler) for xPortSysTickHandler
    stm32u0xx_it.o(i.USART3_LPUART1_IRQHandler) refers to stm32u0xx_hal_uart.o(i.HAL_UART_IRQHandler) for HAL_UART_IRQHandler
    stm32u0xx_it.o(i.USART3_LPUART1_IRQHandler) refers to usart.o(.bss) for hlpuart1
    stm32u0xx_hal_cortex.o(i.HAL_NVIC_SetPriority) refers to stm32u0xx_hal_cortex.o(i.__NVIC_SetPriority) for __NVIC_SetPriority
[...]
    i.shellWriteByte                         0x080063ce   Section        0  shell.o(i.shellWriteByte)
    shellWriteByte                           0x080063cf   Thumb Code    14  shell.o(i.shellWriteByte)
    i.shellWriteCommandDesc                  0x080063dc   Section        0  shell.o(i.shellWriteCommandDesc)
    shellWriteCommandDesc                    0x080063dd   Thumb Code    86  shell.o(i.shellWriteCommandDesc)
    i.shellWriteCommandHelp                  0x08006438   Section        0  shell.o(i.shellWriteCommandHelp)
    shellWriteCommandHelp                    0x08006439   Thumb Code    96  shell.o(i.shellWriteCommandHelp)
    i.shellWritePrompt                       0x080064a0   Section        0  shell.o(i.shellWritePrompt)
    shellWritePrompt                         0x080064a1   Thumb Code    90  shell.o(i.shellWritePrompt)
    i.shellWriteReturnValue                  0x08006510   Section        0  shell.o(i.shellWriteReturnValue)
    shellWriteReturnValue                    0x08006511   Thumb Code    98  shell.o(i.shellWriteReturnValue)
    i.shellWriteString                       0x08006598   Section        0  shell.o(i.shellWriteString)
    i.shell_contrel_led                      0x080065c4   Section        0  shell_extend.o(i.shell_contrel_led)
    i.timers_control_task_init               0x080065d0   Section        0  timers_control.o(i.timers_control_task_init)
    i.userShellInit                          0x0800661c   Section        0  shell_port.o(i.userShellInit)
    i.userShellLock                          0x08006690   Section        0  shell_port.o(i.userShellLock)
    i.userShellRead                          0x080066a8   Section        0  shell_port.o(i.userShellRead)
    i.userShellUnlock                        0x080066ec   Section        0  shell_port.o(i.userShellUnlock)
    i.userShellWrite                         0x08006708   Section        0  shell_port.o(i.userShellWrite)
    i.uxListRemove                           0x08006728   Section        0  list.o(i.uxListRemove)
    i.uxTaskGetNumberOfTasks                 0x08006750   Section        0  tasks.o(i.uxTaskGetNumberOfTasks)
    i.uxTaskGetSystemState                   0x0800675c   Section        0  tasks.o(i.uxTaskGetSystemState)
    i.vListInitialise                        0x08006800   Section        0  list.o(i.vListInitialise)
    i.vListInitialiseItem                    0x0800681a   Section        0  list.o(i.vListInitialiseItem)
    i.vListInsert                            0x08006820   Section        0  list.o(i.vListInsert)
    i.vPortEnterCritical                     0x08006858   Section        0  port.o(i.vPortEnterCritical)
    i.vPortExitCritical                      0x08006874   Section        0  port.o(i.vPortExitCritical)
    i.vPortFree                              0x08006890   Section        0  heap_4.o(i.vPortFree)
    i.vPortSetupTimerInterrupt               0x080068e4   Section        0  port.o(i.vPortSetupTimerInterrupt)
    i.vPortYield                             0x08006910   Section        0  port.o(i.vPortYield)
    i.vQueueWaitForMessageRestricted         0x08006928   Section        0  queue.o(i.vQueueWaitForMessageRestricted)
    i.vTaskDelay                             0x08006974   Section        0  tasks.o(i.vTaskDelay)
    i.vTaskGetInfo                           0x0800699c   Section        0  tasks.o(i.vTaskGetInfo)
    i.vTaskInternalSetTimeOutState           0x08006a6c   Section        0  tasks.o(i.vTaskInternalSetTimeOutState)
    i.vTaskListTasks                         0x08006a84   Section        0  tasks.o(i.vTaskListTasks)
    i.vTaskMissedYield                       0x08006b9c   Section        0  tasks.o(i.vTaskMissedYield)
    i.vTaskPlaceOnEventList                  0x08006ba8   Section        0  tasks.o(i.vTaskPlaceOnEventList)
    i.vTaskPlaceOnEventListRestricted        0x08006bc8   Section        0  tasks.o(i.vTaskPlaceOnEventListRestricted)
    i.vTaskPriorityDisinheritAfterTimeout    0x08006c18   Section        0  tasks.o(i.vTaskPriorityDisinheritAfterTimeout)
    i.vTaskStartScheduler                    0x08006cd8   Section        0  tasks.o(i.vTaskStartScheduler)
    i.vTaskSuspendAll                        0x08006d20   Section        0  tasks.o(i.vTaskSuspendAll)
    i.vTaskSwitchContext                     0x08006d30   Section        0  tasks.o(i.vTaskSwitchContext)
    i.v_timer1_callback                      0x08006db0   Section        0  timers_control.o(i.v_timer1_callback)
    i.xEventGroupCreate                      0x08006dc6   Section        0  event_groups.o(i.xEventGroupCreate)
    i.xPortStartScheduler                    0x08006de4   Section        0  port.o(i.xPortStartScheduler)
    i.xPortSysTickHandler                    0x08006e1c   Section        0  port.o(i.xPortSysTickHandler)
    i.xQueueCreateMutex                      0x08006e40   Section        0  queue.o(i.xQueueCreateMutex)
    i.xQueueGenericCreate                    0x08006e5e   Section        0  queue.o(i.xQueueGenericCreate)
    i.xQueueGenericReset                     0x08006eb4   Section        0  queue.o(i.xQueueGenericReset)
    i.xQueueGenericSend                      0x08006f48   Section        0  queue.o(i.xQueueGenericSend)
    i.xQueueReceive                          0x08007068   Section        0  queue.o(i.xQueueReceive)
    i.xQueueSemaphoreTake                    0x08007156   Section        0  queue.o(i.xQueueSemaphoreTake)
    i.xTaskCheckForTimeOut                   0x08007280   Section        0  tasks.o(i.xTaskCheckForTimeOut)
    i.xTaskCreate                            0x080072e4   Section        0  tasks.o(i.xTaskCreate)
    i.xTaskGetSchedulerState                 0x08007318   Section        0  tasks.o(i.xTaskGetSchedulerState)
    i.xTaskGetTickCount                      0x0800733c   Section        0  tasks.o(i.xTaskGetTickCount)
    i.xTaskIncrementTick                     0x08007348   Section        0  tasks.o(i.xTaskIncrementTick)
    i.xTaskPriorityDisinherit                0x080074d4   Section        0  tasks.o(i.xTaskPriorityDisinherit)
    i.xTaskPriorityInherit                   0x0800756c   Section        0  tasks.o(i.xTaskPriorityInherit)
    i.xTaskRemoveFromEventList               0x08007644   Section        0  tasks.o(i.xTaskRemoveFromEventList)
    i.xTaskResumeAll                         0x08007758   Section        0  tasks.o(i.xTaskResumeAll)
    i.xTimerCreate                           0x080078c8   Section        0  timers.o(i.xTimerCreate)
    i.xTimerCreateTimerTask                  0x080078fc   Section        0  timers.o(i.xTimerCreateTimerTask)
    i.xTimerGenericCommandFromTask           0x0800793c   Section        0  timers.o(i.xTimerGenericCommandFromTask)
    .constdata                               0x08007994   Section       32  stm32u0xx_hal_uart.o(.constdata)
    CHANNEL_OFFSET_TAB                       0x08007994   Data           7  stm32u0xx_hal_uart.o(.constdata)
    .constdata                               0x080079b4   Section       23  stm32u0xx_hal_uart_ex.o(.constdata)
    CHANNEL_OFFSET_TAB                       0x080079b4   Data           7  stm32u0xx_hal_uart_ex.o(.constdata)
    numerator                                0x080079bb   Data           8  stm32u0xx_hal_uart_ex.o(.constdata)
    denominator                              0x080079c3   Data           8  stm32u0xx_hal_uart_ex.o(.constdata)
    .constdata                               0x080079cc   Section       80  system_stm32u0xx.o(.constdata)
    CHANNEL_OFFSET_TAB                       0x080079cc   Data           7  system_stm32u0xx.o(.constdata)
    .constdata                               0x08007a1c   Section       68  shell_extend.o(.constdata)
    CHANNEL_OFFSET_TAB                       0x08007a1c   Data           7  shell_extend.o(.constdata)
    .constdata                               0x08007a60   Section      227  shell.o(.constdata)
    .conststring                             0x08007b44   Section      673  shell.o(.conststring)
    shellCommand                             0x08007e08   Section       32  shell_extend.o(shellCommand)
    __tagsym$$used                           0x08007e08   Number         0  shell_extend.o(shellCommand)
    __tagsym$$used                           0x08007e18   Number         0  shell_extend.o(shellCommand)
    shellCommand                             0x08007e28   Section      288  shell.o(shellCommand)
    __tagsym$$used                           0x08007e28   Number         0  shell.o(shellCommand)
    __tagsym$$used                           0x08007e38   Number         0  shell.o(shellCommand)
    __tagsym$$used                           0x08007e48   Number         0  shell.o(shellCommand)
    __tagsym$$used                           0x08007e58   Number         0  shell.o(shellCommand)
    __tagsym$$used                           0x08007e68   Number         0  shell.o(shellCommand)
    __tagsym$$used                           0x08007e78   Number         0  shell.o(shellCommand)
    __tagsym$$used                           0x08007e88   Number         0  shell.o(shellCommand)
    __tagsym$$used                           0x08007e98   Number         0  shell.o(shellCommand)
    __tagsym$$used                           0x08007ea8   Number         0  shell.o(shellCommand)
    __tagsym$$used                           0x08007eb8   Number         0  shell.o(shellCommand)
    __tagsym$$used                           0x08007ec8   Number         0  shell.o(shellCommand)
    __tagsym$$used                           0x08007ed8   Number         0  shell.o(shellCommand)
    __tagsym$$used                           0x08007ee8   Number         0  shell.o(shellCommand)
    __tagsym$$used                           0x08007ef8   Number         0  shell.o(shellCommand)
    __tagsym$$used                           0x08007f08   Number         0  shell.o(shellCommand)
    __tagsym$$used                           0x08007f18   Number         0  shell.o(shellCommand)
    __tagsym$$used                           0x08007f28   Number         0  shell.o(shellCommand)
    __tagsym$$used                           0x08007f38   Number         0  shell.o(shellCommand)
    .data                                    0x20000000   Section        8  main.o(.data)
    m_app_thread                             0x20000000   Data           4  main.o(.data)
    .data                                    0x20000008   Section       12  stm32u0xx_hal.o(.data)
    .data                                    0x20000014   Section        4  system_stm32u0xx.o(.data)
    .data                                    0x20000018   Section       64  tasks.o(.data)
    pxDelayedTaskList                        0x2000001c   Data           4  tasks.o(.data)
    pxOverflowDelayedTaskList                0x20000020   Data           4  tasks.o(.data)
    uxDeletedTasksWaitingCleanUp             0x20000024   Data           4  tasks.o(.data)
    uxCurrentNumberOfTasks                   0x20000028   Data           4  tasks.o(.data)
    xTickCount                               0x2000002c   Data           4  tasks.o(.data)
    uxTopReadyPriority                       0x20000030   Data           4  tasks.o(.data)
    xSchedulerRunning                        0x20000034   Data           4  tasks.o(.data)
    xPendedTicks                             0x20000038   Data           4  tasks.o(.data)
    xYieldPendings                           0x2000003c   Data           4  tasks.o(.data)
    xNumOfOverflows                          0x20000040   Data           4  tasks.o(.data)
    uxTaskNumber                             0x20000044   Data           4  tasks.o(.data)
    xNextTaskUnblockTime                     0x20000048   Data           4  tasks.o(.data)
    xIdleTaskHandles                         0x2000004c   Data           4  tasks.o(.data)
    uxTopUsedPriority                        0x20000050   Data           4  tasks.o(.data)
    uxSchedulerSuspended                     0x20000054   Data           4  tasks.o(.data)
    .data                                    0x20000058   Section       20  timers.o(.data)
    pxCurrentTimerList                       0x20000058   Data           4  timers.o(.data)
    pxOverflowTimerList                      0x2000005c   Data           4  timers.o(.data)
    xTimerQueue                              0x20000060   Data           4  timers.o(.data)
    xTimerTaskHandle                         0x20000064   Data           4  timers.o(.data)
    xLastTime                                0x20000068   Data           4  timers.o(.data)
    .data                                    0x2000006c   Section       28  heap_4.o(.data)
    xStart                                   0x2000006c   Data           8  heap_4.o(.data)
    pxEnd                                    0x20000074   Data           4  heap_4.o(.data)
    xFreeBytesRemaining                      0x20000078   Data           4  heap_4.o(.data)
    xMinimumEverFreeBytesRemaining           0x2000007c   Data           4  heap_4.o(.data)
    xNumberOfSuccessfulAllocations           0x20000080   Data           4  heap_4.o(.data)
    xNumberOfSuccessfulFrees                 0x20000084   Data           4  heap_4.o(.data)
    .data                                    0x20000088   Section        4  port.o(.data)
    uxCriticalNesting                        0x20000088   Data           4  port.o(.data)
    .data                                    0x2000008c   Section        4  timers_control.o(.data)
    xCreatedTimer1                           0x2000008c   Data           4  timers_control.o(.data)
    .data                                    0x20000090   Section       86  shell.o(.data)
    shellText                                0x20000090   Data          84  shell.o(.data)
    .data                                    0x200000e8   Section        8  shell_port.o(.data)
    shellMutex                               0x200000e8   Data           4  shell_port.o(.data)
    lettershellTaskHandle                    0x200000ec   Data           4  shell_port.o(.data)
    .bss                                     0x200000f0   Section      148  usart.o(.bss)
    .bss                                     0x20000184   Section      300  tasks.o(.bss)
    pxReadyTasksLists                        0x20000184   Data         200  tasks.o(.bss)
    xDelayedTaskList1                        0x2000024c   Data          20  tasks.o(.bss)
    xDelayedTaskList2                        0x20000260   Data          20  tasks.o(.bss)
    xPendingReadyList                        0x20000274   Data          20  tasks.o(.bss)
    xTasksWaitingTermination                 0x20000288   Data          20  tasks.o(.bss)
    xSuspendedTaskList                       0x2000029c   Data          20  tasks.o(.bss)
    .bss                                     0x200002b0   Section       40  timers.o(.bss)
    xActiveTimerList1                        0x200002b0   Data          20  timers.o(.bss)
    xActiveTimerList2                        0x200002c4   Data          20  timers.o(.bss)
    .bss                                     0x200002d8   Section    10240  heap_4.o(.bss)
    ucHeap                                   0x200002d8   Data       10240  heap_4.o(.bss)
    .bss                                     0x20002ad8   Section     4096  shell_extend.o(.bss)
    vTask_buffer                             0x20002ad8   Data        4096  shell_extend.o(.bss)
    .bss                                     0x20003ad8   Section       29  shell.o(.bss)
    shellList                                0x20003ad8   Data          20  shell.o(.bss)
    buffer                                   0x20003aec   Data           9  shell.o(.bss)
    .bss                                     0x20003af8   Section     1140  shell_port.o(.bss)
    STACK                                    0x20003f70   Section     1024  startup_stm32u083xx.o(STACK)

    Global Symbols

    Symbol Name                              Value     Ov Type        Size  Object(Section)

    BuildAttributes$$THM_ISAv3M$S$PE$A:L22$X:L11$S22$IEEE1$IW$USESV6$~STKCKD$USESV7$~SHL$OTIME$ROPI$EBA8$MICROLIB$REQ8$PRES8$EABIv2 0x00000000   Number         0  anon$$obj.o ABSOLUTE
    __ARM_use_no_argv                        0x00000000   Number         0  main.o ABSOLUTE
    _printf_a                                0x00000000   Number         0  stubs.o ABSOLUTE
    _printf_c                                0x00000000   Number         0  stubs.o ABSOLUTE
    _printf_charcount                        0x00000000   Number         0  stubs.o ABSOLUTE
    _printf_d                                0x00000000   Number         0  stubs.o ABSOLUTE
    _printf_e                                0x00000000   Number         0  stubs.o ABSOLUTE
    _printf_f                                0x00000000   Number         0  stubs.o ABSOLUTE
    _printf_flags                            0x00000000   Number         0  stubs.o ABSOLUTE
    _printf_fp_dec                           0x00000000   Number         0  stubs.o ABSOLUTE
    _printf_fp_hex                           0x00000000   Number         0  stubs.o ABSOLUTE
    _printf_g                                0x00000000   Number         0  stubs.o ABSOLUTE
    _printf_i                                0x00000000   Number         0  stubs.o ABSOLUTE
    _printf_int_dec                          0x00000000   Number         0  stubs.o ABSOLUTE
    _printf_l                                0x00000000   Number         0  stubs.o ABSOLUTE
    _printf_lc                               0x00000000   Number         0  stubs.o ABSOLUTE
    _printf_ll                               0x00000000   Number         0  stubs.o ABSOLUTE
    _printf_lld                              0x00000000   Number         0  stubs.o ABSOLUTE
    _printf_lli                              0x00000000   Number         0  stubs.o ABSOLUTE
    _printf_llo                              0x00000000   Number         0  stubs.o ABSOLUTE
    _printf_llu                              0x00000000   Number         0  stubs.o ABSOLUTE
    _printf_llx                              0x00000000   Number         0  stubs.o ABSOLUTE
    _printf_longlong_dec                     0x00000000   Number         0  stubs.o ABSOLUTE
    _printf_longlong_hex                     0x00000000   Number         0  stubs.o ABSOLUTE
    _printf_longlong_oct                     0x00000000   Number         0  stubs.o ABSOLUTE
    _printf_ls                               0x00000000   Number         0  stubs.o ABSOLUTE
    _printf_mbtowc                           0x00000000   Number         0  stubs.o ABSOLUTE
    _printf_n                                0x00000000   Number         0  stubs.o ABSOLUTE
    _printf_o                                0x00000000   Number         0  stubs.o ABSOLUTE
    _printf_p                                0x00000000   Number         0  stubs.o ABSOLUTE
    _printf_percent                          0x00000000   Number         0  stubs.o ABSOLUTE
    _printf_pre_padding                      0x00000000   Number         0  stubs.o ABSOLUTE
    _printf_return_value                     0x00000000   Number         0  stubs.o ABSOLUTE
    _printf_s                                0x00000000   Number         0  stubs.o ABSOLUTE
    _printf_sizespec                         0x00000000   Number         0  stubs.o ABSOLUTE
    _printf_str                              0x00000000   Number         0  stubs.o ABSOLUTE
    _printf_truncate_signed                  0x00000000   Number         0  stubs.o ABSOLUTE
    _printf_truncate_unsigned                0x00000000   Number         0  stubs.o ABSOLUTE
    _printf_u                                0x00000000   Number         0  stubs.o ABSOLUTE
    _printf_wc                               0x00000000   Number         0  stubs.o ABSOLUTE
    _printf_wctomb                           0x00000000   Number         0  stubs.o ABSOLUTE
    _printf_widthprec                        0x00000000   Number         0  stubs.o ABSOLUTE
    _printf_x                                0x00000000   Number         0  stubs.o ABSOLUTE
    __arm_fini_                               - Undefined Weak Reference
    __cpp_initialize__aeabi_                  - Undefined Weak Reference
    __cxa_finalize                            - Undefined Weak Reference
    __decompress                              - Undefined Weak Reference
    _clock_init                               - Undefined Weak Reference
    _microlib_exit                            - Undefined Weak Reference
    __Vectors_Size                           0x000000c0   Number         0  startup_stm32u083xx.o ABSOLUTE
    __Vectors                                0x08000000   Data           4  startup_stm32u083xx.o(RESET)
    __Vectors_End                            0x080000c0   Data           0  startup_stm32u083xx.o(RESET)
    __main                                   0x080000c1   Thumb Code     0  entry.o(.ARM.Collect$$$$00000000)
    _main_stk                                0x080000c1   Thumb Code     0  entry2.o(.ARM.Collect$$$$00000001)
    _main_scatterload                        0x080000c5   Thumb Code     0  entry5.o(.ARM.Collect$$$$00000004)
    __main_after_scatterload                 0x080000c9   Thumb Code     0  entry5.o(.ARM.Collect$$$$00000004)
    _main_clock                              0x080000c9   Thumb Code     0  entry7b.o(.ARM.Collect$$$$00000008)
    _main_cpp_init                           0x080000c9   Thumb Code     0  entry8b.o(.ARM.Collect$$$$0000000A)
    _main_init                               0x080000c9   Thumb Code     0  entry9a.o(.ARM.Collect$$$$0000000B)
    __rt_lib_shutdown_fini                   0x080000d1   Thumb Code     0  entry12b.o(.ARM.Collect$$$$0000000E)
    __rt_final_cpp                           0x080000d5   Thumb Code     0  entry10a.o(.ARM.Collect$$$$0000000F)
    __rt_final_exit                          0x080000d5   Thumb Code     0  entry11a.o(.ARM.Collect$$$$00000011)
    __asm___6_port_c_39a90d8d__prvPortStartFirstTask 0x080000d9   Thumb Code    36  port.o(.emb_text)
    ulSetInterruptMaskFromISR                0x08000101   Thumb Code     8  port.o(.emb_text)
    vClearInterruptMaskFromISR               0x08000109   Thumb Code     6  port.o(.emb_text)
    PendSV_Handler                           0x0800010f   Thumb Code    62  port.o(.emb_text)
    Reset_Handler                            0x08000151   Thumb Code     8  startup_stm32u083xx.o(.text)
    ADC_COMP1_2_IRQHandler                   0x08000163   Thumb Code     0  startup_stm32u083xx.o(.text)
    DMA1_Ch4_7_DMA2_Ch1_5_DMAMUX_OVR_IRQHandler 0x08000163   Thumb Code     0  startup_stm32u083xx.o(.text)
    DMA1_Channel1_IRQHandler                 0x08000163   Thumb Code     0  startup_stm32u083xx.o(.text)
    DMA1_Channel2_3_IRQHandler               0x08000163   Thumb Code     0  startup_stm32u083xx.o(.text)
    EXTI0_1_IRQHandler                       0x08000163   Thumb Code     0  startup_stm32u083xx.o(.text)
    EXTI2_3_IRQHandler                       0x08000163   Thumb Code     0  startup_stm32u083xx.o(.text)
    EXTI4_15_IRQHandler                      0x08000163   Thumb Code     0  startup_stm32u083xx.o(.text)
    FLASH_ECC_IRQHandler                     0x08000163   Thumb Code     0  startup_stm32u083xx.o(.text)
    I2C1_IRQHandler                          0x08000163   Thumb Code     0  startup_stm32u083xx.o(.text)
    I2C2_3_4_IRQHandler                      0x08000163   Thumb Code     0  startup_stm32u083xx.o(.text)
    LCD_IRQHandler                           0x08000163   Thumb Code     0  startup_stm32u083xx.o(.text)
    PVD_PVM_IRQHandler                       0x08000163   Thumb Code     0  startup_stm32u083xx.o(.text)
    RCC_CRS_IRQHandler                       0x08000163   Thumb Code     0  startup_stm32u083xx.o(.text)
    RNG_CRYP_IRQHandler                      0x08000163   Thumb Code     0  startup_stm32u083xx.o(.text)
    RTC_TAMP_IRQHandler                      0x08000163   Thumb Code     0  startup_stm32u083xx.o(.text)
    SPI1_IRQHandler                          0x08000163   Thumb Code     0  startup_stm32u083xx.o(.text)
    SPI2_3_IRQHandler                        0x08000163   Thumb Code     0  startup_stm32u083xx.o(.text)
    TIM15_LPTIM3_IRQHandler                  0x08000163   Thumb Code     0  startup_stm32u083xx.o(.text)
    TIM16_IRQHandler                         0x08000163   Thumb Code     0  startup_stm32u083xx.o(.text)
    TIM1_BRK_UP_TRG_COM_IRQHandler           0x08000163   Thumb Code     0  startup_stm32u083xx.o(.text)
    TIM1_CC_IRQHandler                       0x08000163   Thumb Code     0  startup_stm32u083xx.o(.text)
    TIM2_IRQHandler                          0x08000163   Thumb Code     0  startup_stm32u083xx.o(.text)
    TIM3_IRQHandler                          0x08000163   Thumb Code     0  startup_stm32u083xx.o(.text)
    TIM6_DAC_LPTIM1_IRQHandler               0x08000163   Thumb Code     0  startup_stm32u083xx.o(.text)
    TIM7_LPTIM2_IRQHandler                   0x08000163   Thumb Code     0  startup_stm32u083xx.o(.text)
    TSC_IRQHandler                           0x08000163   Thumb Code     0  startup_stm32u083xx.o(.text)
    USART1_IRQHandler                        0x08000163   Thumb Code     0  startup_stm32u083xx.o(.text)
    USART2_LPUART2_IRQHandler                0x08000163   Thumb Code     0  startup_stm32u083xx.o(.text)
    USART4_LPUART3_IRQHandler                0x08000163   Thumb Code     0  startup_stm32u083xx.o(.text)
    USB_DRD_FS_IRQHandler                    0x08000163   Thumb Code     0  startup_stm32u083xx.o(.text)
    WWDG_IWDG_IRQHandler                     0x08000163   Thumb Code     0  startup_stm32u083xx.o(.text)
    __aeabi_uidiv                            0x0800016d   Thumb Code     0  uidiv.o(.text)
    __aeabi_uidivmod                         0x0800016d   Thumb Code    44  uidiv.o(.text)
    __aeabi_idiv                             0x08000199   Thumb Code     0  idiv.o(.text)
    __aeabi_idivmod                          0x08000199   Thumb Code    40  idiv.o(.text)
    __aeabi_uldivmod                         0x080001c1   Thumb Code    96  uldiv.o(.text)
    __aeabi_lmul                             0x08000221   Thumb Code   122  llmul.o(.text)
    _ll_mul                                  0x08000221   Thumb Code     0  llmul.o(.text)
    __aeabi_memcpy                           0x0800029b   Thumb Code    36  memcpya.o(.text)
    __aeabi_memcpy4                          0x0800029b   Thumb Code     0  memcpya.o(.text)
    __aeabi_memcpy8                          0x0800029b   Thumb Code     0  memcpya.o(.text)
    __aeabi_memset                           0x080002bf   Thumb Code    14  memseta.o(.text)
    __aeabi_memset4                          0x080002bf   Thumb Code     0  memseta.o(.text)
    __aeabi_memset8                          0x080002bf   Thumb Code     0  memseta.o(.text)
    __aeabi_memclr                           0x080002cd   Thumb Code     4  memseta.o(.text)
    __aeabi_memclr4                          0x080002cd   Thumb Code     0  memseta.o(.text)
    __aeabi_memclr8                          0x080002cd   Thumb Code     0  memseta.o(.text)
    _memset$wrapper                          0x080002d1   Thumb Code    18  memseta.o(.text)
    strlen                                   0x080002e3   Thumb Code    14  strlen.o(.text)
    strcmp                                   0x080002f1   Thumb Code    28  strcmp.o(.text)
    strcpy                                   0x0800030d   Thumb Code    18  strcpy.o(.text)
    strncmp                                  0x0800031f   Thumb Code    30  strncmp.o(.text)
    __aeabi_fmul                             0x0800033d   Thumb Code   122  fmul.o(.text)
    __aeabi_fdiv                             0x080003b7   Thumb Code   124  fdiv.o(.text)
    __aeabi_i2f                              0x08000433   Thumb Code    22  fflti.o(.text)
    __aeabi_ui2f                             0x08000449   Thumb Code    14  ffltui.o(.text)
    __aeabi_llsl                             0x08000457   Thumb Code    32  llshl.o(.text)
    _ll_shift_l                              0x08000457   Thumb Code     0  llshl.o(.text)
    __aeabi_llsr                             0x08000477   Thumb Code    34  llushr.o(.text)
    _ll_ushift_r                             0x08000477   Thumb Code     0  llushr.o(.text)
    __I$use$fp                               0x08000499   Thumb Code     0  iusefp.o(.text)
    _float_round                             0x08000499   Thumb Code    16  fepilogue.o(.text)
    _float_epilogue                          0x080004a9   Thumb Code   114  fepilogue.o(.text)
    __aeabi_dadd                             0x0800051d   Thumb Code   330  dadd.o(.text)
    __aeabi_dsub                             0x08000667   Thumb Code    12  dadd.o(.text)
    __aeabi_drsub                            0x08000673   Thumb Code    12  dadd.o(.text)
    __aeabi_dmul                             0x08000685   Thumb Code   202  dmul.o(.text)
    __aeabi_ddiv                             0x08000755   Thumb Code   234  ddiv.o(.text)
    __aeabi_d2ulz                            0x08000845   Thumb Code    54  dfixul.o(.text)
    __aeabi_cdrcmple                         0x08000885   Thumb Code    38  cdrcmple.o(.text)
    __scatterload                            0x080008ad   Thumb Code    28  init.o(.text)
    __scatterload_rt2                        0x080008ad   Thumb Code     0  init.o(.text)
    __aeabi_lasr                             0x080008d1   Thumb Code    38  llsshr.o(.text)
    _ll_sshift_r                             0x080008d1   Thumb Code     0  llsshr.o(.text)
    _double_round                            0x080008f7   Thumb Code    26  depilogue.o(.text)
    _double_epilogue                         0x08000911   Thumb Code   164  depilogue.o(.text)
    Error_Handler                            0x080009b5   Thumb Code     6  main.o(i.Error_Handler)
    HAL_DMA_Abort                            0x080009bb   Thumb Code   140  stm32u0xx_hal_dma.o(i.HAL_DMA_Abort)
    HAL_DMA_Abort_IT                         0x08000a47   Thumb Code   138  stm32u0xx_hal_dma.o(i.HAL_DMA_Abort_IT)
    HAL_GPIO_Init                            0x08000ad1   Thumb Code   474  stm32u0xx_hal_gpio.o(i.HAL_GPIO_Init)
    HAL_GPIO_TogglePin                       0x08000cc5   Thumb Code    20  stm32u0xx_hal_gpio.o(i.HAL_GPIO_TogglePin)
    HAL_GPIO_WritePin                        0x08000cd9   Thumb Code    12  stm32u0xx_hal_gpio.o(i.HAL_GPIO_WritePin)
    HAL_GetTick                              0x08000ce5   Thumb Code     6  stm32u0xx_hal.o(i.HAL_GetTick)
    HAL_Init                                 0x08000cf1   Thumb Code    26  stm32u0xx_hal.o(i.HAL_Init)
    HAL_InitTick                             0x08000d0d   Thumb Code    82  stm32u0xx_hal.o(i.HAL_InitTick)
    HAL_MspInit                              0x08000d6d   Thumb Code    62  stm32u0xx_hal_msp.o(i.HAL_MspInit)
    HAL_NVIC_EnableIRQ                       0x08000db1   Thumb Code    30  stm32u0xx_hal_cortex.o(i.HAL_NVIC_EnableIRQ)
    HAL_NVIC_SetPriority                     0x08000dd5   Thumb Code    18  stm32u0xx_hal_cortex.o(i.HAL_NVIC_SetPriority)
    HAL_PWREx_ControlVoltageScaling          0x08000de9   Thumb Code   144  stm32u0xx_hal_pwr_ex.o(i.HAL_PWREx_ControlVoltageScaling)
    HAL_PWREx_GetVoltageRange                0x08000e85   Thumb Code    12  stm32u0xx_hal_pwr_ex.o(i.HAL_PWREx_GetVoltageRange)
    HAL_RCCEx_GetPLLClockFreq                0x08000e95   Thumb Code   288  stm32u0xx_hal_rcc_ex.o(i.HAL_RCCEx_GetPLLClockFreq)
    HAL_RCCEx_GetPeriphCLKFreq               0x08000fc5   Thumb Code  1748  stm32u0xx_hal_rcc_ex.o(i.HAL_RCCEx_GetPeriphCLKFreq)
    HAL_RCCEx_PeriphCLKConfig                0x080016a9   Thumb Code   910  stm32u0xx_hal_rcc_ex.o(i.HAL_RCCEx_PeriphCLKConfig)
    HAL_RCC_ClockConfig                      0x08001a45   Thumb Code   390  stm32u0xx_hal_rcc.o(i.HAL_RCC_ClockConfig)
    HAL_RCC_GetHCLKFreq                      0x08001be1   Thumb Code     6  stm32u0xx_hal_rcc.o(i.HAL_RCC_GetHCLKFreq)
    HAL_RCC_GetPCLK1Freq                     0x08001bed   Thumb Code    30  stm32u0xx_hal_rcc.o(i.HAL_RCC_GetPCLK1Freq)
    HAL_RCC_GetSysClockFreq                  0x08001c15   Thumb Code   250  stm32u0xx_hal_rcc.o(i.HAL_RCC_GetSysClockFreq)
    HAL_RCC_OscConfig                        0x08001d21   Thumb Code  1862  stm32u0xx_hal_rcc.o(i.HAL_RCC_OscConfig)
    HAL_SYSTICK_Config                       0x08002479   Thumb Code    46  stm32u0xx_hal_cortex.o(i.HAL_SYSTICK_Config)
    HAL_UARTEx_DisableFifoMode               0x080024b1   Thumb Code    84  stm32u0xx_hal_uart_ex.o(i.HAL_UARTEx_DisableFifoMode)
    HAL_UARTEx_RxEventCallback               0x08002505   Thumb Code     2  stm32u0xx_hal_uart.o(i.HAL_UARTEx_RxEventCallback)
    HAL_UARTEx_RxFifoFullCallback            0x08002507   Thumb Code     2  stm32u0xx_hal_uart_ex.o(i.HAL_UARTEx_RxFifoFullCallback)
    HAL_UARTEx_SetRxFifoThreshold            0x08002509   Thumb Code    96  stm32u0xx_hal_uart_ex.o(i.HAL_UARTEx_SetRxFifoThreshold)
    HAL_UARTEx_SetTxFifoThreshold            0x08002569   Thumb Code    94  stm32u0xx_hal_uart_ex.o(i.HAL_UARTEx_SetTxFifoThreshold)
    HAL_UARTEx_TxFifoEmptyCallback           0x080025c7   Thumb Code     2  stm32u0xx_hal_uart_ex.o(i.HAL_UARTEx_TxFifoEmptyCallback)
    HAL_UARTEx_WakeupCallback                0x080025c9   Thumb Code     2  stm32u0xx_hal_uart_ex.o(i.HAL_UARTEx_WakeupCallback)
    HAL_UART_ErrorCallback                   0x080025cb   Thumb Code     2  stm32u0xx_hal_uart.o(i.HAL_UART_ErrorCallback)
    HAL_UART_IRQHandler                      0x080025cd   Thumb Code  1094  stm32u0xx_hal_uart.o(i.HAL_UART_IRQHandler)
    HAL_UART_Init                            0x08002a13   Thumb Code   130  stm32u0xx_hal_uart.o(i.HAL_UART_Init)
    HAL_UART_MspInit                         0x08002a95   Thumb Code   160  usart.o(i.HAL_UART_MspInit)
    HAL_UART_Receive                         0x08002b41   Thumb Code   332  stm32u0xx_hal_uart.o(i.HAL_UART_Receive)
    HAL_UART_Transmit                        0x08002c91   Thumb Code   242  stm32u0xx_hal_uart.o(i.HAL_UART_Transmit)
    HAL_UART_TxCpltCallback                  0x08002d83   Thumb Code     2  stm32u0xx_hal_uart.o(i.HAL_UART_TxCpltCallback)
    HardFault_Handler                        0x08002d85   Thumb Code     4  stm32u0xx_it.o(i.HardFault_Handler)
    MX_GPIO_Init                             0x08002d89   Thumb Code   128  gpio.o(i.MX_GPIO_Init)
    MX_LPUART1_UART_Init                     0x08002e11   Thumb Code   124  usart.o(i.MX_LPUART1_UART_Init)
    NMI_Handler                              0x08002e95   Thumb Code     4  stm32u0xx_it.o(i.NMI_Handler)
    SVC_Handler                              0x08002f45   Thumb Code     2  port.o(i.SVC_Handler)
    SysTick_Handler                          0x08002f47   Thumb Code     8  stm32u0xx_it.o(i.SysTick_Handler)
    SystemClock_Config                       0x08002f4f   Thumb Code    96  main.o(i.SystemClock_Config)
    SystemInit                               0x08002fb1   Thumb Code    64  system_stm32u0xx.o(i.SystemInit)
    UART_AdvFeatureConfig                    0x08003061   Thumb Code   240  stm32u0xx_hal_uart.o(i.UART_AdvFeatureConfig)
    UART_CheckIdleState                      0x08003151   Thumb Code   254  stm32u0xx_hal_uart.o(i.UART_CheckIdleState)
    UART_SetConfig                           0x08003329   Thumb Code   610  stm32u0xx_hal_uart.o(i.UART_SetConfig)
    UART_WaitOnFlagUntilTimeout              0x080035bd   Thumb Code   180  stm32u0xx_hal_uart.o(i.UART_WaitOnFlagUntilTimeout)
    USART3_LPUART1_IRQHandler                0x08003671   Thumb Code    10  stm32u0xx_it.o(i.USART3_LPUART1_IRQHandler)
    __0snprintf                              0x08003681   Thumb Code    50  printfa.o(i.__0snprintf)
    __1snprintf                              0x08003681   Thumb Code     0  printfa.o(i.__0snprintf)
    __2snprintf                              0x08003681   Thumb Code     0  printfa.o(i.__0snprintf)
    __c89snprintf                            0x08003681   Thumb Code     0  printfa.o(i.__0snprintf)
    snprintf                                 0x08003681   Thumb Code     0  printfa.o(i.__0snprintf)
    __ARM_clz                                0x080036b9   Thumb Code    46  depilogue.o(i.__ARM_clz)
    __ARM_common_switch8                     0x080036e7   Thumb Code    28  stm32u0xx_hal_dma.o(i.__ARM_common_switch8)
    __scatterload_copy                       0x08003783   Thumb Code    14  handlers.o(i.__scatterload_copy)
    __scatterload_null                       0x08003791   Thumb Code     2  handlers.o(i.__scatterload_null)
    __scatterload_zeroinit                   0x08003793   Thumb Code    14  handlers.o(i.__scatterload_zeroinit)
    eTaskGetState                            0x080040a9   Thumb Code   138  tasks.o(i.eTaskGetState)
    list_thread                              0x0800414d   Thumb Code    16  shell_extend.o(i.list_thread)
    main                                     0x08004165   Thumb Code    44  main.o(i.main)
    pvPortMalloc                             0x08004cc9   Thumb Code   250  heap_4.o(i.pvPortMalloc)
    pvTaskIncrementMutexHeldCount            0x08004dd9   Thumb Code    16  tasks.o(i.pvTaskIncrementMutexHeldCount)
    pxPortInitialiseStack                    0x08004ded   Thumb Code    26  port.o(i.pxPortInitialiseStack)
    shellBackspace                           0x08004e35   Thumb Code    14  shell.o(i.shellBackspace)
    shellCheckPermission                     0x08004e89   Thumb Code    68  shell.o(i.shellCheckPermission)
    shellClear                               0x08004ecd   Thumb Code    24  shell.o(i.shellClear)
    shellClearCommandLine                    0x08004ee9   Thumb Code    40  shell.o(i.shellClearCommandLine)
    shellCmds                                0x08004f11   Thumb Code    20  shell.o(i.shellCmds)
    shellDelete                              0x08004f25   Thumb Code    16  shell.o(i.shellDelete)
    shellDeleteByte                          0x08004f35   Thumb Code   222  shell.o(i.shellDeleteByte)
    shellDeleteCommandLine                   0x08005015   Thumb Code    28  shell.o(i.shellDeleteCommandLine)
    shellDown                                0x08005035   Thumb Code    16  shell.o(i.shellDown)
    shellEnter                               0x08005045   Thumb Code    20  shell.o(i.shellEnter)
    shellExec                                0x08005059   Thumb Code   116  shell.o(i.shellExec)
    shellExtParsePara                        0x08005267   Thumb Code   128  shell_ext.o(i.shellExtParsePara)
    shellExtRun                              0x0800535f   Thumb Code   256  shell_ext.o(i.shellExtRun)
    shellGetCurrent                          0x08005515   Thumb Code    48  shell.o(i.shellGetCurrent)
    shellGetVarValue                         0x08005549   Thumb Code    86  shell.o(i.shellGetVarValue)
    shellHandler                             0x080055a1   Thumb Code   262  shell.o(i.shellHandler)
    shellHelp                                0x080056ad   Thumb Code    46  shell.o(i.shellHelp)
    shellInit                                0x0800581d   Thumb Code   142  shell.o(i.shellInit)
    shellInsertByte                          0x080058bd   Thumb Code   248  shell.o(i.shellInsertByte)
    shellKeys                                0x080059b9   Thumb Code    20  shell.o(i.shellKeys)
    shellLeft                                0x080059cd   Thumb Code    26  shell.o(i.shellLeft)
    shellListAll                             0x080059e7   Thumb Code    12  shell.o(i.shellListAll)
    shellListCommand                         0x080059f5   Thumb Code    72  shell.o(i.shellListCommand)
    shellListItem                            0x08005a41   Thumb Code   236  shell.o(i.shellListItem)
    shellListKey                             0x08005b39   Thumb Code    86  shell.o(i.shellListKey)
    shellListUser                            0x08005b95   Thumb Code    86  shell.o(i.shellListUser)
    shellListVar                             0x08005bf1   Thumb Code    86  shell.o(i.shellListVar)
    shellNormalInput                         0x08005c4d   Thumb Code    28  shell.o(i.shellNormalInput)
    shellRight                               0x08005ceb   Thumb Code    30  shell.o(i.shellRight)
    shellRunCommand                          0x08005d09   Thumb Code   180  shell.o(i.shellRunCommand)
    shellSeekCommand                         0x08005dbd   Thumb Code   130  shell.o(i.shellSeekCommand)
    shellSetUser                             0x08005e41   Thumb Code   100  shell.o(i.shellSetUser)
    shellSetVar                              0x08005ea9   Thumb Code   104  shell.o(i.shellSetVar)
    shellSetVarValue                         0x08005f15   Thumb Code   150  shell.o(i.shellSetVarValue)
    shellSplit                               0x08006075   Thumb Code   250  shell.o(i.shellSplit)
    shellTab                                 0x080061bd   Thumb Code   288  shell.o(i.shellTab)
    shellTask                                0x080062e1   Thumb Code    38  shell.o(i.shellTask)
    shellToDec                               0x08006307   Thumb Code    90  shell.o(i.shellToDec)
    shellToHex                               0x08006361   Thumb Code    56  shell.o(i.shellToHex)
    shellUp                                  0x08006399   Thumb Code    14  shell.o(i.shellUp)
    shellUsers                               0x080063a7   Thumb Code    20  shell.o(i.shellUsers)
    shellVars                                0x080063bb   Thumb Code    20  shell.o(i.shellVars)
    shellWriteString                         0x08006599   Thumb Code    44  shell.o(i.shellWriteString)
    shell_contrel_led                        0x080065c5   Thumb Code    10  shell_extend.o(i.shell_contrel_led)
    timers_control_task_init                 0x080065d1   Thumb Code    58  timers_control.o(i.timers_control_task_init)
    userShellInit                            0x0800661d   Thumb Code    64  shell_port.o(i.userShellInit)
    userShellLock                            0x08006691   Thumb Code    20  shell_port.o(i.userShellLock)
    userShellRead                            0x080066a9   Thumb Code    54  shell_port.o(i.userShellRead)
    userShellUnlock                          0x080066ed   Thumb Code    22  shell_port.o(i.userShellUnlock)
    userShellWrite                           0x08006709   Thumb Code    22  shell_port.o(i.userShellWrite)
    uxListRemove                             0x08006729   Thumb Code    40  list.o(i.uxListRemove)
    uxTaskGetNumberOfTasks                   0x08006751   Thumb Code     6  tasks.o(i.uxTaskGetNumberOfTasks)
    uxTaskGetSystemState                     0x0800675d   Thumb Code   138  tasks.o(i.uxTaskGetSystemState)
    vListInitialise                          0x08006801   Thumb Code    26  list.o(i.vListInitialise)
    vListInitialiseItem                      0x0800681b   Thumb Code     6  list.o(i.vListInitialiseItem)
    vListInsert                              0x08006821   Thumb Code    54  list.o(i.vListInsert)
    vPortEnterCritical                       0x08006859   Thumb Code    22  port.o(i.vPortEnterCritical)
    vPortExitCritical                        0x08006875   Thumb Code    22  port.o(i.vPortExitCritical)
    vPortFree                                0x08006891   Thumb Code    74  heap_4.o(i.vPortFree)
    vPortSetupTimerInterrupt                 0x080068e5   Thumb Code    34  port.o(i.vPortSetupTimerInterrupt)
    vPortYield                               0x08006911   Thumb Code    18  port.o(i.vPortYield)
    vQueueWaitForMessageRestricted           0x08006929   Thumb Code    76  queue.o(i.vQueueWaitForMessageRestricted)
    vTaskDelay                               0x08006975   Thumb Code    38  tasks.o(i.vTaskDelay)
    vTaskGetInfo                             0x0800699d   Thumb Code   200  tasks.o(i.vTaskGetInfo)
    vTaskInternalSetTimeOutState             0x08006a6d   Thumb Code    14  tasks.o(i.vTaskInternalSetTimeOutState)
    vTaskListTasks                           0x08006a85   Thumb Code   260  tasks.o(i.vTaskListTasks)
    vTaskMissedYield                         0x08006b9d   Thumb Code     8  tasks.o(i.vTaskMissedYield)
    vTaskPlaceOnEventList                    0x08006ba9   Thumb Code    28  tasks.o(i.vTaskPlaceOnEventList)
    vTaskPlaceOnEventListRestricted          0x08006bc9   Thumb Code    76  tasks.o(i.vTaskPlaceOnEventListRestricted)
    vTaskPriorityDisinheritAfterTimeout      0x08006c19   Thumb Code   184  tasks.o(i.vTaskPriorityDisinheritAfterTimeout)
    vTaskStartScheduler                      0x08006cd9   Thumb Code    54  tasks.o(i.vTaskStartScheduler)
    vTaskSuspendAll                          0x08006d21   Thumb Code    12  tasks.o(i.vTaskSuspendAll)
    vTaskSwitchContext                       0x08006d31   Thumb Code   106  tasks.o(i.vTaskSwitchContext)
    v_timer1_callback                        0x08006db1   Thumb Code    22  timers_control.o(i.v_timer1_callback)
    xEventGroupCreate                        0x08006dc7   Thumb Code    28  event_groups.o(i.xEventGroupCreate)
    xPortStartScheduler                      0x08006de5   Thumb Code    48  port.o(i.xPortStartScheduler)
    xPortSysTickHandler                      0x08006e1d   Thumb Code    32  port.o(i.xPortSysTickHandler)
    xQueueCreateMutex                        0x08006e41   Thumb Code    30  queue.o(i.xQueueCreateMutex)
    xQueueGenericCreate                      0x08006e5f   Thumb Code    86  queue.o(i.xQueueGenericCreate)
    xQueueGenericReset                       0x08006eb5   Thumb Code   148  queue.o(i.xQueueGenericReset)
    xQueueGenericSend                        0x08006f49   Thumb Code   288  queue.o(i.xQueueGenericSend)
    xQueueReceive                            0x08007069   Thumb Code   238  queue.o(i.xQueueReceive)
    xQueueSemaphoreTake                      0x08007157   Thumb Code   298  queue.o(i.xQueueSemaphoreTake)
    xTaskCheckForTimeOut                     0x08007281   Thumb Code    90  tasks.o(i.xTaskCheckForTimeOut)
    xTaskCreate                              0x080072e5   Thumb Code    50  tasks.o(i.xTaskCreate)
    xTaskGetSchedulerState                   0x08007319   Thumb Code    28  tasks.o(i.xTaskGetSchedulerState)
    xTaskGetTickCount                        0x0800733d   Thumb Code     6  tasks.o(i.xTaskGetTickCount)
    xTaskIncrementTick                       0x08007349   Thumb Code   352  tasks.o(i.xTaskIncrementTick)
    xTaskPriorityDisinherit                  0x080074d5   Thumb Code   144  tasks.o(i.xTaskPriorityDisinherit)
    xTaskPriorityInherit                     0x0800756d   Thumb Code   204  tasks.o(i.xTaskPriorityInherit)
    xTaskRemoveFromEventList                 0x08007645   Thumb Code   250  tasks.o(i.xTaskRemoveFromEventList)
    xTaskResumeAll                           0x08007759   Thumb Code   336  tasks.o(i.xTaskResumeAll)
    xTimerCreate                             0x080078c9   Thumb Code    50  timers.o(i.xTimerCreate)
    xTimerCreateTimerTask                    0x080078fd   Thumb Code    42  timers.o(i.xTimerCreateTimerTask)
    xTimerGenericCommandFromTask             0x0800793d   Thumb Code    82  timers.o(i.xTimerGenericCommandFromTask)
    UARTPrescTable                           0x0800799c   Data          24  stm32u0xx_hal_uart.o(.constdata)
    AHBPrescTable                            0x080079d3   Data          16  system_stm32u0xx.o(.constdata)
    APBPrescTable                            0x080079e3   Data           8  system_stm32u0xx.o(.constdata)
    MSIRangeTable                            0x080079ec   Data          48  system_stm32u0xx.o(.constdata)
    shellCmdled                              0x08007a23   Data           4  shell_extend.o(.constdata)
    shellDescled                             0x08007a27   Data          12  shell_extend.o(.constdata)
    shellCmdthread                           0x08007a33   Data           7  shell_extend.o(.constdata)
    shellDescthread                          0x08007a3a   Data          38  shell_extend.o(.constdata)
    shellCmdDefaultUser                      0x08007a60   Data           7  shell.o(.constdata)
    shellPasswordDefaultUser                 0x08007a67   Data           1  shell.o(.constdata)
    shellDesDefaultUser                      0x08007a68   Data          13  shell.o(.constdata)
    shellCmdsetVar                           0x08007a75   Data           7  shell.o(.constdata)
    shellDescsetVar                          0x08007a7c   Data           8  shell.o(.constdata)
    shellDesc0x1B5B4100                      0x08007a84   Data           3  shell.o(.constdata)
    shellDesc0x1B5B4200                      0x08007a87   Data           5  shell.o(.constdata)
    shellDesc0x1B5B4300                      0x08007a8c   Data           6  shell.o(.constdata)
    shellDesc0x1B5B4400                      0x08007a92   Data           5  shell.o(.constdata)
    shellDesc0x09000000                      0x08007a97   Data           4  shell.o(.constdata)
    shellDesc0x08000000                      0x08007a9b   Data          10  shell.o(.constdata)
    shellDesc0x7F000000                      0x08007aa5   Data          10  shell.o(.constdata)
    shellDesc0x1B5B337E                      0x08007aaf   Data           7  shell.o(.constdata)
    shellDesc0x0A000000                      0x08007ab6   Data           6  shell.o(.constdata)
    shellDesc0x0D000000                      0x08007abc   Data           6  shell.o(.constdata)
    shellCmdhelp                             0x08007ac2   Data           5  shell.o(.constdata)
    shellDeschelp                            0x08007ac7   Data          30  shell.o(.constdata)
    shellCmdusers                            0x08007ae5   Data           6  shell.o(.constdata)
    shellDescusers                           0x08007aeb   Data          14  shell.o(.constdata)
    shellCmdcmds                             0x08007af9   Data           5  shell.o(.constdata)
    shellDesccmds                            0x08007afe   Data          13  shell.o(.constdata)
    shellCmdvars                             0x08007b0b   Data           5  shell.o(.constdata)
    shellDescvars                            0x08007b10   Data          13  shell.o(.constdata)
    shellCmdkeys                             0x08007b1d   Data           5  shell.o(.constdata)
    shellDesckeys                            0x08007b22   Data          13  shell.o(.constdata)
    shellCmdclear                            0x08007b2f   Data           6  shell.o(.constdata)
    shellDescclear                           0x08007b35   Data          14  shell.o(.constdata)
    Region$$Table$$Base                      0x08007de8   Number         0  anon$$obj.o(Region$$Table)
    Region$$Table$$Limit                     0x08007e08   Number         0  anon$$obj.o(Region$$Table)
    shellCommand$$Base                       0x08007e08   Number         0  shell_extend.o(shellCommand)
    shellCommandled                          0x08007e08   Data          16  shell_extend.o(shellCommand)
    shellCommandthread                       0x08007e18   Data          16  shell_extend.o(shellCommand)
    shellUserDefault                         0x08007e28   Data          16  shell.o(shellCommand)
    shellCommandsetVar                       0x08007e38   Data          16  shell.o(shellCommand)
    shellKey0x1B5B4100                       0x08007e48   Data          16  shell.o(shellCommand)
    shellKey0x1B5B4200                       0x08007e58   Data          16  shell.o(shellCommand)
    shellKey0x1B5B4300                       0x08007e68   Data          16  shell.o(shellCommand)
    shellKey0x1B5B4400                       0x08007e78   Data          16  shell.o(shellCommand)
    shellKey0x09000000                       0x08007e88   Data          16  shell.o(shellCommand)
    shellKey0x08000000                       0x08007e98   Data          16  shell.o(shellCommand)
    shellKey0x7F000000                       0x08007ea8   Data          16  shell.o(shellCommand)
    shellKey0x1B5B337E                       0x08007eb8   Data          16  shell.o(shellCommand)
    shellKey0x0A000000                       0x08007ec8   Data          16  shell.o(shellCommand)
    shellKey0x0D000000                       0x08007ed8   Data          16  shell.o(shellCommand)
    shellCommandhelp                         0x08007ee8   Data          16  shell.o(shellCommand)
    shellCommandusers                        0x08007ef8   Data          16  shell.o(shellCommand)
    shellCommandcmds                         0x08007f08   Data          16  shell.o(shellCommand)
    shellCommandvars                         0x08007f18   Data          16  shell.o(shellCommand)
    shellCommandkeys                         0x08007f28   Data          16  shell.o(shellCommand)
    shellCommandclear                        0x08007f38   Data          16  shell.o(shellCommand)
    shellCommand$$Limit                      0x08007f48   Number         0  shell.o(shellCommand)
    xCreatedEventGroup                       0x20000004   Data           4  main.o(.data)
    uwTick                                   0x20000008   Data           4  stm32u0xx_hal.o(.data)
    uwTickPrio                               0x2000000c   Data           4  stm32u0xx_hal.o(.data)
    uwTickFreq                               0x20000010   Data           4  stm32u0xx_hal.o(.data)
    SystemCoreClock                          0x20000014   Data           4  system_stm32u0xx.o(.data)
    pxCurrentTCB                             0x20000018   Data           4  tasks.o(.data)
    pairedChars                              0x200000e4   Data           2  shell.o(.data)
    hlpuart1                                 0x200000f0   Data         148  usart.o(.bss)
    shell                                    0x20003af8   Data         116  shell_port.o(.bss)
    shellBuffer                              0x20003b6c   Data         512  shell_port.o(.bss)
    test_buf                                 0x20003d6c   Data         512  shell_port.o(.bss)
    __initial_sp                             0x20004370   Data           0  startup_stm32u083xx.o(STACK)



==============================================================================

Memory Map of the image

  Image Entry point : 0x080000c1

  Load Region LR_IROM1 (Base: 0x08000000, Size: 0x00008038, Max: 0x00040000, ABSOLUTE)

    Execution Region ER_IROM1 (Exec base: 0x08000000, Load base: 0x08000000, Size: 0x00007f48, Max: 0x00040000, ABSOLUTE)

    Exec Addr    Load Addr    Size         Type   Attr      Idx    E Section Name        Object

    0x08000000   0x08000000   0x000000c0   Data   RO            3    RESET               startup_stm32u083xx.o
    0x080000c0   0x080000c0   0x00000000   Code   RO         4456  * .ARM.Collect$$$$00000000  mc_p.l(entry.o)
    0x080000c0   0x080000c0   0x00000004   Code   RO         4750    .ARM.Collect$$$$00000001  mc_p.l(entry2.o)
    0x080000c4   0x080000c4   0x00000004   Code   RO         4753    .ARM.Collect$$$$00000004  mc_p.l(entry5.o)
    0x080000c8   0x080000c8   0x00000000   Code   RO         4755    .ARM.Collect$$$$00000008  mc_p.l(entry7b.o)
    0x080000c8   0x080000c8   0x00000000   Code   RO         4757    .ARM.Collect$$$$0000000A  mc_p.l(entry8b.o)
    0x080000c8   0x080000c8   0x00000008   Code   RO         4758    .ARM.Collect$$$$0000000B  mc_p.l(entry9a.o)
    0x080000d0   0x080000d0   0x00000004   Code   RO         4765    .ARM.Collect$$$$0000000E  mc_p.l(entry12b.o)
    0x080000d4   0x080000d4   0x00000000   Code   RO         4760    .ARM.Collect$$$$0000000F  mc_p.l(entry10a.o)
    0x080000d4   0x080000d4   0x00000000   Code   RO         4762    .ARM.Collect$$$$00000011  mc_p.l(entry11a.o)
    0x080000d4   0x080000d4   0x00000004   Code   RO         4751    .ARM.Collect$$$$00002712  mc_p.l(entry2.o)
    0x080000d8   0x080000d8   0x00000078   Code   RO         3813    .emb_text           port.o
    0x08000150   0x08000150   0x0000001c   Code   RO            4    .text               startup_stm32u083xx.o
    0x0800016c   0x0800016c   0x0000002c   Code   RO         4459    .text               mc_p.l(uidiv.o)
    0x08000198   0x08000198   0x00000028   Code   RO         4461    .text               mc_p.l(idiv.o)
    0x080001c0   0x080001c0   0x00000060   Code   RO         4463    .text               mc_p.l(uldiv.o)
    0x08000220   0x08000220   0x0000007a   Code   RO         4465    .text               mc_p.l(llmul.o)
    0x0800029a   0x0800029a   0x00000024   Code   RO         4467    .text               mc_p.l(memcpya.o)
    0x080002be   0x080002be   0x00000024   Code   RO         4469    .text               mc_p.l(memseta.o)
    0x080002e2   0x080002e2   0x0000000e   Code   RO         4471    .text               mc_p.l(strlen.o)
    0x080002f0   0x080002f0   0x0000001c   Code   RO         4473    .text               mc_p.l(strcmp.o)
    0x0800030c   0x0800030c   0x00000012   Code   RO         4475    .text               mc_p.l(strcpy.o)
    0x0800031e   0x0800031e   0x0000001e   Code   RO         4477    .text               mc_p.l(strncmp.o)
    0x0800033c   0x0800033c   0x0000007a   Code   RO         4742    .text               mf_p.l(fmul.o)
    0x080003b6   0x080003b6   0x0000007c   Code   RO         4744    .text               mf_p.l(fdiv.o)
    0x08000432   0x08000432   0x00000016   Code   RO         4746    .text               mf_p.l(fflti.o)
    0x08000448   0x08000448   0x0000000e   Code   RO         4748    .text               mf_p.l(ffltui.o)
    0x08000456   0x08000456   0x00000020   Code   RO         4769    .text               mc_p.l(llshl.o)
    0x08000476   0x08000476   0x00000022   Code   RO         4771    .text               mc_p.l(llushr.o)
    0x08000498   0x08000498   0x00000000   Code   RO         4773    .text               mc_p.l(iusefp.o)
    0x08000498   0x08000498   0x00000082   Code   RO         4774    .text               mf_p.l(fepilogue.o)
    0x0800051a   0x0800051a   0x00000002   PAD
    0x0800051c   0x0800051c   0x00000168   Code   RO         4776    .text               mf_p.l(dadd.o)
    0x08000684   0x08000684   0x000000d0   Code   RO         4778    .text               mf_p.l(dmul.o)
    0x08000754   0x08000754   0x000000f0   Code   RO         4780    .text               mf_p.l(ddiv.o)
    0x08000844   0x08000844   0x00000040   Code   RO         4782    .text               mf_p.l(dfixul.o)
    0x08000884   0x08000884   0x00000028   Code   RO         4784    .text               mf_p.l(cdrcmple.o)
    0x080008ac   0x080008ac   0x00000024   Code   RO         4786    .text               mc_p.l(init.o)
    0x080008d0   0x080008d0   0x00000026   Code   RO         4789    .text               mc_p.l(llsshr.o)
    0x080008f6   0x080008f6   0x000000be   Code   RO         4792    .text               mf_p.l(depilogue.o)
    0x080009b4   0x080009b4   0x00000006   Code   RO           12    i.Error_Handler     main.o
    0x080009ba   0x080009ba   0x0000008c   Code   RO         1093    i.HAL_DMA_Abort     stm32u0xx_hal_dma.o
    0x08000a46   0x08000a46   0x0000008a   Code   RO         1094    i.HAL_DMA_Abort_IT  stm32u0xx_hal_dma.o
    0x08000ad0   0x08000ad0   0x000001f4   Code   RO         1024    i.HAL_GPIO_Init     stm32u0xx_hal_gpio.o
    0x08000cc4   0x08000cc4   0x00000014   Code   RO         1027    i.HAL_GPIO_TogglePin  stm32u0xx_hal_gpio.o
    0x08000cd8   0x08000cd8   0x0000000c   Code   RO         1028    i.HAL_GPIO_WritePin  stm32u0xx_hal_gpio.o
    0x08000ce4   0x08000ce4   0x0000000c   Code   RO         1594    i.HAL_GetTick       stm32u0xx_hal.o
    0x08000cf0   0x08000cf0   0x0000001a   Code   RO         1601    i.HAL_Init          stm32u0xx_hal.o
    0x08000d0a   0x08000d0a   0x00000002   PAD
    0x08000d0c   0x08000d0c   0x00000060   Code   RO         1602    i.HAL_InitTick      stm32u0xx_hal.o
    0x08000d6c   0x08000d6c   0x00000044   Code   RO          339    i.HAL_MspInit       stm32u0xx_hal_msp.o
    0x08000db0   0x08000db0   0x00000024   Code   RO          368    i.HAL_NVIC_EnableIRQ  stm32u0xx_hal_cortex.o
    0x08000dd4   0x08000dd4   0x00000012   Code   RO          372    i.HAL_NVIC_SetPriority  stm32u0xx_hal_cortex.o
    0x08000de6   0x08000de6   0x00000002   PAD
    0x08000de8   0x08000de8   0x0000009c   Code   RO         1360    i.HAL_PWREx_ControlVoltageScaling  stm32u0xx_hal_pwr_ex.o
    0x08000e84   0x08000e84   0x00000010   Code   RO         1389    i.HAL_PWREx_GetVoltageRange  stm32u0xx_hal_pwr_ex.o
    0x08000e94   0x08000e94   0x00000130   Code   RO          604    i.HAL_RCCEx_GetPLLClockFreq  stm32u0xx_hal_rcc_ex.o
    0x08000fc4   0x08000fc4   0x000006e4   Code   RO          606    i.HAL_RCCEx_GetPeriphCLKFreq  stm32u0xx_hal_rcc_ex.o
    0x080016a8   0x080016a8   0x0000039c   Code   RO          609    i.HAL_RCCEx_PeriphCLKConfig  stm32u0xx_hal_rcc_ex.o
    0x08001a44   0x08001a44   0x0000019c   Code   RO          488    i.HAL_RCC_ClockConfig  stm32u0xx_hal_rcc.o
    0x08001be0   0x08001be0   0x0000000c   Code   RO          492    i.HAL_RCC_GetHCLKFreq  stm32u0xx_hal_rcc.o
    0x08001bec   0x08001bec   0x00000028   Code   RO          494    i.HAL_RCC_GetPCLK1Freq  stm32u0xx_hal_rcc.o
    0x08001c14   0x08001c14   0x0000010c   Code   RO          496    i.HAL_RCC_GetSysClockFreq  stm32u0xx_hal_rcc.o
    0x08001d20   0x08001d20   0x00000758   Code   RO          499    i.HAL_RCC_OscConfig  stm32u0xx_hal_rcc.o
    0x08002478   0x08002478   0x00000038   Code   RO          376    i.HAL_SYSTICK_Config  stm32u0xx_hal_cortex.o
    0x080024b0   0x080024b0   0x00000054   Code   RO         2347    i.HAL_UARTEx_DisableFifoMode  stm32u0xx_hal_uart_ex.o
    0x08002504   0x08002504   0x00000002   Code   RO         1925    i.HAL_UARTEx_RxEventCallback  stm32u0xx_hal_uart.o
    0x08002506   0x08002506   0x00000002   Code   RO         2355    i.HAL_UARTEx_RxFifoFullCallback  stm32u0xx_hal_uart_ex.o
    0x08002508   0x08002508   0x00000060   Code   RO         2356    i.HAL_UARTEx_SetRxFifoThreshold  stm32u0xx_hal_uart_ex.o
    0x08002568   0x08002568   0x0000005e   Code   RO         2357    i.HAL_UARTEx_SetTxFifoThreshold  stm32u0xx_hal_uart_ex.o
    0x080025c6   0x080025c6   0x00000002   Code   RO         2359    i.HAL_UARTEx_TxFifoEmptyCallback  stm32u0xx_hal_uart_ex.o
    0x080025c8   0x080025c8   0x00000002   Code   RO         2360    i.HAL_UARTEx_WakeupCallback  stm32u0xx_hal_uart_ex.o
    0x080025ca   0x080025ca   0x00000002   Code   RO         1941    i.HAL_UART_ErrorCallback  stm32u0xx_hal_uart.o
    0x080025cc   0x080025cc   0x00000446   Code   RO         1944    i.HAL_UART_IRQHandler  stm32u0xx_hal_uart.o
    0x08002a12   0x08002a12   0x00000082   Code   RO         1945    i.HAL_UART_Init     stm32u0xx_hal_uart.o
    0x08002a94   0x08002a94   0x000000ac   Code   RO          257    i.HAL_UART_MspInit  usart.o
    0x08002b40   0x08002b40   0x00000150   Code   RO         1948    i.HAL_UART_Receive  stm32u0xx_hal_uart.o
    0x08002c90   0x08002c90   0x000000f2   Code   RO         1954    i.HAL_UART_Transmit  stm32u0xx_hal_uart.o
    0x08002d82   0x08002d82   0x00000002   Code   RO         1957    i.HAL_UART_TxCpltCallback  stm32u0xx_hal_uart.o
    0x08002d84   0x08002d84   0x00000004   Code   RO          296    i.HardFault_Handler  stm32u0xx_it.o
    0x08002d88   0x08002d88   0x00000088   Code   RO          234    i.MX_GPIO_Init      gpio.o
    0x08002e10   0x08002e10   0x00000084   Code   RO          258    i.MX_LPUART1_UART_Init  usart.o
    0x08002e94   0x08002e94   0x00000004   Code   RO          297    i.NMI_Handler       stm32u0xx_it.o
    0x08002e98   0x08002e98   0x000000ac   Code   RO          500    i.RCC_SetFlashLatencyFromMSIRange  stm32u0xx_hal_rcc.o
    0x08002f44   0x08002f44   0x00000002   Code   RO         3814    i.SVC_Handler       port.o
    0x08002f46   0x08002f46   0x00000008   Code   RO          298    i.SysTick_Handler   stm32u0xx_it.o
    0x08002f4e   0x08002f4e   0x00000060   Code   RO           13    i.SystemClock_Config  main.o
    0x08002fae   0x08002fae   0x00000002   PAD
    0x08002fb0   0x08002fb0   0x00000048   Code   RO         2510    i.SystemInit        system_stm32u0xx.o
    0x08002ff8   0x08002ff8   0x00000068   Code   RO         2361    i.UARTEx_SetNbDataToProcess  stm32u0xx_hal_uart_ex.o
    0x08003060   0x08003060   0x000000f0   Code   RO         1959    i.UART_AdvFeatureConfig  stm32u0xx_hal_uart.o
    0x08003150   0x08003150   0x00000104   Code   RO         1960    i.UART_CheckIdleState  stm32u0xx_hal_uart.o
    0x08003254   0x08003254   0x00000018   Code   RO         1961    i.UART_DMAAbortOnError  stm32u0xx_hal_uart.o
    0x0800326c   0x0800326c   0x00000084   Code   RO         1971    i.UART_EndRxTransfer  stm32u0xx_hal_uart.o
    0x080032f0   0x080032f0   0x00000038   Code   RO         1972    i.UART_EndTransmit_IT  stm32u0xx_hal_uart.o
    0x08003328   0x08003328   0x00000294   Code   RO         1978    i.UART_SetConfig    stm32u0xx_hal_uart.o
    0x080035bc   0x080035bc   0x000000b4   Code   RO         1985    i.UART_WaitOnFlagUntilTimeout  stm32u0xx_hal_uart.o
    0x08003670   0x08003670   0x00000010   Code   RO          299    i.USART3_LPUART1_IRQHandler  stm32u0xx_it.o
    0x08003680   0x08003680   0x00000038   Code   RO         4715    i.__0snprintf       mc_p.l(printfa.o)
    0x080036b8   0x080036b8   0x0000002e   Code   RO         4794    i.__ARM_clz         mf_p.l(depilogue.o)
    0x080036e6   0x080036e6   0x0000001c   Code   RO         1188    i.__ARM_common_switch8  stm32u0xx_hal_dma.o
    0x08003702   0x08003702   0x00000002   PAD
    0x08003704   0x08003704   0x00000078   Code   RO          378    i.__NVIC_SetPriority  stm32u0xx_hal_cortex.o
    0x0800377c   0x0800377c   0x00000006   Code   RO         1986    i.__get_PRIMASK     stm32u0xx_hal_uart.o
    0x08003782   0x08003782   0x0000000e   Code   RO         4798    i.__scatterload_copy  mc_p.l(handlers.o)
    0x08003790   0x08003790   0x00000002   Code   RO         4799    i.__scatterload_null  mc_p.l(handlers.o)
    0x08003792   0x08003792   0x0000000e   Code   RO         4800    i.__scatterload_zeroinit  mc_p.l(handlers.o)
    0x080037a0   0x080037a0   0x00000006   Code   RO         1987    i.__set_PRIMASK     stm32u0xx_hal_uart.o
    0x080037a6   0x080037a6   0x00000002   PAD
    0x080037a8   0x080037a8   0x00000174   Code   RO         4721    i._fp_digits        mc_p.l(printfa.o)
    0x0800391c   0x0800391c   0x000006f0   Code   RO         4722    i._printf_core      mc_p.l(printfa.o)
    0x0800400c   0x0800400c   0x00000020   Code   RO         4723    i._printf_post_padding  mc_p.l(printfa.o)
    0x0800402c   0x0800402c   0x0000002c   Code   RO         4724    i._printf_pre_padding  mc_p.l(printfa.o)
    0x08004058   0x08004058   0x00000016   Code   RO         4725    i._snputc           mc_p.l(printfa.o)
    0x0800406e   0x0800406e   0x00000002   PAD
    0x08004070   0x08004070   0x0000002c   Code   RO           14    i.app_init          main.o
    0x0800409c   0x0800409c   0x0000000a   Code   RO           15    i.app_thread        main.o
    0x080040a6   0x080040a6   0x00000002   PAD
    0x080040a8   0x080040a8   0x000000a4   Code   RO         3131    i.eTaskGetState     tasks.o
    0x0800414c   0x0800414c   0x00000018   Code   RO         3896    i.list_thread       shell_extend.o
    0x08004164   0x08004164   0x00000030   Code   RO           18    i.main              main.o
    0x08004194   0x08004194   0x000000b0   Code   RO         3133    i.prvAddCurrentTaskToDelayedList  tasks.o
    0x08004244   0x08004244   0x000000e8   Code   RO         3134    i.prvAddNewTaskToReadyList  tasks.o
    0x0800432c   0x0800432c   0x00000050   Code   RO         3560    i.prvCheckForValidListAndQueue  timers.o
    0x0800437c   0x0800437c   0x00000048   Code   RO         3135    i.prvCheckTasksWaitingTermination  tasks.o
    0x080043c4   0x080043c4   0x0000002c   Code   RO         2709    i.prvCopyDataFromQueue  queue.o
    0x080043f0   0x080043f0   0x00000080   Code   RO         2710    i.prvCopyDataToQueue  queue.o
    0x08004470   0x08004470   0x0000006c   Code   RO         3136    i.prvCreateIdleTasks  tasks.o
    0x080044dc   0x080044dc   0x00000058   Code   RO         3137    i.prvCreateTask     tasks.o
    0x08004534   0x08004534   0x00000012   Code   RO         3138    i.prvDeleteTCB      tasks.o
    0x08004546   0x08004546   0x00000016   Code   RO         2711    i.prvGetDisinheritPriorityAfterTimeout  queue.o
    0x0800455c   0x0800455c   0x0000002c   Code   RO         3561    i.prvGetNextExpireTime  timers.o
    0x08004588   0x08004588   0x00000070   Code   RO         3737    i.prvHeapInit       heap_4.o
    0x080045f8   0x080045f8   0x00000018   Code   RO         3139    i.prvIdleTask       tasks.o
    0x08004610   0x08004610   0x00000020   Code   RO         2712    i.prvInitialiseMutex  queue.o
    0x08004630   0x08004630   0x00000030   Code   RO         2713    i.prvInitialiseNewQueue  queue.o
    0x08004660   0x08004660   0x0000008c   Code   RO         3140    i.prvInitialiseNewTask  tasks.o
    0x080046ec   0x080046ec   0x00000036   Code   RO         3562    i.prvInitialiseNewTimer  timers.o
    0x08004722   0x08004722   0x00000002   PAD
    0x08004724   0x08004724   0x00000064   Code   RO         3141    i.prvInitialiseTaskLists  tasks.o
    0x08004788   0x08004788   0x00000068   Code   RO         3738    i.prvInsertBlockIntoFreeList  heap_4.o
    0x080047f0   0x080047f0   0x00000054   Code   RO         3563    i.prvInsertTimerInActiveList  timers.o
    0x08004844   0x08004844   0x0000001c   Code   RO         2714    i.prvIsQueueEmpty   queue.o
    0x08004860   0x08004860   0x0000001e   Code   RO         2715    i.prvIsQueueFull    queue.o
    0x0800487e   0x0800487e   0x00000042   Code   RO         3142    i.prvListTasksWithinSingleList  tasks.o
    0x080048c0   0x080048c0   0x00000062   Code   RO         2716    i.prvNotifyQueueSetContainer  queue.o
    0x08004922   0x08004922   0x00000002   PAD
    0x08004924   0x08004924   0x00000044   Code   RO         3564    i.prvProcessExpiredTimer  timers.o
    0x08004968   0x08004968   0x0000010c   Code   RO         3565    i.prvProcessReceivedCommands  timers.o
    0x08004a74   0x08004a74   0x0000006c   Code   RO         3566    i.prvProcessTimerOrBlockTask  timers.o
    0x08004ae0   0x08004ae0   0x00000028   Code   RO         3567    i.prvReloadTimer    timers.o
    0x08004b08   0x08004b08   0x00000034   Code   RO         3143    i.prvResetNextTaskUnblockTime  tasks.o
    0x08004b3c   0x08004b3c   0x0000002c   Code   RO         3568    i.prvSampleTimeNow  timers.o
    0x08004b68   0x08004b68   0x00000016   Code   RO         3144    i.prvSnprintfReturnValueToCharsWritten  tasks.o
    0x08004b7e   0x08004b7e   0x00000002   PAD
    0x08004b80   0x08004b80   0x00000044   Code   RO         3569    i.prvSwitchTimerLists  timers.o
    0x08004bc4   0x08004bc4   0x00000014   Code   RO         3145    i.prvTaskCheckFreeStackSpace  tasks.o
    0x08004bd8   0x08004bd8   0x00000006   Code   RO         3815    i.prvTaskExitError  port.o
    0x08004bde   0x08004bde   0x0000001a   Code   RO         3570    i.prvTimerTask      timers.o
    0x08004bf8   0x08004bf8   0x000000a4   Code   RO         2717    i.prvUnlockQueue    queue.o
    0x08004c9c   0x08004c9c   0x0000002a   Code   RO         3147    i.prvWriteNameToBuffer  tasks.o
    0x08004cc6   0x08004cc6   0x00000002   PAD
    0x08004cc8   0x08004cc8   0x00000110   Code   RO         3740    i.pvPortMalloc      heap_4.o
    0x08004dd8   0x08004dd8   0x00000014   Code   RO         3148    i.pvTaskIncrementMutexHeldCount  tasks.o
    0x08004dec   0x08004dec   0x00000020   Code   RO         3816    i.pxPortInitialiseStack  port.o
    0x08004e0c   0x08004e0c   0x00000028   Code   RO         3973    i.shellAdd          shell.o
    0x08004e34   0x08004e34   0x0000000e   Code   RO         3974    i.shellBackspace    shell.o
    0x08004e42   0x08004e42   0x00000002   PAD
    0x08004e44   0x08004e44   0x00000044   Code   RO         3975    i.shellCheckPassword  shell.o
    0x08004e88   0x08004e88   0x00000044   Code   RO         3976    i.shellCheckPermission  shell.o
    0x08004ecc   0x08004ecc   0x0000001c   Code   RO         3977    i.shellClear        shell.o
    0x08004ee8   0x08004ee8   0x00000028   Code   RO         3978    i.shellClearCommandLine  shell.o
    0x08004f10   0x08004f10   0x00000014   Code   RO         3979    i.shellCmds         shell.o
    0x08004f24   0x08004f24   0x00000010   Code   RO         3980    i.shellDelete       shell.o
    0x08004f34   0x08004f34   0x000000de   Code   RO         3981    i.shellDeleteByte   shell.o
    0x08005012   0x08005012   0x00000002   PAD
    0x08005014   0x08005014   0x00000020   Code   RO         3982    i.shellDeleteCommandLine  shell.o
    0x08005034   0x08005034   0x00000010   Code   RO         3983    i.shellDown         shell.o
    0x08005044   0x08005044   0x00000014   Code   RO         3984    i.shellEnter        shell.o
    0x08005058   0x08005058   0x0000007c   Code   RO         3985    i.shellExec         shell.o
    0x080050d4   0x080050d4   0x0000005a   Code   RO         4353    i.shellExtNumType   shell_ext.o
    0x0800512e   0x0800512e   0x00000052   Code   RO         4354    i.shellExtParseChar  shell_ext.o
    0x08005180   0x08005180   0x000000e6   Code   RO         4355    i.shellExtParseNumber  shell_ext.o
    0x08005266   0x08005266   0x00000080   Code   RO         4356    i.shellExtParsePara  shell_ext.o
    0x080052e6   0x080052e6   0x0000004a   Code   RO         4357    i.shellExtParseString  shell_ext.o
    0x08005330   0x08005330   0x0000002e   Code   RO         4358    i.shellExtParseVar  shell_ext.o
    0x0800535e   0x0800535e   0x00000100   Code   RO         4359    i.shellExtRun       shell_ext.o
    0x0800545e   0x0800545e   0x00000036   Code   RO         4360    i.shellExtToNum     shell_ext.o
    0x08005494   0x08005494   0x00000030   Code   RO         3986    i.shellGetCommandDesc  shell.o
    0x080054c4   0x080054c4   0x00000050   Code   RO         3987    i.shellGetCommandName  shell.o
    0x08005514   0x08005514   0x00000034   Code   RO         3988    i.shellGetCurrent   shell.o
    0x08005548   0x08005548   0x00000056   Code   RO         3989    i.shellGetVarValue  shell.o
    0x0800559e   0x0800559e   0x00000002   PAD
    0x080055a0   0x080055a0   0x0000010c   Code   RO         3990    i.shellHandler      shell.o
    0x080056ac   0x080056ac   0x0000002e   Code   RO         3991    i.shellHelp         shell.o
    0x080056da   0x080056da   0x000000c0   Code   RO         3992    i.shellHistory      shell.o
    0x0800579a   0x0800579a   0x00000080   Code   RO         3993    i.shellHistoryAdd   shell.o
    0x0800581a   0x0800581a   0x00000002   PAD
    0x0800581c   0x0800581c   0x000000a0   Code   RO         3994    i.shellInit         shell.o
    0x080058bc   0x080058bc   0x000000fc   Code   RO         3995    i.shellInsertByte   shell.o
    0x080059b8   0x080059b8   0x00000014   Code   RO         3996    i.shellKeys         shell.o
    0x080059cc   0x080059cc   0x0000001a   Code   RO         3997    i.shellLeft         shell.o
    0x080059e6   0x080059e6   0x0000000c   Code   RO         3998    i.shellListAll      shell.o
    0x080059f2   0x080059f2   0x00000002   PAD
    0x080059f4   0x080059f4   0x0000004c   Code   RO         3999    i.shellListCommand  shell.o
    0x08005a40   0x08005a40   0x000000f8   Code   RO         4000    i.shellListItem     shell.o
    0x08005b38   0x08005b38   0x0000005c   Code   RO         4001    i.shellListKey      shell.o
    0x08005b94   0x08005b94   0x0000005c   Code   RO         4002    i.shellListUser     shell.o
    0x08005bf0   0x08005bf0   0x0000005c   Code   RO         4003    i.shellListVar      shell.o
    0x08005c4c   0x08005c4c   0x0000001c   Code   RO         4004    i.shellNormalInput  shell.o
    0x08005c68   0x08005c68   0x0000001a   Code   RO         4005    i.shellParserParam  shell.o
    0x08005c82   0x08005c82   0x00000068   Code   RO         4008    i.shellRemoveParamQuotes  shell.o
    0x08005cea   0x08005cea   0x0000001e   Code   RO         4009    i.shellRight        shell.o
    0x08005d08   0x08005d08   0x000000b4   Code   RO         4011    i.shellRunCommand   shell.o
    0x08005dbc   0x08005dbc   0x00000082   Code   RO         4012    i.shellSeekCommand  shell.o
    0x08005e3e   0x08005e3e   0x00000002   PAD
    0x08005e40   0x08005e40   0x00000068   Code   RO         4013    i.shellSetUser      shell.o
    0x08005ea8   0x08005ea8   0x0000006c   Code   RO         4014    i.shellSetVar       shell.o
    0x08005f14   0x08005f14   0x0000009c   Code   RO         4015    i.shellSetVarValue  shell.o
    0x08005fb0   0x08005fb0   0x000000c4   Code   RO         4016    i.shellShowVar      shell.o
    0x08006074   0x08006074   0x00000100   Code   RO         4017    i.shellSplit        shell.o
    0x08006174   0x08006174   0x0000002e   Code   RO         4018    i.shellStringCompare  shell.o
    0x080061a2   0x080061a2   0x00000018   Code   RO         4019    i.shellStringCopy   shell.o
    0x080061ba   0x080061ba   0x00000002   PAD
    0x080061bc   0x080061bc   0x00000124   Code   RO         4020    i.shellTab          shell.o
    0x080062e0   0x080062e0   0x00000026   Code   RO         4021    i.shellTask         shell.o
    0x08006306   0x08006306   0x0000005a   Code   RO         4022    i.shellToDec        shell.o
    0x08006360   0x08006360   0x00000038   Code   RO         4023    i.shellToHex        shell.o
    0x08006398   0x08006398   0x0000000e   Code   RO         4024    i.shellUp           shell.o
    0x080063a6   0x080063a6   0x00000014   Code   RO         4025    i.shellUsers        shell.o
    0x080063ba   0x080063ba   0x00000014   Code   RO         4026    i.shellVars         shell.o
    0x080063ce   0x080063ce   0x0000000e   Code   RO         4027    i.shellWriteByte    shell.o
    0x080063dc   0x080063dc   0x0000005c   Code   RO         4028    i.shellWriteCommandDesc  shell.o
    0x08006438   0x08006438   0x00000068   Code   RO         4029    i.shellWriteCommandHelp  shell.o
    0x080064a0   0x080064a0   0x00000070   Code   RO         4030    i.shellWritePrompt  shell.o
    0x08006510   0x08006510   0x00000088   Code   RO         4031    i.shellWriteReturnValue  shell.o
    0x08006598   0x08006598   0x0000002c   Code   RO         4032    i.shellWriteString  shell.o
    0x080065c4   0x080065c4   0x0000000a   Code   RO         3897    i.shell_contrel_led  shell_extend.o
    0x080065ce   0x080065ce   0x00000002   PAD
    0x080065d0   0x080065d0   0x0000004c   Code   RO         3946    i.timers_control_task_init  timers_control.o
    0x0800661c   0x0800661c   0x00000074   Code   RO         4404    i.userShellInit     shell_port.o
    0x08006690   0x08006690   0x00000018   Code   RO         4405    i.userShellLock     shell_port.o
    0x080066a8   0x080066a8   0x00000044   Code   RO         4406    i.userShellRead     shell_port.o
    0x080066ec   0x080066ec   0x0000001c   Code   RO         4407    i.userShellUnlock   shell_port.o
    0x08006708   0x08006708   0x00000020   Code   RO         4408    i.userShellWrite    shell_port.o
    0x08006728   0x08006728   0x00000028   Code   RO         2663    i.uxListRemove      list.o
    0x08006750   0x08006750   0x0000000c   Code   RO         3153    i.uxTaskGetNumberOfTasks  tasks.o
    0x0800675c   0x0800675c   0x000000a4   Code   RO         3154    i.uxTaskGetSystemState  tasks.o
    0x08006800   0x08006800   0x0000001a   Code   RO         2664    i.vListInitialise   list.o
    0x0800681a   0x0800681a   0x00000006   Code   RO         2665    i.vListInitialiseItem  list.o
    0x08006820   0x08006820   0x00000036   Code   RO         2666    i.vListInsert       list.o
    0x08006856   0x08006856   0x00000002   PAD
    0x08006858   0x08006858   0x0000001c   Code   RO         3818    i.vPortEnterCritical  port.o
    0x08006874   0x08006874   0x0000001c   Code   RO         3819    i.vPortExitCritical  port.o
    0x08006890   0x08006890   0x00000054   Code   RO         3741    i.vPortFree         heap_4.o
    0x080068e4   0x080068e4   0x0000002c   Code   RO         3820    i.vPortSetupTimerInterrupt  port.o
    0x08006910   0x08006910   0x00000018   Code   RO         3821    i.vPortYield        port.o
    0x08006928   0x08006928   0x0000004c   Code   RO         2727    i.vQueueWaitForMessageRestricted  queue.o
    0x08006974   0x08006974   0x00000026   Code   RO         3159    i.vTaskDelay        tasks.o
    0x0800699a   0x0800699a   0x00000002   PAD
    0x0800699c   0x0800699c   0x000000d0   Code   RO         3163    i.vTaskGetInfo      tasks.o
    0x08006a6c   0x08006a6c   0x00000018   Code   RO         3164    i.vTaskInternalSetTimeOutState  tasks.o
    0x08006a84   0x08006a84   0x00000118   Code   RO         3165    i.vTaskListTasks    tasks.o
    0x08006b9c   0x08006b9c   0x0000000c   Code   RO         3166    i.vTaskMissedYield  tasks.o
    0x08006ba8   0x08006ba8   0x00000020   Code   RO         3167    i.vTaskPlaceOnEventList  tasks.o
    0x08006bc8   0x08006bc8   0x00000050   Code   RO         3168    i.vTaskPlaceOnEventListRestricted  tasks.o
    0x08006c18   0x08006c18   0x000000c0   Code   RO         3170    i.vTaskPriorityDisinheritAfterTimeout  tasks.o
    0x08006cd8   0x08006cd8   0x00000048   Code   RO         3177    i.vTaskStartScheduler  tasks.o
    0x08006d20   0x08006d20   0x00000010   Code   RO         3179    i.vTaskSuspendAll   tasks.o
    0x08006d30   0x08006d30   0x00000080   Code   RO         3180    i.vTaskSwitchContext  tasks.o
    0x08006db0   0x08006db0   0x00000016   Code   RO         3947    i.v_timer1_callback  timers_control.o
    0x08006dc6   0x08006dc6   0x0000001c   Code   RO         2568    i.xEventGroupCreate  event_groups.o
    0x08006de2   0x08006de2   0x00000002   PAD
    0x08006de4   0x08006de4   0x00000038   Code   RO         3822    i.xPortStartScheduler  port.o
    0x08006e1c   0x08006e1c   0x00000024   Code   RO         3823    i.xPortSysTickHandler  port.o
    0x08006e40   0x08006e40   0x0000001e   Code   RO         2729    i.xQueueCreateMutex  queue.o
    0x08006e5e   0x08006e5e   0x00000056   Code   RO         2731    i.xQueueGenericCreate  queue.o
    0x08006eb4   0x08006eb4   0x00000094   Code   RO         2732    i.xQueueGenericReset  queue.o
    0x08006f48   0x08006f48   0x00000120   Code   RO         2733    i.xQueueGenericSend  queue.o
    0x08007068   0x08007068   0x000000ee   Code   RO         2740    i.xQueueReceive     queue.o
    0x08007156   0x08007156   0x0000012a   Code   RO         2745    i.xQueueSemaphoreTake  queue.o
    0x08007280   0x08007280   0x00000064   Code   RO         3182    i.xTaskCheckForTimeOut  tasks.o
    0x080072e4   0x080072e4   0x00000032   Code   RO         3183    i.xTaskCreate       tasks.o
    0x08007316   0x08007316   0x00000002   PAD
    0x08007318   0x08007318   0x00000024   Code   RO         3191    i.xTaskGetSchedulerState  tasks.o
    0x0800733c   0x0800733c   0x0000000c   Code   RO         3192    i.xTaskGetTickCount  tasks.o
    0x08007348   0x08007348   0x0000018c   Code   RO         3194    i.xTaskIncrementTick  tasks.o
    0x080074d4   0x080074d4   0x00000098   Code   RO         3195    i.xTaskPriorityDisinherit  tasks.o
    0x0800756c   0x0800756c   0x000000d8   Code   RO         3196    i.xTaskPriorityInherit  tasks.o
    0x08007644   0x08007644   0x00000114   Code   RO         3197    i.xTaskRemoveFromEventList  tasks.o
    0x08007758   0x08007758   0x00000170   Code   RO         3198    i.xTaskResumeAll    tasks.o
    0x080078c8   0x080078c8   0x00000032   Code   RO         3578    i.xTimerCreate      timers.o
    0x080078fa   0x080078fa   0x00000002   PAD
    0x080078fc   0x080078fc   0x00000040   Code   RO         3579    i.xTimerCreateTimerTask  timers.o
    0x0800793c   0x0800793c   0x00000058   Code   RO         3581    i.xTimerGenericCommandFromTask  timers.o
    0x08007994   0x08007994   0x00000020   Data   RO         1988    .constdata          stm32u0xx_hal_uart.o
    0x080079b4   0x080079b4   0x00000017   Data   RO         2365    .constdata          stm32u0xx_hal_uart_ex.o
    0x080079cb   0x080079cb   0x00000001   PAD
    0x080079cc   0x080079cc   0x00000050   Data   RO         2511    .constdata          system_stm32u0xx.o
    0x08007a1c   0x08007a1c   0x00000044   Data   RO         3899    .constdata          shell_extend.o
    0x08007a60   0x08007a60   0x000000e3   Data   RO         4034    .constdata          shell.o
    0x08007b43   0x08007b43   0x00000001   PAD
    0x08007b44   0x08007b44   0x000002a1   Data   RO         4035    .conststring        shell.o
    0x08007de5   0x08007de5   0x00000003   PAD
    0x08007de8   0x08007de8   0x00000020   Data   RO         4796    Region$$Table       anon$$obj.o
    0x08007e08   0x08007e08   0x00000020   Data   RO         3901    shellCommand        shell_extend.o
    0x08007e28   0x08007e28   0x00000120   Data   RO         4037    shellCommand        shell.o


    Execution Region RW_IRAM1 (Exec base: 0x20000000, Load base: 0x08007f48, Size: 0x00004370, Max: 0x00008000, ABSOLUTE)

    Exec Addr    Load Addr    Size         Type   Attr      Idx    E Section Name        Object

    0x20000000   0x08007f48   0x00000008   Data   RW           20    .data               main.o
    0x20000008   0x08007f50   0x0000000c   Data   RW         1626    .data               stm32u0xx_hal.o
    0x20000014   0x08007f5c   0x00000004   Data   RW         2512    .data               system_stm32u0xx.o
    0x20000018   0x08007f60   0x00000040   Data   RW         3202    .data               tasks.o
    0x20000058   0x08007fa0   0x00000014   Data   RW         3589    .data               timers.o
    0x2000006c   0x08007fb4   0x0000001c   Data   RW         3749    .data               heap_4.o
    0x20000088   0x08007fd0   0x00000004   Data   RW         3825    .data               port.o
    0x2000008c   0x08007fd4   0x00000004   Data   RW         3949    .data               timers_control.o
    0x20000090   0x08007fd8   0x00000056   Data   RW         4036    .data               shell.o
    0x200000e6   0x0800802e   0x00000002   PAD
    0x200000e8   0x08008030   0x00000008   Data   RW         4411    .data               shell_port.o
    0x200000f0        -       0x00000094   Zero   RW          259    .bss                usart.o
    0x20000184        -       0x0000012c   Zero   RW         3200    .bss                tasks.o
    0x200002b0        -       0x00000028   Zero   RW         3587    .bss                timers.o
    0x200002d8        -       0x00002800   Zero   RW         3747    .bss                heap_4.o
    0x20002ad8        -       0x00001000   Zero   RW         3898    .bss                shell_extend.o
    0x20003ad8        -       0x0000001d   Zero   RW         4033    .bss                shell.o
    0x20003af5   0x08008038   0x00000003   PAD
    0x20003af8        -       0x00000474   Zero   RW         4409    .bss                shell_port.o
    0x20003f6c   0x08008038   0x00000004   PAD
    0x20003f70        -       0x00000400   Zero   RW            1    STACK               startup_stm32u083xx.o


==============================================================================

Image component sizes


      Code (inc. data)   RO Data    RW Data    ZI Data      Debug   Object Name

        28          0          0          0          0       4488   event_groups.o
       136          8          0          0          0        855   gpio.o
       572         62          0         28      10240       4963   heap_4.o
       126          0          0          0          0       2657   list.o
       204         24          0          8          0     572714   main.o
       376         56          0          4          0       6955   port.o
      1758          0          0          0          0      16602   queue.o
      5098        242       1188         86         29      41457   shell.o
       960         10          0          0          0       6994   shell_ext.o
        34          8        100          0       4096       2155   shell_extend.o
       268         86          0          8       1140       4000   shell_port.o
        28          8        192          0       1024        620   startup_stm32u083xx.o
       134         20          0         12          0       2735   stm32u0xx_hal.o
       230         26          0          0          0      12085   stm32u0xx_hal_cortex.o
       306          0          0          0          0       1775   stm32u0xx_hal_dma.o
         0          0          0          0          0       2524   stm32u0xx_hal_flash.o
       532         26          0          0          0       2569   stm32u0xx_hal_gpio.o
        68          6          0          0          0        810   stm32u0xx_hal_msp.o
       172         16          0          0          0       1282   stm32u0xx_hal_pwr_ex.o
      2784        102          0          0          0       6937   stm32u0xx_hal_rcc.o
      2992         60          0          0          0       4341   stm32u0xx_hal_rcc_ex.o
      3372         82         32          0          0      32675   stm32u0xx_hal_uart.o
       384         10         23          0          0       5370   stm32u0xx_hal_uart_ex.o
        32          6          0          0          0       1744   stm32u0xx_it.o
         0          0          0          0          0        392   stream_buffer.o
        72          8         80          4          0       1245   system_stm32u0xx.o
      4208        444          0         64        300      38203   tasks.o
      1086        104          0         20         40      13674   timers.o
        98         18          0          4          0       1727   timers_control.o
       304         20          0          0        148       1761   usart.o

    ----------------------------------------------------------------------
     26408       1452       1652        240      17024     796309   Object Totals
         0          0         32          0          0          0   (incl. Generated)
        46          0          5          2          7          0   (incl. Padding)

    ----------------------------------------------------------------------

      Code (inc. data)   RO Data    RW Data    ZI Data      Debug   Library Member Name

         0          0          0          0          0          0   entry.o
         0          0          0          0          0          0   entry10a.o
         0          0          0          0          0          0   entry11a.o
         4          0          0          0          0          0   entry12b.o
         8          4          0          0          0          0   entry2.o
         4          0          0          0          0          0   entry5.o
         0          0          0          0          0          0   entry7b.o
         0          0          0          0          0          0   entry8b.o
         8          4          0          0          0          0   entry9a.o
        30          0          0          0          0          0   handlers.o
        40          0          0          0          0         72   idiv.o
        36          8          0          0          0         68   init.o
         0          0          0          0          0          0   iusefp.o
       122          0          0          0          0         84   llmul.o
        32          0          0          0          0         68   llshl.o
        38          0          0          0          0         68   llsshr.o
        34          0          0          0          0         68   llushr.o
        36          0          0          0          0         60   memcpya.o
        36          0          0          0          0        100   memseta.o
      2302         96          0          0          0        480   printfa.o
        28          0          0          0          0         68   strcmp.o
        18          0          0          0          0         60   strcpy.o
        14          0          0          0          0         60   strlen.o
        30          0          0          0          0         72   strncmp.o
        44          0          0          0          0         72   uidiv.o
        96          0          0          0          0         84   uldiv.o
        40          2          0          0          0         68   cdrcmple.o
       360          6          0          0          0        140   dadd.o
       240          6          0          0          0         84   ddiv.o
       236          0          0          0          0        216   depilogue.o
        64         10          0          0          0         68   dfixul.o
       208          6          0          0          0         88   dmul.o
       124          0          0          0          0         72   fdiv.o
       130          0          0          0          0        144   fepilogue.o
        22          0          0          0          0         68   fflti.o
        14          0          0          0          0         68   ffltui.o
       122          0          0          0          0         72   fmul.o

    ----------------------------------------------------------------------
      4524        142          0          0          0       2572   Library Totals
         4          0          0          0          0          0   (incl. Padding)

    ----------------------------------------------------------------------

      Code (inc. data)   RO Data    RW Data    ZI Data      Debug   Library Name

      2960        112          0          0          0       1484   mc_p.l
      1560         30          0          0          0       1088   mf_p.l

    ----------------------------------------------------------------------
      4524        142          0          0          0       2572   Library Totals

    ----------------------------------------------------------------------

==============================================================================


      Code (inc. data)   RO Data    RW Data    ZI Data      Debug   

     30932       1594       1652        240      17024     788193   Grand Totals
     30932       1594       1652        240      17024     788193   ELF Image Totals
     30932       1594       1652        240          0          0   ROM Totals

==============================================================================

    Total RO  Size (Code + RO Data)                32584 (  31.82kB)
    Total RW  Size (RW Data + ZI Data)             17264 (  16.86kB)
    Total ROM Size (Code + RO Data + RW Data)      32824 (  32.05kB)

==============================================================================

