Component: ARM Compiler 5.06 update 7 (build 960) Tool: armlink [4d3601]

==============================================================================

Section Cross References

    startup_stm32u083xx.o(RESET) refers to startup_stm32u083xx.o(STACK) for __initial_sp
    startup_stm32u083xx.o(RESET) refers to startup_stm32u083xx.o(.text) for Reset_Handler
    startup_stm32u083xx.o(RESET) refers to stm32u0xx_it.o(i.NMI_Handler) for NMI_Handler
    startup_stm32u083xx.o(RESET) refers to stm32u0xx_it.o(i.HardFault_Handler) for HardFault_Handler
    startup_stm32u083xx.o(RESET) refers to port.o(i.SVC_Handler) for SVC_Handler
    startup_stm32u083xx.o(RESET) refers to port.o(.emb_text) for PendSV_Handler
    startup_stm32u083xx.o(RESET) refers to stm32u0xx_it.o(i.SysTick_Handler) for SysTick_Handler
    startup_stm32u083xx.o(RESET) refers to stm32u0xx_it.o(i.USART3_LPUART1_IRQHandler) for USART3_LPUART1_IRQHandler
    startup_stm32u083xx.o(.text) refers to system_stm32u0xx.o(i.SystemInit) for SystemInit
    startup_stm32u083xx.o(.text) refers to entry.o(.ARM.Collect$$$$00000000) for __main
    main.o(i.SystemClock_Config) refers to memseta.o(.text) for __aeabi_memclr4
    main.o(i.SystemClock_Config) refers to stm32u0xx_hal_pwr_ex.o(i.HAL_PWREx_ControlVoltageScaling) for HAL_PWREx_ControlVoltageScaling
    main.o(i.SystemClock_Config) refers to stm32u0xx_hal_rcc.o(i.HAL_RCC_OscConfig) for HAL_RCC_OscConfig
    main.o(i.SystemClock_Config) refers to main.o(i.Error_Handler) for Error_Handler
    main.o(i.SystemClock_Config) refers to stm32u0xx_hal_rcc.o(i.HAL_RCC_ClockConfig) for HAL_RCC_ClockConfig
    main.o(i.app_init) refers to tasks.o(i.xTaskCreate) for xTaskCreate
    main.o(i.app_init) refers to main.o(.data) for m_app_thread
    main.o(i.app_init) refers to main.o(i.app_thread) for app_thread
    main.o(i.app_thread) refers to tasks.o(i.vTaskDelay) for vTaskDelay
    main.o(i.delay_ms) refers to main.o(i.delay_us) for delay_us
    main.o(i.main) refers to stm32u0xx_hal.o(i.HAL_Init) for HAL_Init
    main.o(i.main) refers to main.o(i.SystemClock_Config) for SystemClock_Config
    main.o(i.main) refers to gpio.o(i.MX_GPIO_Init) for MX_GPIO_Init
    main.o(i.main) refers to usart.o(i.MX_LPUART1_UART_Init) for MX_LPUART1_UART_Init
    main.o(i.main) refers to shell_port.o(i.userShellInit) for userShellInit
    main.o(i.main) refers to timers_control.o(i.timers_control_task_init) for timers_control_task_init
    main.o(i.main) refers to main.o(i.app_init) for app_init
    main.o(i.main) refers to tasks.o(i.vTaskStartScheduler) for vTaskStartScheduler
    main.o(i.main) refers to main.o(.bss) for xMessage
    gpio.o(i.MX_GPIO_Init) refers to memseta.o(.text) for __aeabi_memclr4
    gpio.o(i.MX_GPIO_Init) refers to stm32u0xx_hal_gpio.o(i.HAL_GPIO_WritePin) for HAL_GPIO_WritePin
    gpio.o(i.MX_GPIO_Init) refers to stm32u0xx_hal_gpio.o(i.HAL_GPIO_Init) for HAL_GPIO_Init
    usart.o(i.HAL_UART_MspDeInit) refers to stm32u0xx_hal_gpio.o(i.HAL_GPIO_DeInit) for HAL_GPIO_DeInit
    usart.o(i.HAL_UART_MspDeInit) refers to stm32u0xx_hal_cortex.o(i.HAL_NVIC_DisableIRQ) for HAL_NVIC_DisableIRQ
    usart.o(i.HAL_UART_MspInit) refers to memseta.o(.text) for __aeabi_memclr4
    usart.o(i.HAL_UART_MspInit) refers to stm32u0xx_hal_rcc_ex.o(i.HAL_RCCEx_PeriphCLKConfig) for HAL_RCCEx_PeriphCLKConfig
    usart.o(i.HAL_UART_MspInit) refers to main.o(i.Error_Handler) for Error_Handler
    usart.o(i.HAL_UART_MspInit) refers to stm32u0xx_hal_gpio.o(i.HAL_GPIO_Init) for HAL_GPIO_Init
    usart.o(i.HAL_UART_MspInit) refers to stm32u0xx_hal_cortex.o(i.HAL_NVIC_SetPriority) for HAL_NVIC_SetPriority
    usart.o(i.HAL_UART_MspInit) refers to stm32u0xx_hal_cortex.o(i.HAL_NVIC_EnableIRQ) for HAL_NVIC_EnableIRQ
    usart.o(i.MX_LPUART1_UART_Init) refers to stm32u0xx_hal_uart.o(i.HAL_UART_Init) for HAL_UART_Init
    usart.o(i.MX_LPUART1_UART_Init) refers to main.o(i.Error_Handler) for Error_Handler
    usart.o(i.MX_LPUART1_UART_Init) refers to stm32u0xx_hal_uart_ex.o(i.HAL_UARTEx_SetTxFifoThreshold) for HAL_UARTEx_SetTxFifoThreshold
    usart.o(i.MX_LPUART1_UART_Init) refers to stm32u0xx_hal_uart_ex.o(i.HAL_UARTEx_SetRxFifoThreshold) for HAL_UARTEx_SetRxFifoThreshold
    usart.o(i.MX_LPUART1_UART_Init) refers to stm32u0xx_hal_uart_ex.o(i.HAL_UARTEx_DisableFifoMode) for HAL_UARTEx_DisableFifoMode
    usart.o(i.MX_LPUART1_UART_Init) refers to usart.o(.bss) for hlpuart1
    stm32u0xx_it.o(i.SysTick_Handler) refers to port.o(i.xPortSysTickHandler) for xPortSysTickHandler
    stm32u0xx_it.o(i.USART3_LPUART1_IRQHandler) refers to stm32u0xx_hal_uart.o(i.HAL_UART_IRQHandler) for HAL_UART_IRQHandler
    stm32u0xx_it.o(i.USART3_LPUART1_IRQHandler) refers to usart.o(.bss) for hlpuart1
    stm32u0xx_hal_cortex.o(i.HAL_NVIC_SetPriority) refers to stm32u0xx_hal_cortex.o(i.__NVIC_SetPriority) for __NVIC_SetPriority
    stm32u0xx_hal_cortex.o(i.HAL_SYSTICK_Config) refers to stm32u0xx_hal_cortex.o(i.__NVIC_SetPriority) for __NVIC_SetPriority
[...]
    i.prvNotifyQueueSetContainer             0x080039ea   Section        0  queue.o(i.prvNotifyQueueSetContainer)
    prvNotifyQueueSetContainer               0x080039eb   Thumb Code    98  queue.o(i.prvNotifyQueueSetContainer)
    i.prvProcessExpiredTimer                 0x08003a4c   Section        0  timers.o(i.prvProcessExpiredTimer)
    prvProcessExpiredTimer                   0x08003a4d   Thumb Code    64  timers.o(i.prvProcessExpiredTimer)
    i.prvProcessReceivedCommands             0x08003a90   Section        0  timers.o(i.prvProcessReceivedCommands)
    prvProcessReceivedCommands               0x08003a91   Thumb Code   262  timers.o(i.prvProcessReceivedCommands)
    i.prvProcessTimerOrBlockTask             0x08003b9c   Section        0  timers.o(i.prvProcessTimerOrBlockTask)
    prvProcessTimerOrBlockTask               0x08003b9d   Thumb Code   100  timers.o(i.prvProcessTimerOrBlockTask)
    i.prvReloadTimer                         0x08003c08   Section        0  timers.o(i.prvReloadTimer)
    prvReloadTimer                           0x08003c09   Thumb Code    40  timers.o(i.prvReloadTimer)
    i.prvResetNextTaskUnblockTime            0x08003c30   Section        0  tasks.o(i.prvResetNextTaskUnblockTime)
    prvResetNextTaskUnblockTime              0x08003c31   Thumb Code    44  tasks.o(i.prvResetNextTaskUnblockTime)
    i.prvSampleTimeNow                       0x08003c64   Section        0  timers.o(i.prvSampleTimeNow)
    prvSampleTimeNow                         0x08003c65   Thumb Code    40  timers.o(i.prvSampleTimeNow)
    i.prvSwitchTimerLists                    0x08003c90   Section        0  timers.o(i.prvSwitchTimerLists)
    prvSwitchTimerLists                      0x08003c91   Thumb Code    60  timers.o(i.prvSwitchTimerLists)
    i.prvTaskExitError                       0x08003cd4   Section        0  port.o(i.prvTaskExitError)
    prvTaskExitError                         0x08003cd5   Thumb Code     6  port.o(i.prvTaskExitError)
    i.prvTimerTask                           0x08003cda   Section        0  timers.o(i.prvTimerTask)
    prvTimerTask                             0x08003cdb   Thumb Code    26  timers.o(i.prvTimerTask)
    i.prvUnlockQueue                         0x08003cf4   Section        0  queue.o(i.prvUnlockQueue)
    prvUnlockQueue                           0x08003cf5   Thumb Code   164  queue.o(i.prvUnlockQueue)
    i.pvPortMalloc                           0x08003d98   Section        0  heap_4.o(i.pvPortMalloc)
    i.pvTaskIncrementMutexHeldCount          0x08003ea8   Section        0  tasks.o(i.pvTaskIncrementMutexHeldCount)
    i.pxPortInitialiseStack                  0x08003ebc   Section        0  port.o(i.pxPortInitialiseStack)
    i.shellAdd                               0x08003edc   Section        0  shell.o(i.shellAdd)
    shellAdd                                 0x08003edd   Thumb Code    34  shell.o(i.shellAdd)
    i.shellBackspace                         0x08003f04   Section        0  shell.o(i.shellBackspace)
    i.shellCheckPassword                     0x08003f14   Section        0  shell.o(i.shellCheckPassword)
    shellCheckPassword                       0x08003f15   Thumb Code    64  shell.o(i.shellCheckPassword)
    i.shellCheckPermission                   0x08003f58   Section        0  shell.o(i.shellCheckPermission)
    i.shellClear                             0x08003f9c   Section        0  shell.o(i.shellClear)
    i.shellClearCommandLine                  0x08003fb8   Section        0  shell.o(i.shellClearCommandLine)
    i.shellCmds                              0x08003fe0   Section        0  shell.o(i.shellCmds)
    i.shellDelete                            0x08003ff4   Section        0  shell.o(i.shellDelete)
    i.shellDeleteByte                        0x08004004   Section        0  shell.o(i.shellDeleteByte)
    i.shellDeleteCommandLine                 0x080040e4   Section        0  shell.o(i.shellDeleteCommandLine)
    i.shellDown                              0x08004104   Section        0  shell.o(i.shellDown)
    i.shellEnter                             0x08004114   Section        0  shell.o(i.shellEnter)
    i.shellExec                              0x08004128   Section        0  shell.o(i.shellExec)
    i.shellExtNumType                        0x080041a4   Section        0  shell_ext.o(i.shellExtNumType)
    shellExtNumType                          0x080041a5   Thumb Code    90  shell_ext.o(i.shellExtNumType)
    i.shellExtParseChar                      0x080041fe   Section        0  shell_ext.o(i.shellExtParseChar)
    shellExtParseChar                        0x080041ff   Thumb Code    82  shell_ext.o(i.shellExtParseChar)
    i.shellExtParseNumber                    0x08004250   Section        0  shell_ext.o(i.shellExtParseNumber)
    shellExtParseNumber                      0x08004251   Thumb Code   230  shell_ext.o(i.shellExtParseNumber)
    i.shellExtParsePara                      0x08004336   Section        0  shell_ext.o(i.shellExtParsePara)
    i.shellExtParseString                    0x080043b6   Section        0  shell_ext.o(i.shellExtParseString)
    shellExtParseString                      0x080043b7   Thumb Code    74  shell_ext.o(i.shellExtParseString)
    i.shellExtParseVar                       0x08004400   Section        0  shell_ext.o(i.shellExtParseVar)
    shellExtParseVar                         0x08004401   Thumb Code    46  shell_ext.o(i.shellExtParseVar)
    i.shellExtRun                            0x0800442e   Section        0  shell_ext.o(i.shellExtRun)
    i.shellExtToNum                          0x0800452e   Section        0  shell_ext.o(i.shellExtToNum)
    shellExtToNum                            0x0800452f   Thumb Code    54  shell_ext.o(i.shellExtToNum)
    i.shellGetCommandDesc                    0x08004564   Section        0  shell.o(i.shellGetCommandDesc)
    shellGetCommandDesc                      0x08004565   Thumb Code    48  shell.o(i.shellGetCommandDesc)
    i.shellGetCommandName                    0x08004594   Section        0  shell.o(i.shellGetCommandName)
    shellGetCommandName                      0x08004595   Thumb Code    76  shell.o(i.shellGetCommandName)
    i.shellGetCurrent                        0x080045e4   Section        0  shell.o(i.shellGetCurrent)
    i.shellGetVarValue                       0x08004618   Section        0  shell.o(i.shellGetVarValue)
    i.shellHandler                           0x08004670   Section        0  shell.o(i.shellHandler)
    i.shellHelp                              0x0800477c   Section        0  shell.o(i.shellHelp)
    i.shellHistory                           0x080047aa   Section        0  shell.o(i.shellHistory)
    shellHistory                             0x080047ab   Thumb Code   192  shell.o(i.shellHistory)
    i.shellHistoryAdd                        0x0800486a   Section        0  shell.o(i.shellHistoryAdd)
    shellHistoryAdd                          0x0800486b   Thumb Code   128  shell.o(i.shellHistoryAdd)
    i.shellInit                              0x080048ec   Section        0  shell.o(i.shellInit)
    i.shellInsertByte                        0x0800498c   Section        0  shell.o(i.shellInsertByte)
    i.shellKeys                              0x08004a88   Section        0  shell.o(i.shellKeys)
    i.shellLeft                              0x08004a9c   Section        0  shell.o(i.shellLeft)
    i.shellListAll                           0x08004ab6   Section        0  shell.o(i.shellListAll)
    i.shellListCommand                       0x08004ac4   Section        0  shell.o(i.shellListCommand)
    i.shellListItem                          0x08004b10   Section        0  shell.o(i.shellListItem)
    i.shellListKey                           0x08004c08   Section        0  shell.o(i.shellListKey)
    i.shellListUser                          0x08004c64   Section        0  shell.o(i.shellListUser)
    i.shellListVar                           0x08004cc0   Section        0  shell.o(i.shellListVar)
    i.shellNormalInput                       0x08004d1c   Section        0  shell.o(i.shellNormalInput)
    i.shellParserParam                       0x08004d38   Section        0  shell.o(i.shellParserParam)
    shellParserParam                         0x08004d39   Thumb Code    26  shell.o(i.shellParserParam)
    i.shellRemoveParamQuotes                 0x08004d52   Section        0  shell.o(i.shellRemoveParamQuotes)
    shellRemoveParamQuotes                   0x08004d53   Thumb Code   104  shell.o(i.shellRemoveParamQuotes)
    i.shellRight                             0x08004dba   Section        0  shell.o(i.shellRight)
    i.shellRunCommand                        0x08004dd8   Section        0  shell.o(i.shellRunCommand)
    i.shellSeekCommand                       0x08004e8c   Section        0  shell.o(i.shellSeekCommand)
    i.shellSetUser                           0x08004f10   Section        0  shell.o(i.shellSetUser)
    i.shellSetVar                            0x08004f78   Section        0  shell.o(i.shellSetVar)
    i.shellSetVarValue                       0x08004fe4   Section        0  shell.o(i.shellSetVarValue)
    i.shellShowVar                           0x08005080   Section        0  shell.o(i.shellShowVar)
    shellShowVar                             0x08005081   Thumb Code   164  shell.o(i.shellShowVar)
    i.shellSplit                             0x08005144   Section        0  shell.o(i.shellSplit)
    i.shellStringCompare                     0x08005244   Section        0  shell.o(i.shellStringCompare)
    shellStringCompare                       0x08005245   Thumb Code    46  shell.o(i.shellStringCompare)
    i.shellStringCopy                        0x08005272   Section        0  shell.o(i.shellStringCopy)
    shellStringCopy                          0x08005273   Thumb Code    24  shell.o(i.shellStringCopy)
    i.shellTab                               0x0800528c   Section        0  shell.o(i.shellTab)
    i.shellTask                              0x080053b0   Section        0  shell.o(i.shellTask)
    i.shellToDec                             0x080053d6   Section        0  shell.o(i.shellToDec)
    i.shellToHex                             0x08005430   Section        0  shell.o(i.shellToHex)
    i.shellUp                                0x08005468   Section        0  shell.o(i.shellUp)
    i.shellUsers                             0x08005476   Section        0  shell.o(i.shellUsers)
    i.shellVars                              0x0800548a   Section        0  shell.o(i.shellVars)
    i.shellWriteByte                         0x0800549e   Section        0  shell.o(i.shellWriteByte)
    shellWriteByte                           0x0800549f   Thumb Code    14  shell.o(i.shellWriteByte)
    i.shellWriteCommandDesc                  0x080054ac   Section        0  shell.o(i.shellWriteCommandDesc)
    shellWriteCommandDesc                    0x080054ad   Thumb Code    86  shell.o(i.shellWriteCommandDesc)
    i.shellWriteCommandHelp                  0x08005508   Section        0  shell.o(i.shellWriteCommandHelp)
    shellWriteCommandHelp                    0x08005509   Thumb Code    96  shell.o(i.shellWriteCommandHelp)
    i.shellWritePrompt                       0x08005570   Section        0  shell.o(i.shellWritePrompt)
    shellWritePrompt                         0x08005571   Thumb Code    90  shell.o(i.shellWritePrompt)
    i.shellWriteReturnValue                  0x080055e0   Section        0  shell.o(i.shellWriteReturnValue)
    shellWriteReturnValue                    0x080055e1   Thumb Code    98  shell.o(i.shellWriteReturnValue)
    i.shellWriteString                       0x08005668   Section        0  shell.o(i.shellWriteString)
    i.shell_contrel_led                      0x08005694   Section        0  shell_extend.o(i.shell_contrel_led)
    i.timers_control_task_init               0x080056a0   Section        0  timers_control.o(i.timers_control_task_init)
    i.userShellInit                          0x080056ec   Section        0  shell_port.o(i.userShellInit)
    i.userShellLock                          0x08005760   Section        0  shell_port.o(i.userShellLock)
    i.userShellRead                          0x08005778   Section        0  shell_port.o(i.userShellRead)
    i.userShellUnlock                        0x080057bc   Section        0  shell_port.o(i.userShellUnlock)
    i.userShellWrite                         0x080057d8   Section        0  shell_port.o(i.userShellWrite)
    i.uxListRemove                           0x080057f8   Section        0  list.o(i.uxListRemove)
    i.uxTaskGetNumberOfTasks                 0x08005820   Section        0  tasks.o(i.uxTaskGetNumberOfTasks)
    i.vListInitialise                        0x0800582c   Section        0  list.o(i.vListInitialise)
    i.vListInitialiseItem                    0x08005846   Section        0  list.o(i.vListInitialiseItem)
    i.vListInsert                            0x0800584c   Section        0  list.o(i.vListInsert)
    i.vPortEnterCritical                     0x08005884   Section        0  port.o(i.vPortEnterCritical)
    i.vPortExitCritical                      0x080058a0   Section        0  port.o(i.vPortExitCritical)
    i.vPortFree                              0x080058bc   Section        0  heap_4.o(i.vPortFree)
    i.vPortSetupTimerInterrupt               0x08005910   Section        0  port.o(i.vPortSetupTimerInterrupt)
    i.vPortYield                             0x0800593c   Section        0  port.o(i.vPortYield)
    i.vQueueWaitForMessageRestricted         0x08005954   Section        0  queue.o(i.vQueueWaitForMessageRestricted)
    i.vTaskDelay                             0x080059a0   Section        0  tasks.o(i.vTaskDelay)
    i.vTaskInternalSetTimeOutState           0x080059c8   Section        0  tasks.o(i.vTaskInternalSetTimeOutState)
    i.vTaskMissedYield                       0x080059e0   Section        0  tasks.o(i.vTaskMissedYield)
    i.vTaskPlaceOnEventList                  0x080059ec   Section        0  tasks.o(i.vTaskPlaceOnEventList)
    i.vTaskPlaceOnEventListRestricted        0x08005a0c   Section        0  tasks.o(i.vTaskPlaceOnEventListRestricted)
    i.vTaskPriorityDisinheritAfterTimeout    0x08005a5c   Section        0  tasks.o(i.vTaskPriorityDisinheritAfterTimeout)
    i.vTaskStartScheduler                    0x08005b1c   Section        0  tasks.o(i.vTaskStartScheduler)
    i.vTaskSuspendAll                        0x08005b64   Section        0  tasks.o(i.vTaskSuspendAll)
    i.vTaskSwitchContext                     0x08005b74   Section        0  tasks.o(i.vTaskSwitchContext)
    i.v_timer1_callback                      0x08005bf4   Section        0  timers_control.o(i.v_timer1_callback)
    i.xPortStartScheduler                    0x08005c0c   Section        0  port.o(i.xPortStartScheduler)
    i.xPortSysTickHandler                    0x08005c44   Section        0  port.o(i.xPortSysTickHandler)
    i.xQueueCreateMutex                      0x08005c68   Section        0  queue.o(i.xQueueCreateMutex)
    i.xQueueGenericCreate                    0x08005c86   Section        0  queue.o(i.xQueueGenericCreate)
    i.xQueueGenericReset                     0x08005cdc   Section        0  queue.o(i.xQueueGenericReset)
    i.xQueueGenericSend                      0x08005d70   Section        0  queue.o(i.xQueueGenericSend)
    i.xQueueReceive                          0x08005e90   Section        0  queue.o(i.xQueueReceive)
    i.xQueueSemaphoreTake                    0x08005f7e   Section        0  queue.o(i.xQueueSemaphoreTake)
    i.xTaskCheckForTimeOut                   0x080060a8   Section        0  tasks.o(i.xTaskCheckForTimeOut)
    i.xTaskCreate                            0x0800610c   Section        0  tasks.o(i.xTaskCreate)
    i.xTaskGetSchedulerState                 0x08006140   Section        0  tasks.o(i.xTaskGetSchedulerState)
    i.xTaskGetTickCount                      0x08006164   Section        0  tasks.o(i.xTaskGetTickCount)
    i.xTaskIncrementTick                     0x08006170   Section        0  tasks.o(i.xTaskIncrementTick)
    i.xTaskPriorityDisinherit                0x080062fc   Section        0  tasks.o(i.xTaskPriorityDisinherit)
    i.xTaskPriorityInherit                   0x08006394   Section        0  tasks.o(i.xTaskPriorityInherit)
    i.xTaskRemoveFromEventList               0x0800646c   Section        0  tasks.o(i.xTaskRemoveFromEventList)
    i.xTaskResumeAll                         0x08006580   Section        0  tasks.o(i.xTaskResumeAll)
    i.xTimerCreate                           0x080066f0   Section        0  timers.o(i.xTimerCreate)
    i.xTimerCreateTimerTask                  0x08006724   Section        0  timers.o(i.xTimerCreateTimerTask)
    i.xTimerGenericCommandFromTask           0x08006764   Section        0  timers.o(i.xTimerGenericCommandFromTask)
    .constdata                               0x080067bc   Section       32  stm32u0xx_hal_uart.o(.constdata)
    CHANNEL_OFFSET_TAB                       0x080067bc   Data           7  stm32u0xx_hal_uart.o(.constdata)
    .constdata                               0x080067dc   Section       23  stm32u0xx_hal_uart_ex.o(.constdata)
    CHANNEL_OFFSET_TAB                       0x080067dc   Data           7  stm32u0xx_hal_uart_ex.o(.constdata)
    numerator                                0x080067e3   Data           8  stm32u0xx_hal_uart_ex.o(.constdata)
    denominator                              0x080067eb   Data           8  stm32u0xx_hal_uart_ex.o(.constdata)
    .constdata                               0x080067f4   Section       80  system_stm32u0xx.o(.constdata)
    CHANNEL_OFFSET_TAB                       0x080067f4   Data           7  system_stm32u0xx.o(.constdata)
    .constdata                               0x08006844   Section       23  shell_extend.o(.constdata)
    CHANNEL_OFFSET_TAB                       0x08006844   Data           7  shell_extend.o(.constdata)
    .constdata                               0x0800685b   Section      227  shell.o(.constdata)
    .conststring                             0x08006940   Section      673  shell.o(.conststring)
    shellCommand                             0x08006c04   Section       16  shell_extend.o(shellCommand)
    __tagsym$$used                           0x08006c04   Number         0  shell_extend.o(shellCommand)
    shellCommand                             0x08006c14   Section      288  shell.o(shellCommand)
    __tagsym$$used                           0x08006c14   Number         0  shell.o(shellCommand)
    __tagsym$$used                           0x08006c24   Number         0  shell.o(shellCommand)
    __tagsym$$used                           0x08006c34   Number         0  shell.o(shellCommand)
    __tagsym$$used                           0x08006c44   Number         0  shell.o(shellCommand)
    __tagsym$$used                           0x08006c54   Number         0  shell.o(shellCommand)
    __tagsym$$used                           0x08006c64   Number         0  shell.o(shellCommand)
    __tagsym$$used                           0x08006c74   Number         0  shell.o(shellCommand)
    __tagsym$$used                           0x08006c84   Number         0  shell.o(shellCommand)
    __tagsym$$used                           0x08006c94   Number         0  shell.o(shellCommand)
    __tagsym$$used                           0x08006ca4   Number         0  shell.o(shellCommand)
    __tagsym$$used                           0x08006cb4   Number         0  shell.o(shellCommand)
    __tagsym$$used                           0x08006cc4   Number         0  shell.o(shellCommand)
    __tagsym$$used                           0x08006cd4   Number         0  shell.o(shellCommand)
    __tagsym$$used                           0x08006ce4   Number         0  shell.o(shellCommand)
    __tagsym$$used                           0x08006cf4   Number         0  shell.o(shellCommand)
    __tagsym$$used                           0x08006d04   Number         0  shell.o(shellCommand)
    __tagsym$$used                           0x08006d14   Number         0  shell.o(shellCommand)
    __tagsym$$used                           0x08006d24   Number         0  shell.o(shellCommand)
    .data                                    0x20000000   Section       12  main.o(.data)
    m_app_thread                             0x20000000   Data           4  main.o(.data)
    .data                                    0x2000000c   Section       12  stm32u0xx_hal.o(.data)
    .data                                    0x20000018   Section        4  system_stm32u0xx.o(.data)
    .data                                    0x2000001c   Section       64  tasks.o(.data)
    pxDelayedTaskList                        0x20000020   Data           4  tasks.o(.data)
    pxOverflowDelayedTaskList                0x20000024   Data           4  tasks.o(.data)
    uxDeletedTasksWaitingCleanUp             0x20000028   Data           4  tasks.o(.data)
    uxCurrentNumberOfTasks                   0x2000002c   Data           4  tasks.o(.data)
    xTickCount                               0x20000030   Data           4  tasks.o(.data)
    uxTopReadyPriority                       0x20000034   Data           4  tasks.o(.data)
    xSchedulerRunning                        0x20000038   Data           4  tasks.o(.data)
    xPendedTicks                             0x2000003c   Data           4  tasks.o(.data)
    xYieldPendings                           0x20000040   Data           4  tasks.o(.data)
    xNumOfOverflows                          0x20000044   Data           4  tasks.o(.data)
    uxTaskNumber                             0x20000048   Data           4  tasks.o(.data)
    xNextTaskUnblockTime                     0x2000004c   Data           4  tasks.o(.data)
    xIdleTaskHandles                         0x20000050   Data           4  tasks.o(.data)
    uxTopUsedPriority                        0x20000054   Data           4  tasks.o(.data)
    uxSchedulerSuspended                     0x20000058   Data           4  tasks.o(.data)
    .data                                    0x2000005c   Section       20  timers.o(.data)
    pxCurrentTimerList                       0x2000005c   Data           4  timers.o(.data)
    pxOverflowTimerList                      0x20000060   Data           4  timers.o(.data)
    xTimerQueue                              0x20000064   Data           4  timers.o(.data)
    xTimerTaskHandle                         0x20000068   Data           4  timers.o(.data)
    xLastTime                                0x2000006c   Data           4  timers.o(.data)
    .data                                    0x20000070   Section       28  heap_4.o(.data)
    xStart                                   0x20000070   Data           8  heap_4.o(.data)
    pxEnd                                    0x20000078   Data           4  heap_4.o(.data)
    xFreeBytesRemaining                      0x2000007c   Data           4  heap_4.o(.data)
    xMinimumEverFreeBytesRemaining           0x20000080   Data           4  heap_4.o(.data)
    xNumberOfSuccessfulAllocations           0x20000084   Data           4  heap_4.o(.data)
    xNumberOfSuccessfulFrees                 0x20000088   Data           4  heap_4.o(.data)
    .data                                    0x2000008c   Section        4  port.o(.data)
    uxCriticalNesting                        0x2000008c   Data           4  port.o(.data)
    .data                                    0x20000090   Section        4  timers_control.o(.data)
    xCreatedTimer1                           0x20000090   Data           4  timers_control.o(.data)
    .data                                    0x20000094   Section       86  shell.o(.data)
    shellText                                0x20000094   Data          84  shell.o(.data)
    .data                                    0x200000ec   Section        8  shell_port.o(.data)
    shellMutex                               0x200000ec   Data           4  shell_port.o(.data)
    lettershellTaskHandle                    0x200000f0   Data           4  shell_port.o(.data)
    .bss                                     0x200000f4   Section       21  main.o(.bss)
    .bss                                     0x2000010c   Section      148  usart.o(.bss)
    .bss                                     0x200001a0   Section      300  tasks.o(.bss)
    pxReadyTasksLists                        0x200001a0   Data         200  tasks.o(.bss)
    xDelayedTaskList1                        0x20000268   Data          20  tasks.o(.bss)
    xDelayedTaskList2                        0x2000027c   Data          20  tasks.o(.bss)
    xPendingReadyList                        0x20000290   Data          20  tasks.o(.bss)
    xTasksWaitingTermination                 0x200002a4   Data          20  tasks.o(.bss)
    xSuspendedTaskList                       0x200002b8   Data          20  tasks.o(.bss)
    .bss                                     0x200002cc   Section       40  timers.o(.bss)
    xActiveTimerList1                        0x200002cc   Data          20  timers.o(.bss)
    xActiveTimerList2                        0x200002e0   Data          20  timers.o(.bss)
    .bss                                     0x200002f4   Section    10240  heap_4.o(.bss)
    ucHeap                                   0x200002f4   Data       10240  heap_4.o(.bss)
    .bss                                     0x20002af4   Section       29  shell.o(.bss)
    shellList                                0x20002af4   Data          20  shell.o(.bss)
    buffer                                   0x20002b08   Data           9  shell.o(.bss)
    .bss                                     0x20002b14   Section     1140  shell_port.o(.bss)
    STACK                                    0x20002f88   Section     1024  startup_stm32u083xx.o(STACK)

    Global Symbols

    Symbol Name                              Value     Ov Type        Size  Object(Section)

    BuildAttributes$$THM_ISAv3M$S$PE$A:L22$X:L11$S22$IEEE1$IW$USESV6$~STKCKD$USESV7$~SHL$OTIME$ROPI$EBA8$MICROLIB$REQ8$PRES8$EABIv2 0x00000000   Number         0  anon$$obj.o ABSOLUTE
    __ARM_use_no_argv                        0x00000000   Number         0  main.o ABSOLUTE
    __arm_fini_                               - Undefined Weak Reference
    __cpp_initialize__aeabi_                  - Undefined Weak Reference
    __cxa_finalize                            - Undefined Weak Reference
    __decompress                              - Undefined Weak Reference
    _clock_init                               - Undefined Weak Reference
    _microlib_exit                            - Undefined Weak Reference
    __Vectors_Size                           0x000000c0   Number         0  startup_stm32u083xx.o ABSOLUTE
    __Vectors                                0x08000000   Data           4  startup_stm32u083xx.o(RESET)
    __Vectors_End                            0x080000c0   Data           0  startup_stm32u083xx.o(RESET)
    __main                                   0x080000c1   Thumb Code     0  entry.o(.ARM.Collect$$$$00000000)
    _main_stk                                0x080000c1   Thumb Code     0  entry2.o(.ARM.Collect$$$$00000001)
    _main_scatterload                        0x080000c5   Thumb Code     0  entry5.o(.ARM.Collect$$$$00000004)
    __main_after_scatterload                 0x080000c9   Thumb Code     0  entry5.o(.ARM.Collect$$$$00000004)
    _main_clock                              0x080000c9   Thumb Code     0  entry7b.o(.ARM.Collect$$$$00000008)
    _main_cpp_init                           0x080000c9   Thumb Code     0  entry8b.o(.ARM.Collect$$$$0000000A)
    _main_init                               0x080000c9   Thumb Code     0  entry9a.o(.ARM.Collect$$$$0000000B)
    __rt_lib_shutdown_fini                   0x080000d1   Thumb Code     0  entry12b.o(.ARM.Collect$$$$0000000E)
    __rt_final_cpp                           0x080000d5   Thumb Code     0  entry10a.o(.ARM.Collect$$$$0000000F)
    __rt_final_exit                          0x080000d5   Thumb Code     0  entry11a.o(.ARM.Collect$$$$00000011)
    __asm___6_port_c_39a90d8d__prvPortStartFirstTask 0x080000d9   Thumb Code    36  port.o(.emb_text)
    ulSetInterruptMaskFromISR                0x08000101   Thumb Code     8  port.o(.emb_text)
    vClearInterruptMaskFromISR               0x08000109   Thumb Code     6  port.o(.emb_text)
    PendSV_Handler                           0x0800010f   Thumb Code    62  port.o(.emb_text)
    Reset_Handler                            0x08000151   Thumb Code     8  startup_stm32u083xx.o(.text)
    ADC_COMP1_2_IRQHandler                   0x08000163   Thumb Code     0  startup_stm32u083xx.o(.text)
    DMA1_Ch4_7_DMA2_Ch1_5_DMAMUX_OVR_IRQHandler 0x08000163   Thumb Code     0  startup_stm32u083xx.o(.text)
    DMA1_Channel1_IRQHandler                 0x08000163   Thumb Code     0  startup_stm32u083xx.o(.text)
    DMA1_Channel2_3_IRQHandler               0x08000163   Thumb Code     0  startup_stm32u083xx.o(.text)
    EXTI0_1_IRQHandler                       0x08000163   Thumb Code     0  startup_stm32u083xx.o(.text)
    EXTI2_3_IRQHandler                       0x08000163   Thumb Code     0  startup_stm32u083xx.o(.text)
    EXTI4_15_IRQHandler                      0x08000163   Thumb Code     0  startup_stm32u083xx.o(.text)
    FLASH_ECC_IRQHandler                     0x08000163   Thumb Code     0  startup_stm32u083xx.o(.text)
    I2C1_IRQHandler                          0x08000163   Thumb Code     0  startup_stm32u083xx.o(.text)
    I2C2_3_4_IRQHandler                      0x08000163   Thumb Code     0  startup_stm32u083xx.o(.text)
    LCD_IRQHandler                           0x08000163   Thumb Code     0  startup_stm32u083xx.o(.text)
    PVD_PVM_IRQHandler                       0x08000163   Thumb Code     0  startup_stm32u083xx.o(.text)
    RCC_CRS_IRQHandler                       0x08000163   Thumb Code     0  startup_stm32u083xx.o(.text)
    RNG_CRYP_IRQHandler                      0x08000163   Thumb Code     0  startup_stm32u083xx.o(.text)
    RTC_TAMP_IRQHandler                      0x08000163   Thumb Code     0  startup_stm32u083xx.o(.text)
    SPI1_IRQHandler                          0x08000163   Thumb Code     0  startup_stm32u083xx.o(.text)
    SPI2_3_IRQHandler                        0x08000163   Thumb Code     0  startup_stm32u083xx.o(.text)
    TIM15_LPTIM3_IRQHandler                  0x08000163   Thumb Code     0  startup_stm32u083xx.o(.text)
    TIM16_IRQHandler                         0x08000163   Thumb Code     0  startup_stm32u083xx.o(.text)
    TIM1_BRK_UP_TRG_COM_IRQHandler           0x08000163   Thumb Code     0  startup_stm32u083xx.o(.text)
    TIM1_CC_IRQHandler                       0x08000163   Thumb Code     0  startup_stm32u083xx.o(.text)
    TIM2_IRQHandler                          0x08000163   Thumb Code     0  startup_stm32u083xx.o(.text)
    TIM3_IRQHandler                          0x08000163   Thumb Code     0  startup_stm32u083xx.o(.text)
    TIM6_DAC_LPTIM1_IRQHandler               0x08000163   Thumb Code     0  startup_stm32u083xx.o(.text)
    TIM7_LPTIM2_IRQHandler                   0x08000163   Thumb Code     0  startup_stm32u083xx.o(.text)
    TSC_IRQHandler                           0x08000163   Thumb Code     0  startup_stm32u083xx.o(.text)
    USART1_IRQHandler                        0x08000163   Thumb Code     0  startup_stm32u083xx.o(.text)
    USART2_LPUART2_IRQHandler                0x08000163   Thumb Code     0  startup_stm32u083xx.o(.text)
    USART4_LPUART3_IRQHandler                0x08000163   Thumb Code     0  startup_stm32u083xx.o(.text)
    USB_DRD_FS_IRQHandler                    0x08000163   Thumb Code     0  startup_stm32u083xx.o(.text)
    WWDG_IWDG_IRQHandler                     0x08000163   Thumb Code     0  startup_stm32u083xx.o(.text)
    __aeabi_uidiv                            0x0800016d   Thumb Code     0  uidiv.o(.text)
    __aeabi_uidivmod                         0x0800016d   Thumb Code    44  uidiv.o(.text)
    __aeabi_idiv                             0x08000199   Thumb Code     0  idiv.o(.text)
    __aeabi_idivmod                          0x08000199   Thumb Code    40  idiv.o(.text)
    __aeabi_uldivmod                         0x080001c1   Thumb Code    96  uldiv.o(.text)
    __aeabi_lmul                             0x08000221   Thumb Code   122  llmul.o(.text)
    _ll_mul                                  0x08000221   Thumb Code     0  llmul.o(.text)
    __aeabi_memcpy                           0x0800029b   Thumb Code    36  memcpya.o(.text)
    __aeabi_memcpy4                          0x0800029b   Thumb Code     0  memcpya.o(.text)
    __aeabi_memcpy8                          0x0800029b   Thumb Code     0  memcpya.o(.text)
    __aeabi_memset                           0x080002bf   Thumb Code    14  memseta.o(.text)
    __aeabi_memset4                          0x080002bf   Thumb Code     0  memseta.o(.text)
    __aeabi_memset8                          0x080002bf   Thumb Code     0  memseta.o(.text)
    __aeabi_memclr                           0x080002cd   Thumb Code     4  memseta.o(.text)
    __aeabi_memclr4                          0x080002cd   Thumb Code     0  memseta.o(.text)
    __aeabi_memclr8                          0x080002cd   Thumb Code     0  memseta.o(.text)
    _memset$wrapper                          0x080002d1   Thumb Code    18  memseta.o(.text)
    strlen                                   0x080002e3   Thumb Code    14  strlen.o(.text)
    strcmp                                   0x080002f1   Thumb Code    28  strcmp.o(.text)
    strncmp                                  0x0800030d   Thumb Code    30  strncmp.o(.text)
    __aeabi_fmul                             0x0800032b   Thumb Code   122  fmul.o(.text)
    __aeabi_fdiv                             0x080003a5   Thumb Code   124  fdiv.o(.text)
    __aeabi_i2f                              0x08000421   Thumb Code    22  fflti.o(.text)
    __aeabi_ui2f                             0x08000437   Thumb Code    14  ffltui.o(.text)
    __aeabi_llsl                             0x08000445   Thumb Code    32  llshl.o(.text)
    _ll_shift_l                              0x08000445   Thumb Code     0  llshl.o(.text)
    __aeabi_llsr                             0x08000465   Thumb Code    34  llushr.o(.text)
    _ll_ushift_r                             0x08000465   Thumb Code     0  llushr.o(.text)
    __I$use$fp                               0x08000487   Thumb Code     0  iusefp.o(.text)
    _float_round                             0x08000487   Thumb Code    16  fepilogue.o(.text)
    _float_epilogue                          0x08000497   Thumb Code   114  fepilogue.o(.text)
    __scatterload                            0x08000509   Thumb Code    28  init.o(.text)
    __scatterload_rt2                        0x08000509   Thumb Code     0  init.o(.text)
    Error_Handler                            0x0800052d   Thumb Code     6  main.o(i.Error_Handler)
    HAL_DMA_Abort                            0x08000533   Thumb Code   140  stm32u0xx_hal_dma.o(i.HAL_DMA_Abort)
    HAL_DMA_Abort_IT                         0x080005bf   Thumb Code   138  stm32u0xx_hal_dma.o(i.HAL_DMA_Abort_IT)
    HAL_GPIO_Init                            0x08000649   Thumb Code   474  stm32u0xx_hal_gpio.o(i.HAL_GPIO_Init)
    HAL_GPIO_TogglePin                       0x0800083d   Thumb Code    20  stm32u0xx_hal_gpio.o(i.HAL_GPIO_TogglePin)
    HAL_GPIO_WritePin                        0x08000851   Thumb Code    12  stm32u0xx_hal_gpio.o(i.HAL_GPIO_WritePin)
    HAL_GetTick                              0x0800085d   Thumb Code     6  stm32u0xx_hal.o(i.HAL_GetTick)
    HAL_Init                                 0x08000869   Thumb Code    26  stm32u0xx_hal.o(i.HAL_Init)
    HAL_InitTick                             0x08000885   Thumb Code    82  stm32u0xx_hal.o(i.HAL_InitTick)
    HAL_MspInit                              0x080008e5   Thumb Code    62  stm32u0xx_hal_msp.o(i.HAL_MspInit)
    HAL_NVIC_EnableIRQ                       0x08000929   Thumb Code    30  stm32u0xx_hal_cortex.o(i.HAL_NVIC_EnableIRQ)
    HAL_NVIC_SetPriority                     0x0800094d   Thumb Code    18  stm32u0xx_hal_cortex.o(i.HAL_NVIC_SetPriority)
    HAL_PWREx_ControlVoltageScaling          0x08000961   Thumb Code   144  stm32u0xx_hal_pwr_ex.o(i.HAL_PWREx_ControlVoltageScaling)
    HAL_PWREx_GetVoltageRange                0x080009fd   Thumb Code    12  stm32u0xx_hal_pwr_ex.o(i.HAL_PWREx_GetVoltageRange)
    HAL_RCCEx_GetPLLClockFreq                0x08000a0d   Thumb Code   288  stm32u0xx_hal_rcc_ex.o(i.HAL_RCCEx_GetPLLClockFreq)
    HAL_RCCEx_GetPeriphCLKFreq               0x08000b3d   Thumb Code  1748  stm32u0xx_hal_rcc_ex.o(i.HAL_RCCEx_GetPeriphCLKFreq)
    HAL_RCCEx_PeriphCLKConfig                0x08001221   Thumb Code   910  stm32u0xx_hal_rcc_ex.o(i.HAL_RCCEx_PeriphCLKConfig)
    HAL_RCC_ClockConfig                      0x080015bd   Thumb Code   390  stm32u0xx_hal_rcc.o(i.HAL_RCC_ClockConfig)
    HAL_RCC_GetHCLKFreq                      0x08001759   Thumb Code     6  stm32u0xx_hal_rcc.o(i.HAL_RCC_GetHCLKFreq)
    HAL_RCC_GetPCLK1Freq                     0x08001765   Thumb Code    30  stm32u0xx_hal_rcc.o(i.HAL_RCC_GetPCLK1Freq)
    HAL_RCC_GetSysClockFreq                  0x0800178d   Thumb Code   250  stm32u0xx_hal_rcc.o(i.HAL_RCC_GetSysClockFreq)
    HAL_RCC_OscConfig                        0x08001899   Thumb Code  1862  stm32u0xx_hal_rcc.o(i.HAL_RCC_OscConfig)
    HAL_SYSTICK_Config                       0x08001ff1   Thumb Code    46  stm32u0xx_hal_cortex.o(i.HAL_SYSTICK_Config)
    HAL_UARTEx_DisableFifoMode               0x08002029   Thumb Code    84  stm32u0xx_hal_uart_ex.o(i.HAL_UARTEx_DisableFifoMode)
    HAL_UARTEx_RxEventCallback               0x0800207d   Thumb Code     2  stm32u0xx_hal_uart.o(i.HAL_UARTEx_RxEventCallback)
    HAL_UARTEx_RxFifoFullCallback            0x0800207f   Thumb Code     2  stm32u0xx_hal_uart_ex.o(i.HAL_UARTEx_RxFifoFullCallback)
    HAL_UARTEx_SetRxFifoThreshold            0x08002081   Thumb Code    96  stm32u0xx_hal_uart_ex.o(i.HAL_UARTEx_SetRxFifoThreshold)
    HAL_UARTEx_SetTxFifoThreshold            0x080020e1   Thumb Code    94  stm32u0xx_hal_uart_ex.o(i.HAL_UARTEx_SetTxFifoThreshold)
    HAL_UARTEx_TxFifoEmptyCallback           0x0800213f   Thumb Code     2  stm32u0xx_hal_uart_ex.o(i.HAL_UARTEx_TxFifoEmptyCallback)
    HAL_UARTEx_WakeupCallback                0x08002141   Thumb Code     2  stm32u0xx_hal_uart_ex.o(i.HAL_UARTEx_WakeupCallback)
    HAL_UART_ErrorCallback                   0x08002143   Thumb Code     2  stm32u0xx_hal_uart.o(i.HAL_UART_ErrorCallback)
    HAL_UART_IRQHandler                      0x08002145   Thumb Code  1094  stm32u0xx_hal_uart.o(i.HAL_UART_IRQHandler)
    HAL_UART_Init                            0x0800258b   Thumb Code   130  stm32u0xx_hal_uart.o(i.HAL_UART_Init)
    HAL_UART_MspInit                         0x0800260d   Thumb Code   160  usart.o(i.HAL_UART_MspInit)
    HAL_UART_Receive                         0x080026b9   Thumb Code   332  stm32u0xx_hal_uart.o(i.HAL_UART_Receive)
    HAL_UART_Transmit                        0x08002809   Thumb Code   242  stm32u0xx_hal_uart.o(i.HAL_UART_Transmit)
    HAL_UART_TxCpltCallback                  0x080028fb   Thumb Code     2  stm32u0xx_hal_uart.o(i.HAL_UART_TxCpltCallback)
    HardFault_Handler                        0x080028fd   Thumb Code     4  stm32u0xx_it.o(i.HardFault_Handler)
    MX_GPIO_Init                             0x08002901   Thumb Code   128  gpio.o(i.MX_GPIO_Init)
    MX_LPUART1_UART_Init                     0x08002989   Thumb Code   124  usart.o(i.MX_LPUART1_UART_Init)
    NMI_Handler                              0x08002a0d   Thumb Code     4  stm32u0xx_it.o(i.NMI_Handler)
    SVC_Handler                              0x08002abd   Thumb Code     2  port.o(i.SVC_Handler)
    SysTick_Handler                          0x08002abf   Thumb Code     8  stm32u0xx_it.o(i.SysTick_Handler)
    SystemClock_Config                       0x08002ac7   Thumb Code    96  main.o(i.SystemClock_Config)
    SystemInit                               0x08002b29   Thumb Code    64  system_stm32u0xx.o(i.SystemInit)
    UART_AdvFeatureConfig                    0x08002bd9   Thumb Code   240  stm32u0xx_hal_uart.o(i.UART_AdvFeatureConfig)
    UART_CheckIdleState                      0x08002cc9   Thumb Code   254  stm32u0xx_hal_uart.o(i.UART_CheckIdleState)
    UART_SetConfig                           0x08002ea1   Thumb Code   610  stm32u0xx_hal_uart.o(i.UART_SetConfig)
    UART_WaitOnFlagUntilTimeout              0x08003135   Thumb Code   180  stm32u0xx_hal_uart.o(i.UART_WaitOnFlagUntilTimeout)
    USART3_LPUART1_IRQHandler                0x080031e9   Thumb Code    10  stm32u0xx_it.o(i.USART3_LPUART1_IRQHandler)
    __ARM_common_switch8                     0x080031f9   Thumb Code    28  stm32u0xx_hal_dma.o(i.__ARM_common_switch8)
    __scatterload_copy                       0x08003293   Thumb Code    14  handlers.o(i.__scatterload_copy)
    __scatterload_null                       0x080032a1   Thumb Code     2  handlers.o(i.__scatterload_null)
    __scatterload_zeroinit                   0x080032a3   Thumb Code    14  handlers.o(i.__scatterload_zeroinit)
    main                                     0x080032f1   Thumb Code    42  main.o(i.main)
    pvPortMalloc                             0x08003d99   Thumb Code   250  heap_4.o(i.pvPortMalloc)
    pvTaskIncrementMutexHeldCount            0x08003ea9   Thumb Code    16  tasks.o(i.pvTaskIncrementMutexHeldCount)
    pxPortInitialiseStack                    0x08003ebd   Thumb Code    26  port.o(i.pxPortInitialiseStack)
    shellBackspace                           0x08003f05   Thumb Code    14  shell.o(i.shellBackspace)
    shellCheckPermission                     0x08003f59   Thumb Code    68  shell.o(i.shellCheckPermission)
    shellClear                               0x08003f9d   Thumb Code    24  shell.o(i.shellClear)
    shellClearCommandLine                    0x08003fb9   Thumb Code    40  shell.o(i.shellClearCommandLine)
    shellCmds                                0x08003fe1   Thumb Code    20  shell.o(i.shellCmds)
    shellDelete                              0x08003ff5   Thumb Code    16  shell.o(i.shellDelete)
    shellDeleteByte                          0x08004005   Thumb Code   222  shell.o(i.shellDeleteByte)
    shellDeleteCommandLine                   0x080040e5   Thumb Code    28  shell.o(i.shellDeleteCommandLine)
    shellDown                                0x08004105   Thumb Code    16  shell.o(i.shellDown)
    shellEnter                               0x08004115   Thumb Code    20  shell.o(i.shellEnter)
    shellExec                                0x08004129   Thumb Code   116  shell.o(i.shellExec)
    shellExtParsePara                        0x08004337   Thumb Code   128  shell_ext.o(i.shellExtParsePara)
    shellExtRun                              0x0800442f   Thumb Code   256  shell_ext.o(i.shellExtRun)
    shellGetCurrent                          0x080045e5   Thumb Code    48  shell.o(i.shellGetCurrent)
    shellGetVarValue                         0x08004619   Thumb Code    86  shell.o(i.shellGetVarValue)
    shellHandler                             0x08004671   Thumb Code   262  shell.o(i.shellHandler)
    shellHelp                                0x0800477d   Thumb Code    46  shell.o(i.shellHelp)
    shellInit                                0x080048ed   Thumb Code   142  shell.o(i.shellInit)
    shellInsertByte                          0x0800498d   Thumb Code   248  shell.o(i.shellInsertByte)
    shellKeys                                0x08004a89   Thumb Code    20  shell.o(i.shellKeys)
    shellLeft                                0x08004a9d   Thumb Code    26  shell.o(i.shellLeft)
    shellListAll                             0x08004ab7   Thumb Code    12  shell.o(i.shellListAll)
    shellListCommand                         0x08004ac5   Thumb Code    72  shell.o(i.shellListCommand)
    shellListItem                            0x08004b11   Thumb Code   236  shell.o(i.shellListItem)
    shellListKey                             0x08004c09   Thumb Code    86  shell.o(i.shellListKey)
    shellListUser                            0x08004c65   Thumb Code    86  shell.o(i.shellListUser)
    shellListVar                             0x08004cc1   Thumb Code    86  shell.o(i.shellListVar)
    shellNormalInput                         0x08004d1d   Thumb Code    28  shell.o(i.shellNormalInput)
    shellRight                               0x08004dbb   Thumb Code    30  shell.o(i.shellRight)
    shellRunCommand                          0x08004dd9   Thumb Code   180  shell.o(i.shellRunCommand)
    shellSeekCommand                         0x08004e8d   Thumb Code   130  shell.o(i.shellSeekCommand)
    shellSetUser                             0x08004f11   Thumb Code   100  shell.o(i.shellSetUser)
    shellSetVar                              0x08004f79   Thumb Code   104  shell.o(i.shellSetVar)
    shellSetVarValue                         0x08004fe5   Thumb Code   150  shell.o(i.shellSetVarValue)
    shellSplit                               0x08005145   Thumb Code   250  shell.o(i.shellSplit)
    shellTab                                 0x0800528d   Thumb Code   288  shell.o(i.shellTab)
    shellTask                                0x080053b1   Thumb Code    38  shell.o(i.shellTask)
    shellToDec                               0x080053d7   Thumb Code    90  shell.o(i.shellToDec)
    shellToHex                               0x08005431   Thumb Code    56  shell.o(i.shellToHex)
    shellUp                                  0x08005469   Thumb Code    14  shell.o(i.shellUp)
    shellUsers                               0x08005477   Thumb Code    20  shell.o(i.shellUsers)
    shellVars                                0x0800548b   Thumb Code    20  shell.o(i.shellVars)
    shellWriteString                         0x08005669   Thumb Code    44  shell.o(i.shellWriteString)
    shell_contrel_led                        0x08005695   Thumb Code    10  shell_extend.o(i.shell_contrel_led)
    timers_control_task_init                 0x080056a1   Thumb Code    58  timers_control.o(i.timers_control_task_init)
    userShellInit                            0x080056ed   Thumb Code    64  shell_port.o(i.userShellInit)
    userShellLock                            0x08005761   Thumb Code    20  shell_port.o(i.userShellLock)
    userShellRead                            0x08005779   Thumb Code    54  shell_port.o(i.userShellRead)
    userShellUnlock                          0x080057bd   Thumb Code    22  shell_port.o(i.userShellUnlock)
    userShellWrite                           0x080057d9   Thumb Code    22  shell_port.o(i.userShellWrite)
    uxListRemove                             0x080057f9   Thumb Code    40  list.o(i.uxListRemove)
    uxTaskGetNumberOfTasks                   0x08005821   Thumb Code     6  tasks.o(i.uxTaskGetNumberOfTasks)
    vListInitialise                          0x0800582d   Thumb Code    26  list.o(i.vListInitialise)
    vListInitialiseItem                      0x08005847   Thumb Code     6  list.o(i.vListInitialiseItem)
    vListInsert                              0x0800584d   Thumb Code    54  list.o(i.vListInsert)
    vPortEnterCritical                       0x08005885   Thumb Code    22  port.o(i.vPortEnterCritical)
    vPortExitCritical                        0x080058a1   Thumb Code    22  port.o(i.vPortExitCritical)
    vPortFree                                0x080058bd   Thumb Code    74  heap_4.o(i.vPortFree)
    vPortSetupTimerInterrupt                 0x08005911   Thumb Code    34  port.o(i.vPortSetupTimerInterrupt)
    vPortYield                               0x0800593d   Thumb Code    18  port.o(i.vPortYield)
    vQueueWaitForMessageRestricted           0x08005955   Thumb Code    76  queue.o(i.vQueueWaitForMessageRestricted)
    vTaskDelay                               0x080059a1   Thumb Code    38  tasks.o(i.vTaskDelay)
    vTaskInternalSetTimeOutState             0x080059c9   Thumb Code    14  tasks.o(i.vTaskInternalSetTimeOutState)
    vTaskMissedYield                         0x080059e1   Thumb Code     8  tasks.o(i.vTaskMissedYield)
    vTaskPlaceOnEventList                    0x080059ed   Thumb Code    28  tasks.o(i.vTaskPlaceOnEventList)
    vTaskPlaceOnEventListRestricted          0x08005a0d   Thumb Code    76  tasks.o(i.vTaskPlaceOnEventListRestricted)
    vTaskPriorityDisinheritAfterTimeout      0x08005a5d   Thumb Code   184  tasks.o(i.vTaskPriorityDisinheritAfterTimeout)
    vTaskStartScheduler                      0x08005b1d   Thumb Code    54  tasks.o(i.vTaskStartScheduler)
    vTaskSuspendAll                          0x08005b65   Thumb Code    12  tasks.o(i.vTaskSuspendAll)
    vTaskSwitchContext                       0x08005b75   Thumb Code   106  tasks.o(i.vTaskSwitchContext)
    v_timer1_callback                        0x08005bf5   Thumb Code    22  timers_control.o(i.v_timer1_callback)
    xPortStartScheduler                      0x08005c0d   Thumb Code    48  port.o(i.xPortStartScheduler)
    xPortSysTickHandler                      0x08005c45   Thumb Code    32  port.o(i.xPortSysTickHandler)
    xQueueCreateMutex                        0x08005c69   Thumb Code    30  queue.o(i.xQueueCreateMutex)
    xQueueGenericCreate                      0x08005c87   Thumb Code    86  queue.o(i.xQueueGenericCreate)
    xQueueGenericReset                       0x08005cdd   Thumb Code   148  queue.o(i.xQueueGenericReset)
    xQueueGenericSend                        0x08005d71   Thumb Code   288  queue.o(i.xQueueGenericSend)
    xQueueReceive                            0x08005e91   Thumb Code   238  queue.o(i.xQueueReceive)
    xQueueSemaphoreTake                      0x08005f7f   Thumb Code   298  queue.o(i.xQueueSemaphoreTake)
    xTaskCheckForTimeOut                     0x080060a9   Thumb Code    90  tasks.o(i.xTaskCheckForTimeOut)
    xTaskCreate                              0x0800610d   Thumb Code    50  tasks.o(i.xTaskCreate)
    xTaskGetSchedulerState                   0x08006141   Thumb Code    28  tasks.o(i.xTaskGetSchedulerState)
    xTaskGetTickCount                        0x08006165   Thumb Code     6  tasks.o(i.xTaskGetTickCount)
    xTaskIncrementTick                       0x08006171   Thumb Code   352  tasks.o(i.xTaskIncrementTick)
    xTaskPriorityDisinherit                  0x080062fd   Thumb Code   144  tasks.o(i.xTaskPriorityDisinherit)
    xTaskPriorityInherit                     0x08006395   Thumb Code   204  tasks.o(i.xTaskPriorityInherit)
    xTaskRemoveFromEventList                 0x0800646d   Thumb Code   250  tasks.o(i.xTaskRemoveFromEventList)
    xTaskResumeAll                           0x08006581   Thumb Code   336  tasks.o(i.xTaskResumeAll)
    xTimerCreate                             0x080066f1   Thumb Code    50  timers.o(i.xTimerCreate)
    xTimerCreateTimerTask                    0x08006725   Thumb Code    42  timers.o(i.xTimerCreateTimerTask)
    xTimerGenericCommandFromTask             0x08006765   Thumb Code    82  timers.o(i.xTimerGenericCommandFromTask)
    UARTPrescTable                           0x080067c4   Data          24  stm32u0xx_hal_uart.o(.constdata)
    AHBPrescTable                            0x080067fb   Data          16  system_stm32u0xx.o(.constdata)
    APBPrescTable                            0x0800680b   Data           8  system_stm32u0xx.o(.constdata)
    MSIRangeTable                            0x08006814   Data          48  system_stm32u0xx.o(.constdata)
    shellCmdled                              0x0800684b   Data           4  shell_extend.o(.constdata)
    shellDescled                             0x0800684f   Data          12  shell_extend.o(.constdata)
    shellCmdDefaultUser                      0x0800685b   Data           7  shell.o(.constdata)
    shellPasswordDefaultUser                 0x08006862   Data           1  shell.o(.constdata)
    shellDesDefaultUser                      0x08006863   Data          13  shell.o(.constdata)
    shellCmdsetVar                           0x08006870   Data           7  shell.o(.constdata)
    shellDescsetVar                          0x08006877   Data           8  shell.o(.constdata)
    shellDesc0x1B5B4100                      0x0800687f   Data           3  shell.o(.constdata)
    shellDesc0x1B5B4200                      0x08006882   Data           5  shell.o(.constdata)
    shellDesc0x1B5B4300                      0x08006887   Data           6  shell.o(.constdata)
    shellDesc0x1B5B4400                      0x0800688d   Data           5  shell.o(.constdata)
    shellDesc0x09000000                      0x08006892   Data           4  shell.o(.constdata)
    shellDesc0x08000000                      0x08006896   Data          10  shell.o(.constdata)
    shellDesc0x7F000000                      0x080068a0   Data          10  shell.o(.constdata)
    shellDesc0x1B5B337E                      0x080068aa   Data           7  shell.o(.constdata)
    shellDesc0x0A000000                      0x080068b1   Data           6  shell.o(.constdata)
    shellDesc0x0D000000                      0x080068b7   Data           6  shell.o(.constdata)
    shellCmdhelp                             0x080068bd   Data           5  shell.o(.constdata)
    shellDeschelp                            0x080068c2   Data          30  shell.o(.constdata)
    shellCmdusers                            0x080068e0   Data           6  shell.o(.constdata)
    shellDescusers                           0x080068e6   Data          14  shell.o(.constdata)
    shellCmdcmds                             0x080068f4   Data           5  shell.o(.constdata)
    shellDesccmds                            0x080068f9   Data          13  shell.o(.constdata)
    shellCmdvars                             0x08006906   Data           5  shell.o(.constdata)
    shellDescvars                            0x0800690b   Data          13  shell.o(.constdata)
    shellCmdkeys                             0x08006918   Data           5  shell.o(.constdata)
    shellDesckeys                            0x0800691d   Data          13  shell.o(.constdata)
    shellCmdclear                            0x0800692a   Data           6  shell.o(.constdata)
    shellDescclear                           0x08006930   Data          14  shell.o(.constdata)
    Region$$Table$$Base                      0x08006be4   Number         0  anon$$obj.o(Region$$Table)
    Region$$Table$$Limit                     0x08006c04   Number         0  anon$$obj.o(Region$$Table)
    shellCommand$$Base                       0x08006c04   Number         0  shell_extend.o(shellCommand)
    shellCommandled                          0x08006c04   Data          16  shell_extend.o(shellCommand)
    shellUserDefault                         0x08006c14   Data          16  shell.o(shellCommand)
    shellCommandsetVar                       0x08006c24   Data          16  shell.o(shellCommand)
    shellKey0x1B5B4100                       0x08006c34   Data          16  shell.o(shellCommand)
    shellKey0x1B5B4200                       0x08006c44   Data          16  shell.o(shellCommand)
    shellKey0x1B5B4300                       0x08006c54   Data          16  shell.o(shellCommand)
    shellKey0x1B5B4400                       0x08006c64   Data          16  shell.o(shellCommand)
    shellKey0x09000000                       0x08006c74   Data          16  shell.o(shellCommand)
    shellKey0x08000000                       0x08006c84   Data          16  shell.o(shellCommand)
    shellKey0x7F000000                       0x08006c94   Data          16  shell.o(shellCommand)
    shellKey0x1B5B337E                       0x08006ca4   Data          16  shell.o(shellCommand)
    shellKey0x0A000000                       0x08006cb4   Data          16  shell.o(shellCommand)
    shellKey0x0D000000                       0x08006cc4   Data          16  shell.o(shellCommand)
    shellCommandhelp                         0x08006cd4   Data          16  shell.o(shellCommand)
    shellCommandusers                        0x08006ce4   Data          16  shell.o(shellCommand)
    shellCommandcmds                         0x08006cf4   Data          16  shell.o(shellCommand)
    shellCommandvars                         0x08006d04   Data          16  shell.o(shellCommand)
    shellCommandkeys                         0x08006d14   Data          16  shell.o(shellCommand)
    shellCommandclear                        0x08006d24   Data          16  shell.o(shellCommand)
    shellCommand$$Limit                      0x08006d34   Number         0  shell.o(shellCommand)
    xCreatedEventGroup                       0x20000004   Data           4  main.o(.data)
    xStructQueue                             0x20000008   Data           4  main.o(.data)
    uwTick                                   0x2000000c   Data           4  stm32u0xx_hal.o(.data)
    uwTickPrio                               0x20000010   Data           4  stm32u0xx_hal.o(.data)
    uwTickFreq                               0x20000014   Data           4  stm32u0xx_hal.o(.data)
    SystemCoreClock                          0x20000018   Data           4  system_stm32u0xx.o(.data)
    pxCurrentTCB                             0x2000001c   Data           4  tasks.o(.data)
    pairedChars                              0x200000e8   Data           2  shell.o(.data)
    xMessage                                 0x200000f4   Data          21  main.o(.bss)
    hlpuart1                                 0x2000010c   Data         148  usart.o(.bss)
    shell                                    0x20002b14   Data         116  shell_port.o(.bss)
    shellBuffer                              0x20002b88   Data         512  shell_port.o(.bss)
    test_buf                                 0x20002d88   Data         512  shell_port.o(.bss)
    __initial_sp                             0x20003388   Data           0  startup_stm32u083xx.o(STACK)



==============================================================================

Memory Map of the image

  Image Entry point : 0x080000c1

  Load Region LR_IROM1 (Base: 0x08000000, Size: 0x00006e28, Max: 0x00040000, ABSOLUTE)

    Execution Region ER_IROM1 (Exec base: 0x08000000, Load base: 0x08000000, Size: 0x00006d34, Max: 0x00040000, ABSOLUTE)

    Exec Addr    Load Addr    Size         Type   Attr      Idx    E Section Name        Object

    0x08000000   0x08000000   0x000000c0   Data   RO            3    RESET               startup_stm32u083xx.o
    0x080000c0   0x080000c0   0x00000000   Code   RO         4330  * .ARM.Collect$$$$00000000  mc_p.l(entry.o)
    0x080000c0   0x080000c0   0x00000004   Code   RO         4389    .ARM.Collect$$$$00000001  mc_p.l(entry2.o)
    0x080000c4   0x080000c4   0x00000004   Code   RO         4392    .ARM.Collect$$$$00000004  mc_p.l(entry5.o)
    0x080000c8   0x080000c8   0x00000000   Code   RO         4394    .ARM.Collect$$$$00000008  mc_p.l(entry7b.o)
    0x080000c8   0x080000c8   0x00000000   Code   RO         4396    .ARM.Collect$$$$0000000A  mc_p.l(entry8b.o)
    0x080000c8   0x080000c8   0x00000008   Code   RO         4397    .ARM.Collect$$$$0000000B  mc_p.l(entry9a.o)
    0x080000d0   0x080000d0   0x00000004   Code   RO         4404    .ARM.Collect$$$$0000000E  mc_p.l(entry12b.o)
    0x080000d4   0x080000d4   0x00000000   Code   RO         4399    .ARM.Collect$$$$0000000F  mc_p.l(entry10a.o)
    0x080000d4   0x080000d4   0x00000000   Code   RO         4401    .ARM.Collect$$$$00000011  mc_p.l(entry11a.o)
    0x080000d4   0x080000d4   0x00000004   Code   RO         4390    .ARM.Collect$$$$00002712  mc_p.l(entry2.o)
    0x080000d8   0x080000d8   0x00000078   Code   RO         3694    .emb_text           port.o
    0x08000150   0x08000150   0x0000001c   Code   RO            4    .text               startup_stm32u083xx.o
    0x0800016c   0x0800016c   0x0000002c   Code   RO         4333    .text               mc_p.l(uidiv.o)
    0x08000198   0x08000198   0x00000028   Code   RO         4335    .text               mc_p.l(idiv.o)
    0x080001c0   0x080001c0   0x00000060   Code   RO         4337    .text               mc_p.l(uldiv.o)
    0x08000220   0x08000220   0x0000007a   Code   RO         4339    .text               mc_p.l(llmul.o)
    0x0800029a   0x0800029a   0x00000024   Code   RO         4341    .text               mc_p.l(memcpya.o)
    0x080002be   0x080002be   0x00000024   Code   RO         4343    .text               mc_p.l(memseta.o)
    0x080002e2   0x080002e2   0x0000000e   Code   RO         4345    .text               mc_p.l(strlen.o)
    0x080002f0   0x080002f0   0x0000001c   Code   RO         4347    .text               mc_p.l(strcmp.o)
    0x0800030c   0x0800030c   0x0000001e   Code   RO         4349    .text               mc_p.l(strncmp.o)
    0x0800032a   0x0800032a   0x0000007a   Code   RO         4381    .text               mf_p.l(fmul.o)
    0x080003a4   0x080003a4   0x0000007c   Code   RO         4383    .text               mf_p.l(fdiv.o)
    0x08000420   0x08000420   0x00000016   Code   RO         4385    .text               mf_p.l(fflti.o)
    0x08000436   0x08000436   0x0000000e   Code   RO         4387    .text               mf_p.l(ffltui.o)
    0x08000444   0x08000444   0x00000020   Code   RO         4408    .text               mc_p.l(llshl.o)
    0x08000464   0x08000464   0x00000022   Code   RO         4410    .text               mc_p.l(llushr.o)
    0x08000486   0x08000486   0x00000000   Code   RO         4412    .text               mc_p.l(iusefp.o)
    0x08000486   0x08000486   0x00000082   Code   RO         4413    .text               mf_p.l(fepilogue.o)
    0x08000508   0x08000508   0x00000024   Code   RO         4425    .text               mc_p.l(init.o)
    0x0800052c   0x0800052c   0x00000006   Code   RO           12    i.Error_Handler     main.o
    0x08000532   0x08000532   0x0000008c   Code   RO         1094    i.HAL_DMA_Abort     stm32u0xx_hal_dma.o
    0x080005be   0x080005be   0x0000008a   Code   RO         1095    i.HAL_DMA_Abort_IT  stm32u0xx_hal_dma.o
    0x08000648   0x08000648   0x000001f4   Code   RO         1025    i.HAL_GPIO_Init     stm32u0xx_hal_gpio.o
    0x0800083c   0x0800083c   0x00000014   Code   RO         1028    i.HAL_GPIO_TogglePin  stm32u0xx_hal_gpio.o
    0x08000850   0x08000850   0x0000000c   Code   RO         1029    i.HAL_GPIO_WritePin  stm32u0xx_hal_gpio.o
    0x0800085c   0x0800085c   0x0000000c   Code   RO         1595    i.HAL_GetTick       stm32u0xx_hal.o
    0x08000868   0x08000868   0x0000001a   Code   RO         1602    i.HAL_Init          stm32u0xx_hal.o
    0x08000882   0x08000882   0x00000002   PAD
    0x08000884   0x08000884   0x00000060   Code   RO         1603    i.HAL_InitTick      stm32u0xx_hal.o
    0x080008e4   0x080008e4   0x00000044   Code   RO          340    i.HAL_MspInit       stm32u0xx_hal_msp.o
    0x08000928   0x08000928   0x00000024   Code   RO          369    i.HAL_NVIC_EnableIRQ  stm32u0xx_hal_cortex.o
    0x0800094c   0x0800094c   0x00000012   Code   RO          373    i.HAL_NVIC_SetPriority  stm32u0xx_hal_cortex.o
    0x0800095e   0x0800095e   0x00000002   PAD
    0x08000960   0x08000960   0x0000009c   Code   RO         1361    i.HAL_PWREx_ControlVoltageScaling  stm32u0xx_hal_pwr_ex.o
    0x080009fc   0x080009fc   0x00000010   Code   RO         1390    i.HAL_PWREx_GetVoltageRange  stm32u0xx_hal_pwr_ex.o
    0x08000a0c   0x08000a0c   0x00000130   Code   RO          605    i.HAL_RCCEx_GetPLLClockFreq  stm32u0xx_hal_rcc_ex.o
    0x08000b3c   0x08000b3c   0x000006e4   Code   RO          607    i.HAL_RCCEx_GetPeriphCLKFreq  stm32u0xx_hal_rcc_ex.o
    0x08001220   0x08001220   0x0000039c   Code   RO          610    i.HAL_RCCEx_PeriphCLKConfig  stm32u0xx_hal_rcc_ex.o
    0x080015bc   0x080015bc   0x0000019c   Code   RO          489    i.HAL_RCC_ClockConfig  stm32u0xx_hal_rcc.o
    0x08001758   0x08001758   0x0000000c   Code   RO          493    i.HAL_RCC_GetHCLKFreq  stm32u0xx_hal_rcc.o
    0x08001764   0x08001764   0x00000028   Code   RO          495    i.HAL_RCC_GetPCLK1Freq  stm32u0xx_hal_rcc.o
    0x0800178c   0x0800178c   0x0000010c   Code   RO          497    i.HAL_RCC_GetSysClockFreq  stm32u0xx_hal_rcc.o
    0x08001898   0x08001898   0x00000758   Code   RO          500    i.HAL_RCC_OscConfig  stm32u0xx_hal_rcc.o
    0x08001ff0   0x08001ff0   0x00000038   Code   RO          377    i.HAL_SYSTICK_Config  stm32u0xx_hal_cortex.o
    0x08002028   0x08002028   0x00000054   Code   RO         2348    i.HAL_UARTEx_DisableFifoMode  stm32u0xx_hal_uart_ex.o
    0x0800207c   0x0800207c   0x00000002   Code   RO         1926    i.HAL_UARTEx_RxEventCallback  stm32u0xx_hal_uart.o
    0x0800207e   0x0800207e   0x00000002   Code   RO         2356    i.HAL_UARTEx_RxFifoFullCallback  stm32u0xx_hal_uart_ex.o
    0x08002080   0x08002080   0x00000060   Code   RO         2357    i.HAL_UARTEx_SetRxFifoThreshold  stm32u0xx_hal_uart_ex.o
    0x080020e0   0x080020e0   0x0000005e   Code   RO         2358    i.HAL_UARTEx_SetTxFifoThreshold  stm32u0xx_hal_uart_ex.o
    0x0800213e   0x0800213e   0x00000002   Code   RO         2360    i.HAL_UARTEx_TxFifoEmptyCallback  stm32u0xx_hal_uart_ex.o
    0x08002140   0x08002140   0x00000002   Code   RO         2361    i.HAL_UARTEx_WakeupCallback  stm32u0xx_hal_uart_ex.o
    0x08002142   0x08002142   0x00000002   Code   RO         1942    i.HAL_UART_ErrorCallback  stm32u0xx_hal_uart.o
    0x08002144   0x08002144   0x00000446   Code   RO         1945    i.HAL_UART_IRQHandler  stm32u0xx_hal_uart.o
    0x0800258a   0x0800258a   0x00000082   Code   RO         1946    i.HAL_UART_Init     stm32u0xx_hal_uart.o
    0x0800260c   0x0800260c   0x000000ac   Code   RO          258    i.HAL_UART_MspInit  usart.o
    0x080026b8   0x080026b8   0x00000150   Code   RO         1949    i.HAL_UART_Receive  stm32u0xx_hal_uart.o
    0x08002808   0x08002808   0x000000f2   Code   RO         1955    i.HAL_UART_Transmit  stm32u0xx_hal_uart.o
    0x080028fa   0x080028fa   0x00000002   Code   RO         1958    i.HAL_UART_TxCpltCallback  stm32u0xx_hal_uart.o
    0x080028fc   0x080028fc   0x00000004   Code   RO          297    i.HardFault_Handler  stm32u0xx_it.o
    0x08002900   0x08002900   0x00000088   Code   RO          235    i.MX_GPIO_Init      gpio.o
    0x08002988   0x08002988   0x00000084   Code   RO          259    i.MX_LPUART1_UART_Init  usart.o
    0x08002a0c   0x08002a0c   0x00000004   Code   RO          298    i.NMI_Handler       stm32u0xx_it.o
    0x08002a10   0x08002a10   0x000000ac   Code   RO          501    i.RCC_SetFlashLatencyFromMSIRange  stm32u0xx_hal_rcc.o
    0x08002abc   0x08002abc   0x00000002   Code   RO         3695    i.SVC_Handler       port.o
    0x08002abe   0x08002abe   0x00000008   Code   RO          299    i.SysTick_Handler   stm32u0xx_it.o
    0x08002ac6   0x08002ac6   0x00000060   Code   RO           13    i.SystemClock_Config  main.o
    0x08002b26   0x08002b26   0x00000002   PAD
    0x08002b28   0x08002b28   0x00000048   Code   RO         2511    i.SystemInit        system_stm32u0xx.o
    0x08002b70   0x08002b70   0x00000068   Code   RO         2362    i.UARTEx_SetNbDataToProcess  stm32u0xx_hal_uart_ex.o
    0x08002bd8   0x08002bd8   0x000000f0   Code   RO         1960    i.UART_AdvFeatureConfig  stm32u0xx_hal_uart.o
    0x08002cc8   0x08002cc8   0x00000104   Code   RO         1961    i.UART_CheckIdleState  stm32u0xx_hal_uart.o
    0x08002dcc   0x08002dcc   0x00000018   Code   RO         1962    i.UART_DMAAbortOnError  stm32u0xx_hal_uart.o
    0x08002de4   0x08002de4   0x00000084   Code   RO         1972    i.UART_EndRxTransfer  stm32u0xx_hal_uart.o
    0x08002e68   0x08002e68   0x00000038   Code   RO         1973    i.UART_EndTransmit_IT  stm32u0xx_hal_uart.o
    0x08002ea0   0x08002ea0   0x00000294   Code   RO         1979    i.UART_SetConfig    stm32u0xx_hal_uart.o
    0x08003134   0x08003134   0x000000b4   Code   RO         1986    i.UART_WaitOnFlagUntilTimeout  stm32u0xx_hal_uart.o
    0x080031e8   0x080031e8   0x00000010   Code   RO          300    i.USART3_LPUART1_IRQHandler  stm32u0xx_it.o
    0x080031f8   0x080031f8   0x0000001c   Code   RO         1189    i.__ARM_common_switch8  stm32u0xx_hal_dma.o
    0x08003214   0x08003214   0x00000078   Code   RO          379    i.__NVIC_SetPriority  stm32u0xx_hal_cortex.o
    0x0800328c   0x0800328c   0x00000006   Code   RO         1987    i.__get_PRIMASK     stm32u0xx_hal_uart.o
    0x08003292   0x08003292   0x0000000e   Code   RO         4437    i.__scatterload_copy  mc_p.l(handlers.o)
    0x080032a0   0x080032a0   0x00000002   Code   RO         4438    i.__scatterload_null  mc_p.l(handlers.o)
    0x080032a2   0x080032a2   0x0000000e   Code   RO         4439    i.__scatterload_zeroinit  mc_p.l(handlers.o)
    0x080032b0   0x080032b0   0x00000006   Code   RO         1988    i.__set_PRIMASK     stm32u0xx_hal_uart.o
    0x080032b6   0x080032b6   0x00000002   PAD
    0x080032b8   0x080032b8   0x0000002c   Code   RO           14    i.app_init          main.o
    0x080032e4   0x080032e4   0x0000000a   Code   RO           15    i.app_thread        main.o
    0x080032ee   0x080032ee   0x00000002   PAD
    0x080032f0   0x080032f0   0x00000030   Code   RO           18    i.main              main.o
    0x08003320   0x08003320   0x000000b0   Code   RO         3085    i.prvAddCurrentTaskToDelayedList  tasks.o
    0x080033d0   0x080033d0   0x000000e0   Code   RO         3086    i.prvAddNewTaskToReadyList  tasks.o
    0x080034b0   0x080034b0   0x00000050   Code   RO         3453    i.prvCheckForValidListAndQueue  timers.o
    0x08003500   0x08003500   0x00000048   Code   RO         3087    i.prvCheckTasksWaitingTermination  tasks.o
    0x08003548   0x08003548   0x0000002c   Code   RO         2698    i.prvCopyDataFromQueue  queue.o
    0x08003574   0x08003574   0x00000080   Code   RO         2699    i.prvCopyDataToQueue  queue.o
    0x080035f4   0x080035f4   0x0000006c   Code   RO         3088    i.prvCreateIdleTasks  tasks.o
    0x08003660   0x08003660   0x00000058   Code   RO         3089    i.prvCreateTask     tasks.o
    0x080036b8   0x080036b8   0x00000012   Code   RO         3090    i.prvDeleteTCB      tasks.o
    0x080036ca   0x080036ca   0x00000016   Code   RO         2700    i.prvGetDisinheritPriorityAfterTimeout  queue.o
    0x080036e0   0x080036e0   0x0000002c   Code   RO         3454    i.prvGetNextExpireTime  timers.o
    0x0800370c   0x0800370c   0x00000070   Code   RO         3618    i.prvHeapInit       heap_4.o
    0x0800377c   0x0800377c   0x00000018   Code   RO         3091    i.prvIdleTask       tasks.o
    0x08003794   0x08003794   0x00000020   Code   RO         2701    i.prvInitialiseMutex  queue.o
    0x080037b4   0x080037b4   0x00000026   Code   RO         2702    i.prvInitialiseNewQueue  queue.o
    0x080037da   0x080037da   0x00000080   Code   RO         3092    i.prvInitialiseNewTask  tasks.o
    0x0800385a   0x0800385a   0x00000036   Code   RO         3455    i.prvInitialiseNewTimer  timers.o
    0x08003890   0x08003890   0x00000064   Code   RO         3093    i.prvInitialiseTaskLists  tasks.o
    0x080038f4   0x080038f4   0x00000068   Code   RO         3619    i.prvInsertBlockIntoFreeList  heap_4.o
    0x0800395c   0x0800395c   0x00000054   Code   RO         3456    i.prvInsertTimerInActiveList  timers.o
    0x080039b0   0x080039b0   0x0000001c   Code   RO         2703    i.prvIsQueueEmpty   queue.o
    0x080039cc   0x080039cc   0x0000001e   Code   RO         2704    i.prvIsQueueFull    queue.o
    0x080039ea   0x080039ea   0x00000062   Code   RO         2705    i.prvNotifyQueueSetContainer  queue.o
    0x08003a4c   0x08003a4c   0x00000044   Code   RO         3457    i.prvProcessExpiredTimer  timers.o
    0x08003a90   0x08003a90   0x0000010c   Code   RO         3458    i.prvProcessReceivedCommands  timers.o
    0x08003b9c   0x08003b9c   0x0000006c   Code   RO         3459    i.prvProcessTimerOrBlockTask  timers.o
    0x08003c08   0x08003c08   0x00000028   Code   RO         3460    i.prvReloadTimer    timers.o
    0x08003c30   0x08003c30   0x00000034   Code   RO         3094    i.prvResetNextTaskUnblockTime  tasks.o
    0x08003c64   0x08003c64   0x0000002c   Code   RO         3461    i.prvSampleTimeNow  timers.o
    0x08003c90   0x08003c90   0x00000044   Code   RO         3462    i.prvSwitchTimerLists  timers.o
    0x08003cd4   0x08003cd4   0x00000006   Code   RO         3696    i.prvTaskExitError  port.o
    0x08003cda   0x08003cda   0x0000001a   Code   RO         3463    i.prvTimerTask      timers.o
    0x08003cf4   0x08003cf4   0x000000a4   Code   RO         2706    i.prvUnlockQueue    queue.o
    0x08003d98   0x08003d98   0x00000110   Code   RO         3621    i.pvPortMalloc      heap_4.o
    0x08003ea8   0x08003ea8   0x00000014   Code   RO         3096    i.pvTaskIncrementMutexHeldCount  tasks.o
    0x08003ebc   0x08003ebc   0x00000020   Code   RO         3697    i.pxPortInitialiseStack  port.o
    0x08003edc   0x08003edc   0x00000028   Code   RO         3847    i.shellAdd          shell.o
    0x08003f04   0x08003f04   0x0000000e   Code   RO         3848    i.shellBackspace    shell.o
    0x08003f12   0x08003f12   0x00000002   PAD
    0x08003f14   0x08003f14   0x00000044   Code   RO         3849    i.shellCheckPassword  shell.o
    0x08003f58   0x08003f58   0x00000044   Code   RO         3850    i.shellCheckPermission  shell.o
    0x08003f9c   0x08003f9c   0x0000001c   Code   RO         3851    i.shellClear        shell.o
    0x08003fb8   0x08003fb8   0x00000028   Code   RO         3852    i.shellClearCommandLine  shell.o
    0x08003fe0   0x08003fe0   0x00000014   Code   RO         3853    i.shellCmds         shell.o
    0x08003ff4   0x08003ff4   0x00000010   Code   RO         3854    i.shellDelete       shell.o
    0x08004004   0x08004004   0x000000de   Code   RO         3855    i.shellDeleteByte   shell.o
    0x080040e2   0x080040e2   0x00000002   PAD
    0x080040e4   0x080040e4   0x00000020   Code   RO         3856    i.shellDeleteCommandLine  shell.o
    0x08004104   0x08004104   0x00000010   Code   RO         3857    i.shellDown         shell.o
    0x08004114   0x08004114   0x00000014   Code   RO         3858    i.shellEnter        shell.o
    0x08004128   0x08004128   0x0000007c   Code   RO         3859    i.shellExec         shell.o
    0x080041a4   0x080041a4   0x0000005a   Code   RO         4227    i.shellExtNumType   shell_ext.o
    0x080041fe   0x080041fe   0x00000052   Code   RO         4228    i.shellExtParseChar  shell_ext.o
    0x08004250   0x08004250   0x000000e6   Code   RO         4229    i.shellExtParseNumber  shell_ext.o
    0x08004336   0x08004336   0x00000080   Code   RO         4230    i.shellExtParsePara  shell_ext.o
    0x080043b6   0x080043b6   0x0000004a   Code   RO         4231    i.shellExtParseString  shell_ext.o
    0x08004400   0x08004400   0x0000002e   Code   RO         4232    i.shellExtParseVar  shell_ext.o
    0x0800442e   0x0800442e   0x00000100   Code   RO         4233    i.shellExtRun       shell_ext.o
    0x0800452e   0x0800452e   0x00000036   Code   RO         4234    i.shellExtToNum     shell_ext.o
    0x08004564   0x08004564   0x00000030   Code   RO         3860    i.shellGetCommandDesc  shell.o
    0x08004594   0x08004594   0x00000050   Code   RO         3861    i.shellGetCommandName  shell.o
    0x080045e4   0x080045e4   0x00000034   Code   RO         3862    i.shellGetCurrent   shell.o
    0x08004618   0x08004618   0x00000056   Code   RO         3863    i.shellGetVarValue  shell.o
    0x0800466e   0x0800466e   0x00000002   PAD
    0x08004670   0x08004670   0x0000010c   Code   RO         3864    i.shellHandler      shell.o
    0x0800477c   0x0800477c   0x0000002e   Code   RO         3865    i.shellHelp         shell.o
    0x080047aa   0x080047aa   0x000000c0   Code   RO         3866    i.shellHistory      shell.o
    0x0800486a   0x0800486a   0x00000080   Code   RO         3867    i.shellHistoryAdd   shell.o
    0x080048ea   0x080048ea   0x00000002   PAD
    0x080048ec   0x080048ec   0x000000a0   Code   RO         3868    i.shellInit         shell.o
    0x0800498c   0x0800498c   0x000000fc   Code   RO         3869    i.shellInsertByte   shell.o
    0x08004a88   0x08004a88   0x00000014   Code   RO         3870    i.shellKeys         shell.o
    0x08004a9c   0x08004a9c   0x0000001a   Code   RO         3871    i.shellLeft         shell.o
    0x08004ab6   0x08004ab6   0x0000000c   Code   RO         3872    i.shellListAll      shell.o
    0x08004ac2   0x08004ac2   0x00000002   PAD
    0x08004ac4   0x08004ac4   0x0000004c   Code   RO         3873    i.shellListCommand  shell.o
    0x08004b10   0x08004b10   0x000000f8   Code   RO         3874    i.shellListItem     shell.o
    0x08004c08   0x08004c08   0x0000005c   Code   RO         3875    i.shellListKey      shell.o
    0x08004c64   0x08004c64   0x0000005c   Code   RO         3876    i.shellListUser     shell.o
    0x08004cc0   0x08004cc0   0x0000005c   Code   RO         3877    i.shellListVar      shell.o
    0x08004d1c   0x08004d1c   0x0000001c   Code   RO         3878    i.shellNormalInput  shell.o
    0x08004d38   0x08004d38   0x0000001a   Code   RO         3879    i.shellParserParam  shell.o
    0x08004d52   0x08004d52   0x00000068   Code   RO         3882    i.shellRemoveParamQuotes  shell.o
    0x08004dba   0x08004dba   0x0000001e   Code   RO         3883    i.shellRight        shell.o
    0x08004dd8   0x08004dd8   0x000000b4   Code   RO         3885    i.shellRunCommand   shell.o
    0x08004e8c   0x08004e8c   0x00000082   Code   RO         3886    i.shellSeekCommand  shell.o
    0x08004f0e   0x08004f0e   0x00000002   PAD
    0x08004f10   0x08004f10   0x00000068   Code   RO         3887    i.shellSetUser      shell.o
    0x08004f78   0x08004f78   0x0000006c   Code   RO         3888    i.shellSetVar       shell.o
    0x08004fe4   0x08004fe4   0x0000009c   Code   RO         3889    i.shellSetVarValue  shell.o
    0x08005080   0x08005080   0x000000c4   Code   RO         3890    i.shellShowVar      shell.o
    0x08005144   0x08005144   0x00000100   Code   RO         3891    i.shellSplit        shell.o
    0x08005244   0x08005244   0x0000002e   Code   RO         3892    i.shellStringCompare  shell.o
    0x08005272   0x08005272   0x00000018   Code   RO         3893    i.shellStringCopy   shell.o
    0x0800528a   0x0800528a   0x00000002   PAD
    0x0800528c   0x0800528c   0x00000124   Code   RO         3894    i.shellTab          shell.o
    0x080053b0   0x080053b0   0x00000026   Code   RO         3895    i.shellTask         shell.o
    0x080053d6   0x080053d6   0x0000005a   Code   RO         3896    i.shellToDec        shell.o
    0x08005430   0x08005430   0x00000038   Code   RO         3897    i.shellToHex        shell.o
    0x08005468   0x08005468   0x0000000e   Code   RO         3898    i.shellUp           shell.o
    0x08005476   0x08005476   0x00000014   Code   RO         3899    i.shellUsers        shell.o
    0x0800548a   0x0800548a   0x00000014   Code   RO         3900    i.shellVars         shell.o
    0x0800549e   0x0800549e   0x0000000e   Code   RO         3901    i.shellWriteByte    shell.o
    0x080054ac   0x080054ac   0x0000005c   Code   RO         3902    i.shellWriteCommandDesc  shell.o
    0x08005508   0x08005508   0x00000068   Code   RO         3903    i.shellWriteCommandHelp  shell.o
    0x08005570   0x08005570   0x00000070   Code   RO         3904    i.shellWritePrompt  shell.o
    0x080055e0   0x080055e0   0x00000088   Code   RO         3905    i.shellWriteReturnValue  shell.o
    0x08005668   0x08005668   0x0000002c   Code   RO         3906    i.shellWriteString  shell.o
    0x08005694   0x08005694   0x0000000a   Code   RO         3777    i.shell_contrel_led  shell_extend.o
    0x0800569e   0x0800569e   0x00000002   PAD
    0x080056a0   0x080056a0   0x0000004c   Code   RO         3820    i.timers_control_task_init  timers_control.o
    0x080056ec   0x080056ec   0x00000074   Code   RO         4278    i.userShellInit     shell_port.o
    0x08005760   0x08005760   0x00000018   Code   RO         4279    i.userShellLock     shell_port.o
    0x08005778   0x08005778   0x00000044   Code   RO         4280    i.userShellRead     shell_port.o
    0x080057bc   0x080057bc   0x0000001c   Code   RO         4281    i.userShellUnlock   shell_port.o
    0x080057d8   0x080057d8   0x00000020   Code   RO         4282    i.userShellWrite    shell_port.o
    0x080057f8   0x080057f8   0x00000028   Code   RO         2652    i.uxListRemove      list.o
    0x08005820   0x08005820   0x0000000c   Code   RO         3101    i.uxTaskGetNumberOfTasks  tasks.o
    0x0800582c   0x0800582c   0x0000001a   Code   RO         2653    i.vListInitialise   list.o
    0x08005846   0x08005846   0x00000006   Code   RO         2654    i.vListInitialiseItem  list.o
    0x0800584c   0x0800584c   0x00000036   Code   RO         2655    i.vListInsert       list.o
    0x08005882   0x08005882   0x00000002   PAD
    0x08005884   0x08005884   0x0000001c   Code   RO         3699    i.vPortEnterCritical  port.o
    0x080058a0   0x080058a0   0x0000001c   Code   RO         3700    i.vPortExitCritical  port.o
    0x080058bc   0x080058bc   0x00000054   Code   RO         3622    i.vPortFree         heap_4.o
    0x08005910   0x08005910   0x0000002c   Code   RO         3701    i.vPortSetupTimerInterrupt  port.o
    0x0800593c   0x0800593c   0x00000018   Code   RO         3702    i.vPortYield        port.o
    0x08005954   0x08005954   0x0000004c   Code   RO         2713    i.vQueueWaitForMessageRestricted  queue.o
    0x080059a0   0x080059a0   0x00000026   Code   RO         3105    i.vTaskDelay        tasks.o
    0x080059c6   0x080059c6   0x00000002   PAD
    0x080059c8   0x080059c8   0x00000018   Code   RO         3109    i.vTaskInternalSetTimeOutState  tasks.o
    0x080059e0   0x080059e0   0x0000000c   Code   RO         3110    i.vTaskMissedYield  tasks.o
    0x080059ec   0x080059ec   0x00000020   Code   RO         3111    i.vTaskPlaceOnEventList  tasks.o
    0x08005a0c   0x08005a0c   0x00000050   Code   RO         3112    i.vTaskPlaceOnEventListRestricted  tasks.o
    0x08005a5c   0x08005a5c   0x000000c0   Code   RO         3114    i.vTaskPriorityDisinheritAfterTimeout  tasks.o
    0x08005b1c   0x08005b1c   0x00000048   Code   RO         3120    i.vTaskStartScheduler  tasks.o
    0x08005b64   0x08005b64   0x00000010   Code   RO         3122    i.vTaskSuspendAll   tasks.o
    0x08005b74   0x08005b74   0x00000080   Code   RO         3123    i.vTaskSwitchContext  tasks.o
    0x08005bf4   0x08005bf4   0x00000016   Code   RO         3821    i.v_timer1_callback  timers_control.o
    0x08005c0a   0x08005c0a   0x00000002   PAD
    0x08005c0c   0x08005c0c   0x00000038   Code   RO         3703    i.xPortStartScheduler  port.o
    0x08005c44   0x08005c44   0x00000024   Code   RO         3704    i.xPortSysTickHandler  port.o
    0x08005c68   0x08005c68   0x0000001e   Code   RO         2715    i.xQueueCreateMutex  queue.o
    0x08005c86   0x08005c86   0x00000056   Code   RO         2717    i.xQueueGenericCreate  queue.o
    0x08005cdc   0x08005cdc   0x00000094   Code   RO         2718    i.xQueueGenericReset  queue.o
    0x08005d70   0x08005d70   0x00000120   Code   RO         2719    i.xQueueGenericSend  queue.o
    0x08005e90   0x08005e90   0x000000ee   Code   RO         2726    i.xQueueReceive     queue.o
    0x08005f7e   0x08005f7e   0x0000012a   Code   RO         2731    i.xQueueSemaphoreTake  queue.o
    0x080060a8   0x080060a8   0x00000064   Code   RO         3125    i.xTaskCheckForTimeOut  tasks.o
    0x0800610c   0x0800610c   0x00000032   Code   RO         3126    i.xTaskCreate       tasks.o
    0x0800613e   0x0800613e   0x00000002   PAD
    0x08006140   0x08006140   0x00000024   Code   RO         3134    i.xTaskGetSchedulerState  tasks.o
    0x08006164   0x08006164   0x0000000c   Code   RO         3135    i.xTaskGetTickCount  tasks.o
    0x08006170   0x08006170   0x0000018c   Code   RO         3137    i.xTaskIncrementTick  tasks.o
    0x080062fc   0x080062fc   0x00000098   Code   RO         3138    i.xTaskPriorityDisinherit  tasks.o
    0x08006394   0x08006394   0x000000d8   Code   RO         3139    i.xTaskPriorityInherit  tasks.o
    0x0800646c   0x0800646c   0x00000114   Code   RO         3140    i.xTaskRemoveFromEventList  tasks.o
    0x08006580   0x08006580   0x00000170   Code   RO         3141    i.xTaskResumeAll    tasks.o
    0x080066f0   0x080066f0   0x00000032   Code   RO         3469    i.xTimerCreate      timers.o
    0x08006722   0x08006722   0x00000002   PAD
    0x08006724   0x08006724   0x00000040   Code   RO         3470    i.xTimerCreateTimerTask  timers.o
    0x08006764   0x08006764   0x00000058   Code   RO         3472    i.xTimerGenericCommandFromTask  timers.o
    0x080067bc   0x080067bc   0x00000020   Data   RO         1989    .constdata          stm32u0xx_hal_uart.o
    0x080067dc   0x080067dc   0x00000017   Data   RO         2366    .constdata          stm32u0xx_hal_uart_ex.o
    0x080067f3   0x080067f3   0x00000001   PAD
    0x080067f4   0x080067f4   0x00000050   Data   RO         2512    .constdata          system_stm32u0xx.o
    0x08006844   0x08006844   0x00000017   Data   RO         3778    .constdata          shell_extend.o
    0x0800685b   0x0800685b   0x000000e3   Data   RO         3908    .constdata          shell.o
    0x0800693e   0x0800693e   0x00000002   PAD
    0x08006940   0x08006940   0x000002a1   Data   RO         3909    .conststring        shell.o
    0x08006be1   0x08006be1   0x00000003   PAD
    0x08006be4   0x08006be4   0x00000020   Data   RO         4435    Region$$Table       anon$$obj.o
    0x08006c04   0x08006c04   0x00000010   Data   RO         3780    shellCommand        shell_extend.o
    0x08006c14   0x08006c14   0x00000120   Data   RO         3911    shellCommand        shell.o


    Execution Region RW_IRAM1 (Exec base: 0x20000000, Load base: 0x08006d34, Size: 0x00003388, Max: 0x00008000, ABSOLUTE)

    Exec Addr    Load Addr    Size         Type   Attr      Idx    E Section Name        Object

    0x20000000   0x08006d34   0x0000000c   Data   RW           21    .data               main.o
    0x2000000c   0x08006d40   0x0000000c   Data   RW         1627    .data               stm32u0xx_hal.o
    0x20000018   0x08006d4c   0x00000004   Data   RW         2513    .data               system_stm32u0xx.o
    0x2000001c   0x08006d50   0x00000040   Data   RW         3145    .data               tasks.o
    0x2000005c   0x08006d90   0x00000014   Data   RW         3480    .data               timers.o
    0x20000070   0x08006da4   0x0000001c   Data   RW         3630    .data               heap_4.o
    0x2000008c   0x08006dc0   0x00000004   Data   RW         3706    .data               port.o
    0x20000090   0x08006dc4   0x00000004   Data   RW         3823    .data               timers_control.o
    0x20000094   0x08006dc8   0x00000056   Data   RW         3910    .data               shell.o
    0x200000ea   0x08006e1e   0x00000002   PAD
    0x200000ec   0x08006e20   0x00000008   Data   RW         4285    .data               shell_port.o
    0x200000f4        -       0x00000015   Zero   RW           19    .bss                main.o
    0x20000109   0x08006e28   0x00000003   PAD
    0x2000010c        -       0x00000094   Zero   RW          260    .bss                usart.o
    0x200001a0        -       0x0000012c   Zero   RW         3143    .bss                tasks.o
    0x200002cc        -       0x00000028   Zero   RW         3478    .bss                timers.o
    0x200002f4        -       0x00002800   Zero   RW         3628    .bss                heap_4.o
    0x20002af4        -       0x0000001d   Zero   RW         3907    .bss                shell.o
    0x20002b11   0x08006e28   0x00000003   PAD
    0x20002b14        -       0x00000474   Zero   RW         4283    .bss                shell_port.o
    0x20002f88        -       0x00000400   Zero   RW            1    STACK               startup_stm32u083xx.o


==============================================================================

Image component sizes


      Code (inc. data)   RO Data    RW Data    ZI Data      Debug   Object Name

         0          0          0          0          0       2564   event_groups.o
       136          8          0          0          0        855   gpio.o
       572         62          0         28      10240       4963   heap_4.o
       126          0          0          0          0       2657   list.o
       204         26          0         12         21     573812   main.o
       376         56          0          4          0       6955   port.o
      1748          0          0          0          0      16526   queue.o
      5098        242       1188         86         29      41457   shell.o
       960         10          0          0          0       6994   shell_ext.o
        10          0         39          0          0       1391   shell_extend.o
       268         86          0          8       1140       4000   shell_port.o
        28          8        192          0       1024        620   startup_stm32u083xx.o
       134         20          0         12          0       2735   stm32u0xx_hal.o
       230         26          0          0          0      12085   stm32u0xx_hal_cortex.o
       306          0          0          0          0       1775   stm32u0xx_hal_dma.o
         0          0          0          0          0       2524   stm32u0xx_hal_flash.o
       532         26          0          0          0       2569   stm32u0xx_hal_gpio.o
        68          6          0          0          0        810   stm32u0xx_hal_msp.o
       172         16          0          0          0       1282   stm32u0xx_hal_pwr_ex.o
      2784        102          0          0          0       6937   stm32u0xx_hal_rcc.o
      2992         60          0          0          0       4341   stm32u0xx_hal_rcc_ex.o
      3372         82         32          0          0      32675   stm32u0xx_hal_uart.o
       384         10         23          0          0       5370   stm32u0xx_hal_uart_ex.o
        32          6          0          0          0       1744   stm32u0xx_it.o
         0          0          0          0          0        392   stream_buffer.o
        72          8         80          4          0       1245   system_stm32u0xx.o
      3222        354          0         64        300      31604   tasks.o
      1086        104          0         20         40      13650   timers.o
        98         18          0          4          0       1727   timers_control.o
       304         20          0          0        148       1761   usart.o

    ----------------------------------------------------------------------
     25350       1356       1592        244      12948     788020   Object Totals
         0          0         32          0          0          0   (incl. Generated)
        36          0          6          2          6          0   (incl. Padding)

    ----------------------------------------------------------------------

      Code (inc. data)   RO Data    RW Data    ZI Data      Debug   Library Member Name

         0          0          0          0          0          0   entry.o
         0          0          0          0          0          0   entry10a.o
         0          0          0          0          0          0   entry11a.o
         4          0          0          0          0          0   entry12b.o
         8          4          0          0          0          0   entry2.o
         4          0          0          0          0          0   entry5.o
         0          0          0          0          0          0   entry7b.o
         0          0          0          0          0          0   entry8b.o
         8          4          0          0          0          0   entry9a.o
        30          0          0          0          0          0   handlers.o
        40          0          0          0          0         72   idiv.o
        36          8          0          0          0         68   init.o
         0          0          0          0          0          0   iusefp.o
       122          0          0          0          0         84   llmul.o
        32          0          0          0          0         68   llshl.o
        34          0          0          0          0         68   llushr.o
        36          0          0          0          0         60   memcpya.o
        36          0          0          0          0        100   memseta.o
        28          0          0          0          0         68   strcmp.o
        14          0          0          0          0         60   strlen.o
        30          0          0          0          0         72   strncmp.o
        44          0          0          0          0         72   uidiv.o
        96          0          0          0          0         84   uldiv.o
       124          0          0          0          0         72   fdiv.o
       130          0          0          0          0        144   fepilogue.o
        22          0          0          0          0         68   fflti.o
        14          0          0          0          0         68   ffltui.o
       122          0          0          0          0         72   fmul.o

    ----------------------------------------------------------------------
      1014         16          0          0          0       1300   Library Totals
         0          0          0          0          0          0   (incl. Padding)

    ----------------------------------------------------------------------

      Code (inc. data)   RO Data    RW Data    ZI Data      Debug   Library Name

       602         16          0          0          0        876   mc_p.l
       412          0          0          0          0        424   mf_p.l

    ----------------------------------------------------------------------
      1014         16          0          0          0       1300   Library Totals

    ----------------------------------------------------------------------

==============================================================================


      Code (inc. data)   RO Data    RW Data    ZI Data      Debug   

     26364       1372       1592        244      12948     779784   Grand Totals
     26364       1372       1592        244      12948     779784   ELF Image Totals
     26364       1372       1592        244          0          0   ROM Totals

==============================================================================

    Total RO  Size (Code + RO Data)                27956 (  27.30kB)
    Total RW  Size (RW Data + ZI Data)             13192 (  12.88kB)
    Total ROM Size (Code + RO Data + RW Data)      28200 (  27.54kB)

==============================================================================

